Executable      : siesta
Version         : 5.4.2
Architecture    : x86_64
Compiler version: GNU-14.3.0
Compiler flags  : -march=nocona -mtune=haswell -ftree-vectorize -fPIC -fstack-protector-strong -fno-plt -O2 -ffunction-sections -pipe -isystem <prefix>/include -I<prefix>/_build_env/include -fdebug-prefix-map=<prefix>/work=/usr/local/src/conda/siesta-5.4.2 -fdebug-prefix-map=<prefix>=/usr/local/src/conda-prefix -I<prefix>/lib -fallow-argument-mismatch -O3
Parallelisations: none
NetCDF support
NetCDF-4 support
Lua support
DFT-D3 support

Runtime information:
* Directory : /home/UAB/1668068/Documents/TreballFinal/Grafe/Output
* Running in serial mode.
>> Start of run:  21-MAY-2026  12:40:04

                           *********************** 
                           *  WELCOME TO SIESTA  * 
                           *********************** 

 NOTE: Siesta V5 introduces some new defaults for basis-set generation
 NOTE: which might lead to slightly different numerical results.
 NOTE: Please see the manual for full details and compatibility measures.


reinit: Reading from file graphene.fdf

reinit: -----------------------------------------------------------------------
reinit: System Name: 
reinit: -----------------------------------------------------------------------
reinit: System Label: graphene
reinit: -----------------------------------------------------------------------

initatom: Reading input for the pseudopotentials and atomic orbitals ----------
Species number:   1 Atomic number:    6 Label: C

Ground state valence configuration (from tables):   2s02  2p02  3d00  4f00

---- Processing specs for species: C
Reading pseudopotential information in PSML from:
  C.psml
PSML file version: 1.1
Using libxc ids:  101 130
GGA--PBE XC_GGA_X_PBE--XC_GGA_C_PBE pb
PSML uuid: 297821e0-be41-11e7-6802-e1ff7dfff095

---- Pseudopotential check for C 

Pseudized shells:
2s( 2.00) rc: 1.20
2p( 2.00) rc: 1.26
Valence configuration for ps generation: 2s:2p: Total charge:   4.000000
For C, standard SIESTA heuristics set lmxkb to 3
 (one more than the basis l, including polarization orbitals).
Use PS.lmax or PS.KBprojectors blocks to override.
C pseudopotential only contains V_ls up to l=1 -- lmxkb reset.

<basis_specs>
===============================================================================
C                    Z=   6    Mass=  12.011        Charge= 0.17977+309
Lmxo=2 Lmxkb= 1    BasisType=split      Semic=F
L=0  Nsemic=0  Cnfigmx=2
          i=1  nzeta=2  polorb=0  (2s)
            splnorm:   0.15000    
               vcte:    40.000    
               rinn:  -0.90000    
               qcoe:    0.0000    
               qyuk:    0.0000    
               qwid:   0.10000E-01
                rcs:    0.0000      0.0000    
            lambdas:    1.0000      1.0000    
L=1  Nsemic=0  Cnfigmx=2
          i=1  nzeta=2  polorb=1  (2p)  (to be polarized perturbatively)
            splnorm:   0.15000    
               vcte:    40.000    
               rinn:  -0.90000    
               qcoe:    0.0000    
               qyuk:    0.0000    
               qwid:   0.10000E-01
                rcs:    0.0000      0.0000    
            lambdas:    1.0000      1.0000    
L=2  Nsemic=0  Cnfigmx=3
          i=1  nzeta=0  polorb=0  (3d)  (perturbative polarization orbital) (from 2p)
-------------------------------------------------------------------------------
L=0  Nkbl=1  erefs: 0.17977+309
L=1  Nkbl=1  erefs: 0.17977+309
===============================================================================
</basis_specs>

Using PAO.SplitTailNorm
atom: Called for C                     (Z =   6)
NOTE: C pseudopotential has channels up to l= 1
NOTE: PAOs with higher l will be generated with V_local
Maximum radius (at nrval) set to   50.00000 8518

read_vps: Pseudopotential generation method:
read_vps: ONCVPSP-3.Hamann's oncvpsp                        
Valence charge in pseudo generation:    4.00000

read_vps: Pseudopotential includes a core correction:
read_vps: Pseudo-core for xc-correction

xc_check: Exchange-correlation functional:
xc_check: GGA Perdew, Burke & Ernzerhof 1996
Got Vlocal (oncv-fit) from psml data
Choosing vlocal chloc cutoff:  4.122282
qtot up to nchloc:    4.00001153
atom: Maximum radius for chlocal:    4.12228
atom: Maximum radius for r*vlocal+2*Zval:    4.12228
Reading KB projs from C psml data
Using scalar-relativistic projectors in PSML file

PSML: Kleinman-Bylander projectors: 
   l= 0   rc=  1.219773   Ekb= 12.963096
   l= 0   rc=  1.219773   Ekb=  0.771007
   l= 1   rc=  1.278952   Ekb= -8.399923
   l= 1   rc=  1.278952   Ekb= -1.755033

PSML: Total number of  Kleinman-Bylander projectors:   8
atom: -------------------------------------------------------------------------

atom: SANKEY-TYPE ORBITALS:
atom: Selected multiple-zeta basis: split     

SPLIT: Orbitals with angular momentum L= 0

SPLIT: Basis orbitals for state 2s

SPLIT: PAO cut-off radius determined from an
SPLIT: energy shift=  0.022050 Ry
Split based on tail norm

   izeta = 1
                 lambda =    1.000000
                     rc =    4.056692
                 energy =   -0.986303
                kinetic =    1.010795
    potential(screened) =   -1.997097
       potential(ionic) =   -5.588640

   izeta = 2
                 rmatch =    2.893247
              splitnorm =    0.150000
                 energy =   -0.613850
                kinetic =    1.961100
    potential(screened) =   -2.574951
       potential(ionic) =   -6.459313

SPLIT: Orbitals with angular momentum L= 1

SPLIT: Basis orbitals for state 2p

SPLIT: PAO cut-off radius determined from an
SPLIT: energy shift=  0.022050 Ry
Split based on tail norm

   izeta = 1
                 lambda =    1.000000
                     rc =    4.791027
                 energy =   -0.364422
                kinetic =    2.639165
    potential(screened) =   -3.003587
       potential(ionic) =   -6.489368

   izeta = 2
                 rmatch =    3.403813
              splitnorm =    0.150000
                 energy =   -0.189443
                kinetic =    3.967582
    potential(screened) =   -4.157024
       potential(ionic) =   -7.981902
*Note: V_local used for l= 2

** Using vlocal for PAOs with L= 2

POLgen: Perturbative polarization orbital with L=  2

POLgen: Polarization orbital for state 2p
*Note: V_local used for lpol= 2

** Using vlocal for PAOs with L= 2
Split based on tail norm

   izeta = 1
                     rc =    4.791027
                 energy =    1.360757
                kinetic =    2.624160
    potential(screened) =   -1.263403
       potential(ionic) =   -4.243109
atom: Total number of Sankey-type orbitals: 13

atm_pop: Valence configuration (for local Pseudopot. screening):
 2s( 2.00)                                                            
 2p( 2.00)                                                            
 3d( 0.00)                                                            
Vna: chval, zval:    4.00000   4.00000

Vna:  Cut-off radius for the neutral-atom potential:   4.791027
comcore: Pseudo-core radius Rcore=  1.671741

atom: _________________________________________________________________________

prinput: Basis input 

PAO.BasisType split     

%block ChemicalSpeciesLabel
    1    6 C                       # Species index, atomic number, species label
%endblock ChemicalSpeciesLabel

%block PAO.Basis                 # Define Basis set
# WARNING: This information might be incomplete!
C                     2                    # Species label, number of l-shells
 n=2   0   2                         # n, l, Nzeta 
   4.057      2.893   
   1.000      1.000   
 n=2   1   2 P   1                   # n, l, Nzeta, Polarization, NzetaPol
   4.791      3.404   
   1.000      1.000   
%endblock PAO.Basis

prinput: ----------------------------------------------------------------------

Dumping basis to NetCDF file C.ion.nc
coor:   Atomic-coordinates input format  =     Cartesian coordinates
coor:                                          (in Angstroms)

siesta: Atomic coordinates (Bohr) and species
siesta:      0.00000   0.00000   0.00000  1        1
siesta:      2.68341   0.00000   0.00000  1        2

siesta: System type = slab      

initatomlists: Number of atoms, orbitals, and projectors:      2    26    16

coxmol: Writing XMOL coordinates into file graphene.xyz                                                                                                                                                                                                                        

siesta: ******************** Simulation parameters ****************************
siesta:
siesta: The following are some of the parameters of the simulation.
siesta: A complete list of the parameters used, including default values,
siesta: can be found in file out.fdf
siesta:
redata: Spin configuration                          = none
redata: Number of spin components                   = 1
redata: Time-Reversal Symmetry                      = T
redata: Spin spiral                                 = F
redata: Long output                                 =   F
redata: Number of Atomic Species                    =        1
redata: Charge density info will appear in .RHO file
redata: Write Mulliken charges (when)               = none
redata: Write Mulliken Pop.                         = NO
redata: Write Hirshfeld charges (when)              = none
redata: Write Voronoi charges (when)                = none
redata: Write spin charge (when)                    = none
redata: Matel table size (NRTAB)                    =     1024
redata: Mesh Cutoff                                 =   300.0000 Ry
redata: Net charge of the system                    =     0.0000 |e|
redata: Min. number of SCF Iter                     =        0
redata: Max. number of SCF Iter                     =     1000
redata: SCF convergence failure will abort job
redata: SCF mix quantity                            = Hamiltonian
redata: Mix DM or H after convergence               =   F
redata: Recompute H after scf cycle                 =   F
redata: Mix DM in first SCF step                    =   T
redata: Write Pulay info on disk                    =   F
redata: New DM Occupancy tolerance                  = 0.000000000001
redata: No kicks to SCF
redata: DM Mixing Weight for Kicks                  =     0.5000
redata: Require Harris convergence for SCF          =   F
redata: Harris energy tolerance for SCF             =     0.000100 eV
redata: Require DM convergence for SCF              =   T
redata: DM tolerance for SCF                        =     0.000100
redata: Require EDM convergence for SCF             =   F
redata: EDM tolerance for SCF                       =     0.001000 eV
redata: Require H convergence for SCF               =   T
redata: Hamiltonian tolerance for SCF               =     0.001000 eV
redata: Require (free) Energy convergence for SCF   =   F
redata: (free) Energy tolerance for SCF             =     0.000100 eV
redata: Using DFT-D3 dispersion                     =   F
redata: Using Saved Data (generic)                  =   F
redata: Use continuation files for DM               =   T
redata: Neglect nonoverlap interactions             =   F
redata: Method of Calculation                       = Diagonalization
redata: Electronic Temperature                      =   300.0000 K
redata: Fix the spin of the system                  =   F
redata: Max. number of TDED Iter                    =        1
redata: Number of TDED substeps                     =        3
redata: Dynamics option                             = Single-point calculation
mix.SCF: Pulay mixing                            = Pulay
mix.SCF:    Variant                              = stable
mix.SCF:    History steps                        = 2
mix.SCF:    Linear mixing weight                 =     0.250000
mix.SCF:    Mixing weight                        =     0.250000
mix.SCF:    SVD condition                        = 0.1000E-07
redata: Save all siesta data in one NC              =   F
redata: ***********************************************************************

%block SCF.Mixers
  Pulay
%endblock SCF.Mixers

%block SCF.Mixer.Pulay
  # Mixing method
  method pulay
  variant stable

  # Mixing options
  weight 0.2500
  weight.linear 0.2500
  history 2
%endblock SCF.Mixer.Pulay

DM_history_depth set to one: no extrapolation allowed by default for geometry relaxation
Size of DM history Fstack: 1
Total number of electrons:     8.000000
Total ionic charge:     8.000000
 Kpoints in:          120 . Kpoints trimmed:          113

siesta: k-grid: Number of k-points = 113
siesta: k-points from Monkhorst-Pack grid
siesta: k-cutoff (effective) =    10.000 Ang
siesta: k-point supercell and displacements
siesta: k-grid:    15     0     0      0.000
siesta: k-grid:     0    15     0      0.000
siesta: k-grid:     0     0     1      0.000

diag: Algorithm                                     = D&C
diag: Used triangular part                          = Lower
diag: Absolute tolerance                            =  0.100E-15
diag: Orthogonalization factor                      =  0.100E-05
diag: Memory factor                                 =  1.0000

superc: Internal auxiliary supercell:     5 x     5 x     1  =      25
superc: Number of atoms, orbitals, and projectors:     50    650    400


ts: **************************************************************
ts: Save H and S matrices                           =    F
ts: Save TSHS files in MD/FC simulation             =    F
ts: Save DM and EDM matrices                        =    F
ts: Only save the overlap matrix S                  =    F
ts: **************************************************************

************************ Begin: TS CHECKS AND WARNINGS ************************
************************ End: TS CHECKS AND WARNINGS **************************


                     ====================================
                        Single-point calculation
                     ====================================

superc: Internal auxiliary supercell:     5 x     5 x     1  =      25
superc: Number of atoms, orbitals, and projectors:     50    650    400

outcell: Unit cell vectors (Ang):
        2.130000   -1.229756    0.000000
        2.130000    1.229756    0.000000
        0.000000    0.000000   20.000000

outcell: Cell vector modules (Ang)   :    2.459512    2.459512   20.000000
outcell: Cell angles (23,13,12) (deg):     90.0000     90.0000     60.0000
outcell: Cell volume (Ang**3)        :    104.7752
<dSpData1D:S at geom step 0
  <sparsity:sparsity for geom step 0
    nrows_g=26 nrows=26 sparsity=17.0089 nnzs=11498, refcount: 7>
  <dData1D:(new from dSpData1D) n=11498, refcount: 1>
refcount: 1>
new_DM -- step:     1
Initializing Density Matrix...

Attempting to read DM from file... Failed...
DM filled with atomic data:
<dSpData2D:DM initialized from atoms
  <sparsity:sparsity for geom step 0
    nrows_g=26 nrows=26 sparsity=17.0089 nnzs=11498, refcount: 8>
  <dData2D:DM n=11498 m=1, refcount: 1>
refcount: 1>
No. of atoms with KB's overlaping orbs in proc 0. Max # of overlaps:      16     148

InitMesh: MESH = 24 x 24 x 216 = 124416
InitMesh: Mesh cutoff (required, used) =   300.000   322.366 Ry
New grid distribution [1]: sub = 2

stepf: Fermi-Dirac step function

siesta: Program's energy decomposition (eV):
siesta: Ebs     =       -95.109860
siesta: Eions   =       564.323416
siesta: Ena     =       143.926420
siesta: Ekin    =       231.204118
siesta: Enl     =       -13.079461
siesta: Eso     =         0.000000
siesta: Edftu   =         0.000000
siesta: DEna    =        -7.223888
siesta: DUscf   =         0.518524
siesta: DUext   =         0.000000
siesta: Ex      =      -107.806528
siesta: Ec      =       -10.215389
siesta: Exc     =      -118.021917
siesta: EbV     =         0.000000
siesta: eta*DQ  =         0.000000
siesta: Emadel  =         0.000000
siesta: Emeta   =         0.000000
siesta: Emolmec =         0.000000
siesta: Ekinion =         0.000000
siesta: Eharris =      -328.559455
siesta: Etot    =      -326.999619
siesta: FreeEng =      -327.000256

        iscf     Eharris(eV)        E_KS(eV)     FreeEng(eV)     dDmax    Ef(eV) dHmax(eV)
   scf:    1     -328.559455     -326.999619     -327.000256  1.784962 -4.191303  2.065391
timer: Routine,Calls,Time,% = IterSCF        1       0.142  27.79
   scf:    2     -327.059308     -327.030312     -327.030949  0.020098 -3.846007  1.316379
   scf:    3     -327.071992     -327.054018     -327.054655  0.037437 -3.258929  0.049402
   scf:    4     -327.054087     -327.054053     -327.054690  0.000457 -3.274521  0.033588
   scf:    5     -327.054170     -327.054113     -327.054751  0.001093 -3.294688  0.014216
   scf:    6     -327.054151     -327.054133     -327.054770  0.000804 -3.306617  0.003140
   scf:    7     -327.054137     -327.054135     -327.054772  0.000251 -3.309702  0.001130
   scf:    8     -327.054135     -327.054135     -327.054772  0.000070 -3.310469  0.000467

SCF Convergence by DM+H criterion
max |DM_out - DM_in|         :     0.0000703383
max |H_out - H_in|      (eV) :     0.0004673228
SCF cycle converged after 8 iterations

Using DM_out to compute the final energy and forces
No. of atoms with KB's overlaping orbs in proc 0. Max # of overlaps:      16     148

siesta: E_KS(eV) =             -327.0541

siesta: E_KS - E_eggbox =      -327.0541

siesta: Atomic forces (eV/Ang):
----------------------------------------
   Tot    0.000000    0.000000   -0.000000
----------------------------------------
   Max    0.000319
   Res    0.000184    sqrt( Sum f_i^2 / 3N )
----------------------------------------
   Max    0.000319    constrained

Stress tensor Voigt[x,y,z,yz,xz,xy] (kbar):      -14.18      -14.19        0.01       -0.00        0.00       -0.00
(Free)E + p*V (eV/cell)     -326.4365
Target enthalpy (eV/cell)     -327.0548

coxmol: Writing XMOL coordinates into file graphene.xyz                                                                                                                                                                                                                        

siesta: Program's energy decomposition (eV):
siesta: Ebs     =       -99.897076
siesta: Eions   =       564.323416
siesta: Ena     =       143.926420
siesta: Ekin    =       227.293934
siesta: Enl     =       -12.291239
siesta: Eso     =         0.000000
siesta: Edftu   =         0.000000
siesta: DEna    =        -4.735815
siesta: DUscf   =         0.374825
siesta: DUext   =         0.000000
siesta: Ex      =      -107.078893
siesta: Ec      =       -10.219951
siesta: Exc     =      -117.298845
siesta: EbV     =         0.000000
siesta: eta*DQ  =         0.000000
siesta: Emadel  =         0.000000
siesta: Emeta   =         0.000000
siesta: Emolmec =         0.000000
siesta: Ekinion =         0.000000
siesta: Eharris =      -327.054135
siesta: Etot    =      -327.054135
siesta: FreeEng =      -327.054772

siesta: Final energy (eV):
siesta:  Band Struct. =     -99.897076
siesta:       Kinetic =     227.293934
siesta:       Hartree =    1556.115773
siesta:         Edftu =       0.000000
siesta:       Eso     =       0.000000
siesta:    Ext. field =       0.000000
siesta:         Exch. =    -107.078893
siesta:         Corr. =     -10.219951
siesta:     Bulk bias =       0.000000
siesta:   Exch.-corr. =    -117.298845
siesta:  Ion-electron =   -3310.945425
siesta:       Ion-ion =    1317.780427
siesta:       Ekinion =       0.000000
siesta: D3 dispersion =       0.000000
siesta:         Total =    -327.054135
siesta:         Fermi =      -3.310469

siesta: Stress tensor (static) (eV/Ang**3):
siesta:    -0.008853    0.000000    0.000000
siesta:    -0.000000   -0.008856   -0.000000
siesta:     0.000000   -0.000000    0.000007

siesta: Cell volume =        104.775217 Ang**3

siesta: Pressure (static):
siesta:                Solid            Molecule  Units
siesta:           0.00006427          0.00006425  Ry/Bohr**3
siesta:           0.00590061          0.00589917  eV/Ang**3
siesta:           9.45382479          9.45151545  kBar

Basis Enthalpy Calculation:
    Basis Pressure for species 1(C) :      0.2000000 GPa

    Orbital volume contribution        =           0.542947 eV
    (Free)E + p_basis*V_orbitals       =        -326.511825 eV
    (Free)Eharris+ p_basis*V_orbitals  =        -326.511825 eV
WARNING: BASIS_ENTHALPY and BASIS_HARRIS_ENTHALPY files are deprecated. They will be removed in future releases.
Please use system_label.BASIS_ENTHALPY in your scripts instead.

siesta: Electric dipole (a.u.)  =   -0.000000   -0.000000   -0.000000
siesta: Electric dipole (Debye) =   -0.000000   -0.000000   -0.000000

cite: Please indicate the Siesta version in published work: 5.4.2
cite: This calculation has made use of features in the following articles
cite: which we encourage you to cite in published work.
cite: (Please see "graphene.bib" for a BibTeX file.)
        Primary SIESTA paper
          DOI: www.doi.org/10.1088/0953-8984/14/11/302
        PSML pseudopotential format
          DOI: www.doi.org/10.1016/j.cpc.2018.02.011


timer: Elapsed wall time (sec) =       1.650
timer: CPU execution times (sec):

Routine            Calls   Time/call    Tot.time        %
siesta                 1       1.650       1.650   100.00
Setup                  1       0.053       0.053     3.23
bands                  1       0.000       0.000     0.00
KSV_init               1       0.000       0.000     0.00
IterGeom               1       1.590       1.590    96.37
geom_init              1       0.315       0.315    19.10
state_init             1       0.129       0.129     7.81
hsparse                1       0.001       0.001     0.03
overlap                1       0.002       0.002     0.10
Setup_H0               1       0.106       0.106     6.40
naefs                  2       0.000       0.000     0.00
dnaefs                 1       0.000       0.000     0.00
two-body               1       0.000       0.000     0.00
MolMec                 2       0.000       0.000     0.00
kinefsm                2       0.002       0.003     0.19
nlefsm                 2       0.005       0.010     0.58
DHSCF_Init             1       0.100       0.100     6.08
DHSCF1                 1       0.009       0.009     0.57
InitMesh               1       0.009       0.009     0.57
INITMESH               1       0.000       0.000     0.00
DHSCF2                 1       0.091       0.091     5.51
REMESH                 1       0.007       0.007     0.44
REORD                 35       0.000       0.004     0.24
PHION                  1       0.071       0.071     4.29
COMM_BSC              43       0.000       0.003     0.21
POISON                11       0.003       0.037     2.22
fft                   22       0.001       0.027     1.62
setup_H                9       0.076       0.682    41.35
DHSCF                 10       0.087       0.868    52.61
DHSCF3                10       0.076       0.759    45.99
rhoofd                10       0.032       0.316    19.14
XC                    10       0.016       0.163     9.90
GXC-CellXC            10       0.016       0.160     9.69
gridxc@cellXC         10       0.016       0.160     9.68
vmat                  10       0.023       0.231    14.01
IterSCF                8       0.135       1.077    65.28
compute_dm             8       0.059       0.474    28.69
diagon                 8       0.059       0.473    28.68
c-eigval             904       0.000       0.159     9.66
c-buildHS            904       0.000       0.123     7.43
cdiag               1808       0.000       0.108     6.55
cdiag1              1808       0.000       0.007     0.42
cdiag2              1808       0.000       0.014     0.85
cdiag3              1808       0.000       0.080     4.86
c-eigvec             904       0.000       0.195    11.80
cdiag4               904       0.000       0.002     0.11
c-buildD             904       0.000       0.116     7.02
MIXER                  7       0.000       0.000     0.03
PostSCF                1       0.197       0.197    11.97
FINAL_HF               1       0.197       0.197    11.97
DHSCF4                 1       0.109       0.109     6.62
dfscf                  1       0.099       0.099     6.02
overfsm                1       0.002       0.002     0.09
writeHSX               1       0.000       0.000     0.01
state_analysis         1       0.000       0.000     0.01
siesta_move            1       0.000       0.000     0.00
Analysis               1       0.001       0.001     0.09
optical                1       0.000       0.000     0.00
  

>> End of run:  21-MAY-2026  12:40:06
Job completed
Job completed
