Executable      : siesta
Version         : 5.4.2
Architecture    : x86_64
Compiler version: GNU-14.3.0
Compiler flags  : -march=nocona -mtune=haswell -ftree-vectorize -fPIC -fstack-protector-strong -fno-plt -O2 -ffunction-sections -pipe -isystem <prefix>/include -I<prefix>/_build_env/include -fdebug-prefix-map=<prefix>/work=/usr/local/src/conda/siesta-5.4.2 -fdebug-prefix-map=<prefix>=/usr/local/src/conda-prefix -I<prefix>/lib -fallow-argument-mismatch -O3
Parallelisations: none
NetCDF support
NetCDF-4 support
Lua support
DFT-D3 support

Runtime information:
* Directory : /home/UAB/1668068/Documents/Graphene/Output
* Running in serial mode.
>> Start of run:  11-JUN-2026   0:28:08

                           *********************** 
                           *  WELCOME TO SIESTA  * 
                           *********************** 

 NOTE: Siesta V5 introduces some new defaults for basis-set generation
 NOTE: which might lead to slightly different numerical results.
 NOTE: Please see the manual for full details and compatibility measures.


reinit: Reading from file graphene.fdf

reinit: -----------------------------------------------------------------------
reinit: System Name: 
reinit: -----------------------------------------------------------------------
reinit: System Label: graphene
reinit: -----------------------------------------------------------------------

initatom: Reading input for the pseudopotentials and atomic orbitals ----------
Species number:   1 Atomic number:    6 Label: C

Ground state valence configuration (from tables):   2s02  2p02  3d00  4f00

---- Processing specs for species: C
Reading pseudopotential information in PSML from:
  C.psml
PSML file version: 1.1
Using libxc ids:  101 130
GGA--PBE XC_GGA_X_PBE--XC_GGA_C_PBE pb
PSML uuid: 297821e0-be41-11e7-6802-e1ff7dfff095

---- Pseudopotential check for C 

Pseudized shells:
2s( 2.00) rc: 1.20
2p( 2.00) rc: 1.26
Valence configuration for ps generation: 2s:2p: Total charge:   4.000000
For C, standard SIESTA heuristics set lmxkb to 3
 (one more than the basis l, including polarization orbitals).
Use PS.lmax or PS.KBprojectors blocks to override.
C pseudopotential only contains V_ls up to l=1 -- lmxkb reset.

<basis_specs>
===============================================================================
C                    Z=   6    Mass=  12.011        Charge= 0.17977+309
Lmxo=2 Lmxkb= 1    BasisType=split      Semic=F
L=0  Nsemic=0  Cnfigmx=2
          i=1  nzeta=2  polorb=0  (2s)
            splnorm:   0.15000    
               vcte:    40.000    
               rinn:  -0.90000    
               qcoe:    0.0000    
               qyuk:    0.0000    
               qwid:   0.10000E-01
                rcs:    0.0000      0.0000    
            lambdas:    1.0000      1.0000    
L=1  Nsemic=0  Cnfigmx=2
          i=1  nzeta=2  polorb=1  (2p)  (to be polarized perturbatively)
            splnorm:   0.15000    
               vcte:    40.000    
               rinn:  -0.90000    
               qcoe:    0.0000    
               qyuk:    0.0000    
               qwid:   0.10000E-01
                rcs:    0.0000      0.0000    
            lambdas:    1.0000      1.0000    
L=2  Nsemic=0  Cnfigmx=3
          i=1  nzeta=0  polorb=0  (3d)  (perturbative polarization orbital) (from 2p)
-------------------------------------------------------------------------------
L=0  Nkbl=1  erefs: 0.17977+309
L=1  Nkbl=1  erefs: 0.17977+309
===============================================================================
</basis_specs>

Using PAO.SplitTailNorm
atom: Called for C                     (Z =   6)
NOTE: C pseudopotential has channels up to l= 1
NOTE: PAOs with higher l will be generated with V_local
Maximum radius (at nrval) set to   50.00000 8518

read_vps: Pseudopotential generation method:
read_vps: ONCVPSP-3.Hamann's oncvpsp                        
Valence charge in pseudo generation:    4.00000

read_vps: Pseudopotential includes a core correction:
read_vps: Pseudo-core for xc-correction

xc_check: Exchange-correlation functional:
xc_check: GGA Perdew, Burke & Ernzerhof 1996
Got Vlocal (oncv-fit) from psml data
Choosing vlocal chloc cutoff:  4.122282
qtot up to nchloc:    4.00001153
atom: Maximum radius for chlocal:    4.12228
atom: Maximum radius for r*vlocal+2*Zval:    4.12228
Reading KB projs from C psml data
Using scalar-relativistic projectors in PSML file

PSML: Kleinman-Bylander projectors: 
   l= 0   rc=  1.219773   Ekb= 12.963096
   l= 0   rc=  1.219773   Ekb=  0.771007
   l= 1   rc=  1.278952   Ekb= -8.399923
   l= 1   rc=  1.278952   Ekb= -1.755033

PSML: Total number of  Kleinman-Bylander projectors:   8
atom: -------------------------------------------------------------------------

atom: SANKEY-TYPE ORBITALS:
atom: Selected multiple-zeta basis: split     

SPLIT: Orbitals with angular momentum L= 0

SPLIT: Basis orbitals for state 2s

SPLIT: PAO cut-off radius determined from an
SPLIT: energy shift=  0.022050 Ry
Split based on tail norm

   izeta = 1
                 lambda =    1.000000
                     rc =    4.056692
                 energy =   -0.986303
                kinetic =    1.010795
    potential(screened) =   -1.997097
       potential(ionic) =   -5.588640

   izeta = 2
                 rmatch =    2.893247
              splitnorm =    0.150000
                 energy =   -0.613850
                kinetic =    1.961100
    potential(screened) =   -2.574951
       potential(ionic) =   -6.459313

SPLIT: Orbitals with angular momentum L= 1

SPLIT: Basis orbitals for state 2p

SPLIT: PAO cut-off radius determined from an
SPLIT: energy shift=  0.022050 Ry
Split based on tail norm

   izeta = 1
                 lambda =    1.000000
                     rc =    4.791027
                 energy =   -0.364422
                kinetic =    2.639165
    potential(screened) =   -3.003587
       potential(ionic) =   -6.489368

   izeta = 2
                 rmatch =    3.403813
              splitnorm =    0.150000
                 energy =   -0.189443
                kinetic =    3.967582
    potential(screened) =   -4.157024
       potential(ionic) =   -7.981902
*Note: V_local used for l= 2

** Using vlocal for PAOs with L= 2

POLgen: Perturbative polarization orbital with L=  2

POLgen: Polarization orbital for state 2p
*Note: V_local used for lpol= 2

** Using vlocal for PAOs with L= 2
Split based on tail norm

   izeta = 1
                     rc =    4.791027
                 energy =    1.360757
                kinetic =    2.624160
    potential(screened) =   -1.263403
       potential(ionic) =   -4.243109
atom: Total number of Sankey-type orbitals: 13

atm_pop: Valence configuration (for local Pseudopot. screening):
 2s( 2.00)                                                            
 2p( 2.00)                                                            
 3d( 0.00)                                                            
Vna: chval, zval:    4.00000   4.00000

Vna:  Cut-off radius for the neutral-atom potential:   4.791027
comcore: Pseudo-core radius Rcore=  1.671741

atom: _________________________________________________________________________

prinput: Basis input 

PAO.BasisType split     

%block ChemicalSpeciesLabel
    1    6 C                       # Species index, atomic number, species label
%endblock ChemicalSpeciesLabel

%block PAO.Basis                 # Define Basis set
# WARNING: This information might be incomplete!
C                     2                    # Species label, number of l-shells
 n=2   0   2                         # n, l, Nzeta 
   4.057      2.893   
   1.000      1.000   
 n=2   1   2 P   1                   # n, l, Nzeta, Polarization, NzetaPol
   4.791      3.404   
   1.000      1.000   
%endblock PAO.Basis

prinput: ----------------------------------------------------------------------

Dumping basis to NetCDF file C.ion.nc
coor:   Atomic-coordinates input format  =     Fractional

siesta: Atomic coordinates (Bohr) and species
siesta:      0.00000   0.00000   0.00000  1        1
siesta:     -0.00000   2.68434   0.00000  1        2

siesta: System type = slab      

initatomlists: Number of atoms, orbitals, and projectors:      2    26    16

coxmol: Writing XMOL coordinates into file graphene.xyz                                                                                                                                                                                                                        

siesta: ******************** Simulation parameters ****************************
siesta:
siesta: The following are some of the parameters of the simulation.
siesta: A complete list of the parameters used, including default values,
siesta: can be found in file out.fdf
siesta:
redata: Spin configuration                          = none
redata: Number of spin components                   = 1
redata: Time-Reversal Symmetry                      = T
redata: Spin spiral                                 = F
redata: Long output                                 =   F
redata: Number of Atomic Species                    =        1
redata: Charge density info will appear in .RHO file
redata: Write Mulliken charges (when)               = none
redata: Write Mulliken Pop.                         = NO
redata: Write Hirshfeld charges (when)              = none
redata: Write Voronoi charges (when)                = none
redata: Write spin charge (when)                    = none
redata: Matel table size (NRTAB)                    =     1024
redata: Mesh Cutoff                                 =   300.0000 Ry
redata: Net charge of the system                    =     0.0000 |e|
redata: Min. number of SCF Iter                     =        0
redata: Max. number of SCF Iter                     =      300
redata: SCF convergence failure will abort job
redata: SCF mix quantity                            = Hamiltonian
redata: Mix DM or H after convergence               =   F
redata: Recompute H after scf cycle                 =   F
redata: Mix DM in first SCF step                    =   T
redata: Write Pulay info on disk                    =   F
redata: New DM Occupancy tolerance                  = 0.000000000001
redata: No kicks to SCF
redata: DM Mixing Weight for Kicks                  =     0.5000
redata: Require Harris convergence for SCF          =   F
redata: Harris energy tolerance for SCF             =     0.000100 eV
redata: Require DM convergence for SCF              =   T
redata: DM tolerance for SCF                        =     0.000100
redata: Require EDM convergence for SCF             =   F
redata: EDM tolerance for SCF                       =     0.001000 eV
redata: Require H convergence for SCF               =   T
redata: Hamiltonian tolerance for SCF               =     0.001000 eV
redata: Require (free) Energy convergence for SCF   =   F
redata: (free) Energy tolerance for SCF             =     0.000100 eV
redata: Using DFT-D3 dispersion                     =   F
redata: Using Saved Data (generic)                  =   F
redata: Use continuation files for DM               =   T
redata: Neglect nonoverlap interactions             =   F
redata: Method of Calculation                       = Diagonalization
redata: Electronic Temperature                      =   290.1130 K
redata: Fix the spin of the system                  =   F
redata: Max. number of TDED Iter                    =        1
redata: Number of TDED substeps                     =        3
redata: Dynamics option                             = CG coord. optimization
redata: Variable cell                               =   T
redata: Use continuation files for CG               =   F
redata: Max atomic displ per move                   =     0.1058 Ang
redata: Maximum number of optimization moves        =      200
redata: Force tolerance                             =     0.0200 eV/Ang
redata: Stress tolerance                            =     1.0000 GPa
mix.SCF: Pulay mixing                            = Pulay
mix.SCF:    Variant                              = stable
mix.SCF:    History steps                        = 2
mix.SCF:    Linear mixing weight                 =     0.050000
mix.SCF:    Mixing weight                        =     0.050000
mix.SCF:    SVD condition                        = 0.1000E-07
redata: Save all siesta data in one NC              =   F
redata: ***********************************************************************

%block SCF.Mixers
  Pulay
%endblock SCF.Mixers

%block SCF.Mixer.Pulay
  # Mixing method
  method pulay
  variant stable

  # Mixing options
  weight 0.0500
  weight.linear 0.0500
  history 2
%endblock SCF.Mixer.Pulay

DM_history_depth set to one: no extrapolation allowed by default for geometry relaxation
Size of DM history Fstack: 1
Total number of electrons:     8.000000
Total ionic charge:     8.000000
 Kpoints in:          190 . Kpoints trimmed:          181

siesta: k-grid: Number of k-points = 181
siesta: k-points from Monkhorst-Pack grid
siesta: k-cutoff (effective) =    10.000 Ang
siesta: k-point supercell and displacements
siesta: k-grid:    19     0     0      0.000
siesta: k-grid:     0    19     0      0.000
siesta: k-grid:     0     0     1      0.000

diag: Algorithm                                     = D&C
diag: Used triangular part                          = Lower
diag: Absolute tolerance                            =  0.100E-15
diag: Orthogonalization factor                      =  0.100E-05
diag: Memory factor                                 =  1.0000

superc: Internal auxiliary supercell:     5 x     7 x     1  =      35
superc: Number of atoms, orbitals, and projectors:     70    910    560

siesta: Constraint (stress):
   0.0000E+00   0.0000E+00
   0.1000E+01   0.1000E+01
   0.1000E+01   0.1000E+01


ts: **************************************************************
ts: Save H and S matrices                           =    F
ts: Save TSHS files in MD/FC simulation             =    F
ts: Save DM and EDM matrices                        =    F
ts: Only save the overlap matrix S                  =    F
ts: **************************************************************

************************ Begin: TS CHECKS AND WARNINGS ************************
************************ End: TS CHECKS AND WARNINGS **************************


                     ====================================
                        Begin CG opt. move =      0
                     ====================================

superc: Internal auxiliary supercell:     5 x     7 x     1  =      35
superc: Number of atoms, orbitals, and projectors:     70    910    560

outcell: Unit cell vectors (Ang):
        2.460000    0.000000    0.000000
       -1.230000    2.130734    0.000000
        0.000000    0.000000   20.000000

outcell: Cell vector modules (Ang)   :    2.460000    2.460270   20.000000
outcell: Cell angles (23,13,12) (deg):     90.0000     90.0000    119.9964
outcell: Cell volume (Ang**3)        :    104.8321
<dSpData1D:S at geom step 0
  <sparsity:sparsity for geom step 0
    nrows_g=26 nrows=26 sparsity=17.0089 nnzs=11498, refcount: 7>
  <dData1D:(new from dSpData1D) n=11498, refcount: 1>
refcount: 1>
new_DM -- step:     1
Initializing Density Matrix...

Attempting to read DM from file... Failed...
DM filled with atomic data:
<dSpData2D:DM initialized from atoms
  <sparsity:sparsity for geom step 0
    nrows_g=26 nrows=26 sparsity=17.0089 nnzs=11498, refcount: 8>
  <dData2D:DM n=11498 m=1, refcount: 1>
refcount: 1>
No. of atoms with KB's overlaping orbs in proc 0. Max # of overlaps:      16     148

InitMesh: MESH = 24 x 24 x 216 = 124416
InitMesh: Mesh cutoff (required, used) =   300.000   322.366 Ry
New grid distribution [1]: sub = 2

stepf: Fermi-Dirac step function

siesta: Program's energy decomposition (eV):
siesta: Ebs     =       -95.119691
siesta: Eions   =       564.323416
siesta: Ena     =       143.939160
siesta: Ekin    =       231.129141
siesta: Enl     =       -13.069040
siesta: Eso     =         0.000000
siesta: Edftu   =         0.000000
siesta: DEna    =        -7.194105
siesta: DUscf   =         0.516813
siesta: DUext   =         0.000000
siesta: Ex      =      -107.789520
siesta: Ec      =       -10.213944
siesta: Exc     =      -118.003464
siesta: EbV     =         0.000000
siesta: eta*DQ  =         0.000000
siesta: Emadel  =         0.000000
siesta: Emeta   =         0.000000
siesta: Emolmec =         0.000000
siesta: Ekinion =         0.000000
siesta: Eharris =      -328.583805
siesta: Etot    =      -327.004910
siesta: FreeEng =      -327.004910

        iscf     Eharris(eV)        E_KS(eV)     FreeEng(eV)     dDmax    Ef(eV) dHmax(eV)
   scf:    1     -328.583805     -327.004910     -327.004910  1.784543 -4.190888  2.058531
timer: Routine,Calls,Time,% = IterSCF        1       0.182  31.96
   scf:    2     -327.018978     -327.011977     -327.011977  0.003952 -4.104939  1.909565
   scf:    3     -327.094488     -327.058897     -327.058897  0.052724 -3.276258  0.054147
   scf:    4     -327.058848     -327.058873     -327.058873  0.000348 -3.235665  0.043581
   scf:    5     -327.058918     -327.058896     -327.058896  0.000188 -3.239534  0.039322
   scf:    6     -327.059111     -327.059005     -327.059005  0.001075 -3.308874  0.025278
   scf:    7     -327.059081     -327.059044     -327.059044  0.000488 -3.314081  0.023122
   scf:    8     -327.059161     -327.059105     -327.059105  0.001252 -3.326195  0.016548
   scf:    9     -327.059119     -327.059112     -327.059112  0.000297 -3.328143  0.014118
   scf:   10     -327.059117     -327.059116     -327.059116  0.000751 -3.332741  0.010376
   scf:   11     -327.059114     -327.059115     -327.059115  0.000074 -3.332920  0.010720
   scf:   12     -327.059101     -327.059108     -327.059108  0.000381 -3.333708  0.012380
   scf:   13     -327.059108     -327.059108     -327.059108  0.000011 -3.333600  0.012318
   scf:   14     -327.059102     -327.059105     -327.059105  0.000104 -3.331917  0.011206
   scf:   15     -327.059106     -327.059105     -327.059105  0.000025 -3.331348  0.010685
   scf:   16     -327.059114     -327.059110     -327.059110  0.000202 -3.327758  0.007274
   scf:   17     -327.059113     -327.059112     -327.059112  0.000105 -3.326600  0.006047
   scf:   18     -327.059119     -327.059115     -327.059115  0.000307 -3.323490  0.004116
   scf:   19     -327.059116     -327.059116     -327.059116  0.000086 -3.322811  0.003480
   scf:   20     -327.059117     -327.059116     -327.059116  0.000202 -3.321254  0.003186
   scf:   21     -327.059116     -327.059116     -327.059116  0.000029 -3.321047  0.003102
   scf:   22     -327.059116     -327.059116     -327.059116  0.000095 -3.320323  0.002740
   scf:   23     -327.059116     -327.059116     -327.059116  0.000008 -3.320260  0.002646
   scf:   24     -327.059117     -327.059116     -327.059116  0.000031 -3.320036  0.002793
   scf:   25     -327.059117     -327.059116     -327.059116  0.000014 -3.320069  0.002807
   scf:   26     -327.059117     -327.059117     -327.059117  0.000052 -3.320244  0.002766
   scf:   27     -327.059117     -327.059117     -327.059117  0.000021 -3.320362  0.002664
   scf:   28     -327.059117     -327.059117     -327.059117  0.000068 -3.320818  0.002244
   scf:   29     -327.059117     -327.059117     -327.059117  0.000035 -3.321126  0.002184
   scf:   30     -327.059117     -327.059117     -327.059117  0.000071 -3.321864  0.002243
   scf:   31     -327.059117     -327.059117     -327.059117  0.000031 -3.322315  0.002103
   scf:   32     -327.059117     -327.059117     -327.059117  0.000033 -3.322966  0.001743
   scf:   33     -327.059117     -327.059117     -327.059117  0.000004 -3.323240  0.001450
   scf:   34     -327.059117     -327.059117     -327.059117  0.000010 -3.323535  0.001017
   scf:   35     -327.059117     -327.059117     -327.059117  0.000009 -3.323608  0.000910

SCF Convergence by DM+H criterion
max |DM_out - DM_in|         :     0.0000092156
max |H_out - H_in|      (eV) :     0.0009096194
SCF cycle converged after 35 iterations

Using DM_out to compute the final energy and forces
No. of atoms with KB's overlaping orbs in proc 0. Max # of overlaps:      16     148

siesta: E_KS(eV) =             -327.0591

siesta: E_KS - E_eggbox =      -327.0591

siesta: Atomic forces (eV/Ang):
----------------------------------------
   Tot    0.000000   -0.000000   -0.000000
----------------------------------------
   Max    0.002694
   Res    0.001563    sqrt( Sum f_i^2 / 3N )
----------------------------------------
   Max    0.002694    constrained

Stress tensor Voigt[x,y,z,yz,xz,xy] (kbar):      -13.59      -13.36        0.01        0.00       -0.00       -0.00
(Free)E + p*V (eV/cell)     -326.4715
Target enthalpy (eV/cell)     -327.0591

siesta: Stress tensor (static) (eV/Ang**3):
        -0.008484   -0.000001   -0.000000
        -0.000001   -0.008336   -0.000000
        -0.000000    0.000000    0.000006

siesta: Pressure (static):          8.98021216  kBar

siesta: Stress tensor (total) (eV/Ang**3):
        -0.008484   -0.000001   -0.000000
        -0.000001   -0.008336   -0.000000
        -0.000000    0.000000    0.000006

siesta: Pressure (total):          8.98021216  kBar

No target stress found, assuming hydrostatic MD.TargetPressure.

Target stress (kBar)
         -0.000       0.000       0.000
          0.000      -0.000       0.000
          0.000       0.000      -0.000

                     ====================================
                        Begin CG opt. move =      1
                     ====================================
 Kpoints in:          190 . Kpoints trimmed:          181

siesta: k-grid: Number of k-points = 181
siesta: k-points from Monkhorst-Pack grid
siesta: k-cutoff (effective) =    10.000 Ang
siesta: k-point supercell and displacements
siesta: k-grid:    19     0     0      0.000
siesta: k-grid:     0    19     0      0.000
siesta: k-grid:     0     0     1      0.000

superc: Internal auxiliary supercell:     5 x     7 x     1  =      35
superc: Number of atoms, orbitals, and projectors:     70    910    560

outcell: Unit cell vectors (Ang):
        2.497139    0.000000    0.000000
       -1.248569    2.162341    0.000000
        0.000000    0.000000   20.000000

outcell: Cell vector modules (Ang)   :    2.497139    2.496927   20.000000
outcell: Cell angles (23,13,12) (deg):     90.0000     90.0000    120.0028
outcell: Cell volume (Ang**3)        :    107.9933
<dSpData1D:S at geom step 1
  <sparsity:sparsity for geom step 1
    nrows_g=26 nrows=26 sparsity=14.5059 nnzs=9806, refcount: 7>
  <dData1D:(new from dSpData1D) n=9806, refcount: 1>
refcount: 1>
new_DM -- step:     2
Re-using DM from previous geometries...
Number of DMs in history: 1
 DM extrapolation coefficients: 
1   1.00000
New DM after history re-use:
<dSpData2D:SpM extrapolated using coords
  <sparsity:sparsity for geom step 1
    nrows_g=26 nrows=26 sparsity=14.5059 nnzs=9806, refcount: 9>
  <dData2D:(temp array for extrapolation) n=9806 m=1, refcount: 1>
refcount: 1>
Note: For starting DM, Qtot, Tr[D*S] =          8.00000000          7.92592018
No. of atoms with KB's overlaping orbs in proc 0. Max # of overlaps:      16     130

InitMesh: MESH = 24 x 24 x 216 = 124416
InitMesh: Mesh cutoff (required, used) =   300.000   322.366 Ry
New grid distribution [1]: sub = 2

        iscf     Eharris(eV)        E_KS(eV)     FreeEng(eV)     dDmax    Ef(eV) dHmax(eV)
   scf:    1     -327.381141     -327.051884     -327.051884  0.023493 -3.244232  0.317900
   scf:    2     -327.053047     -327.052731     -327.052731  0.012681 -3.464558  0.130815
   scf:    3     -327.052981     -327.052879     -327.052879  0.003684 -3.410122  0.002230
   scf:    4     -327.052879     -327.052879     -327.052879  0.000004 -3.409954  0.002042
   scf:    5     -327.052879     -327.052879     -327.052879  0.000024 -3.409350  0.001343
   scf:    6     -327.052879     -327.052879     -327.052879  0.000020 -3.409043  0.000964

SCF Convergence by DM+H criterion
max |DM_out - DM_in|         :     0.0000204932
max |H_out - H_in|      (eV) :     0.0009637411
SCF cycle converged after 6 iterations

Using DM_out to compute the final energy and forces
No. of atoms with KB's overlaping orbs in proc 0. Max # of overlaps:      16     130

siesta: E_KS(eV) =             -327.0529

siesta: Atomic forces (eV/Ang):
----------------------------------------
   Tot    0.000000   -0.000000    0.000000
----------------------------------------
   Max    0.099978
   Res    0.070104    sqrt( Sum f_i^2 / 3N )
----------------------------------------
   Max    0.099978    constrained

Stress tensor Voigt[x,y,z,yz,xz,xy] (kbar):       19.22       18.38        0.01       -0.00        0.00       -0.24
(Free)E + p*V (eV/cell)     -327.8979
Target enthalpy (eV/cell)     -327.0529

siesta: Stress tensor (static) (eV/Ang**3):
         0.011996   -0.000147    0.000000
        -0.000147    0.011472   -0.000000
         0.000000   -0.000000    0.000006

siesta: Pressure (static):        -12.53632150  kBar

siesta: Stress tensor (total) (eV/Ang**3):
         0.011996   -0.000147    0.000000
        -0.000147    0.011472   -0.000000
         0.000000   -0.000000    0.000006

siesta: Pressure (total):        -12.53632150  kBar

                     ====================================
                        Begin CG opt. move =      2
                     ====================================
 Kpoints in:          190 . Kpoints trimmed:          181

siesta: k-grid: Number of k-points = 181
siesta: k-points from Monkhorst-Pack grid
siesta: k-cutoff (effective) =    10.000 Ang
siesta: k-point supercell and displacements
siesta: k-grid:    19     0     0      0.000
siesta: k-grid:     0    19     0      0.000
siesta: k-grid:     0     0     1      0.000

superc: Internal auxiliary supercell:     5 x     7 x     1  =      35
superc: Number of atoms, orbitals, and projectors:     70    910    560

outcell: Unit cell vectors (Ang):
        2.475174    0.000000    0.000000
       -1.237587    2.143648    0.000000
        0.000000    0.000000   20.000000

outcell: Cell vector modules (Ang)   :    2.475174    2.475247   20.000000
outcell: Cell angles (23,13,12) (deg):     90.0000     90.0000    119.9990
outcell: Cell volume (Ang**3)        :    106.1180
<dSpData1D:S at geom step 2
  <sparsity:sparsity for geom step 2
    nrows_g=26 nrows=26 sparsity=17.0089 nnzs=11498, refcount: 7>
  <dData1D:(new from dSpData1D) n=11498, refcount: 1>
refcount: 1>
new_DM -- step:     3
Re-using DM from previous geometries...
Number of DMs in history: 1
 DM extrapolation coefficients: 
1   1.00000
New DM after history re-use:
<dSpData2D:SpM extrapolated using coords
  <sparsity:sparsity for geom step 2
    nrows_g=26 nrows=26 sparsity=17.0089 nnzs=11498, refcount: 9>
  <dData2D:(temp array for extrapolation) n=11498 m=1, refcount: 1>
refcount: 1>
Note: For starting DM, Qtot, Tr[D*S] =          8.00000000          8.04374464
No. of atoms with KB's overlaping orbs in proc 0. Max # of overlaps:      16     148

InitMesh: MESH = 24 x 24 x 216 = 124416
InitMesh: Mesh cutoff (required, used) =   300.000   322.366 Ry
New grid distribution [1]: sub = 2

        iscf     Eharris(eV)        E_KS(eV)     FreeEng(eV)     dDmax    Ef(eV) dHmax(eV)
   scf:    1     -326.873929     -327.063994     -327.063994  0.025293 -3.454019  0.191926
   scf:    2     -327.064409     -327.064297     -327.064297  0.007483 -3.290550  0.078880
   scf:    3     -327.064386     -327.064350     -327.064350  0.002196 -3.338465  0.001264
   scf:    4     -327.064350     -327.064350     -327.064350  0.000006 -3.338482  0.001230
   scf:    5     -327.064350     -327.064350     -327.064350  0.000042 -3.338611  0.000979

SCF Convergence by DM+H criterion
max |DM_out - DM_in|         :     0.0000419358
max |H_out - H_in|      (eV) :     0.0009789982
SCF cycle converged after 5 iterations

Using DM_out to compute the final energy and forces
No. of atoms with KB's overlaping orbs in proc 0. Max # of overlaps:      16     148

siesta: E_KS(eV) =             -327.0643

siesta: Atomic forces (eV/Ang):
----------------------------------------
   Tot   -0.000000   -0.000000    0.000000
----------------------------------------
   Max    0.041694
   Res    0.029552    sqrt( Sum f_i^2 / 3N )
----------------------------------------
   Max    0.041694    constrained

Stress tensor Voigt[x,y,z,yz,xz,xy] (kbar):        0.38        0.10       -0.01       -0.00        0.00       -0.12
(Free)E + p*V (eV/cell)     -327.0748
Target enthalpy (eV/cell)     -327.0643

siesta: Stress tensor (static) (eV/Ang**3):
         0.000240   -0.000075   -0.000000
        -0.000075    0.000060   -0.000000
         0.000000   -0.000000   -0.000005

siesta: Pressure (static):         -0.15749532  kBar

siesta: Stress tensor (total) (eV/Ang**3):
         0.000240   -0.000075   -0.000000
        -0.000075    0.000060   -0.000000
         0.000000   -0.000000   -0.000005

siesta: Pressure (total):         -0.15749532  kBar

cgvc: Finished line minimization    1.  Mean atomic displacement =    0.0578

                     ====================================
                        Begin CG opt. move =      3
                     ====================================
 Kpoints in:          190 . Kpoints trimmed:          181

siesta: k-grid: Number of k-points = 181
siesta: k-points from Monkhorst-Pack grid
siesta: k-cutoff (effective) =    10.000 Ang
siesta: k-point supercell and displacements
siesta: k-grid:    19     0     0      0.000
siesta: k-grid:     0    19     0      0.000
siesta: k-grid:     0     0     1      0.000

superc: Internal auxiliary supercell:     5 x     7 x     1  =      35
superc: Number of atoms, orbitals, and projectors:     70    910    560

outcell: Unit cell vectors (Ang):
        2.479769    0.000000    0.000000
       -1.239884    2.148333    0.000000
        0.000000    0.000000   20.000000

outcell: Cell vector modules (Ang)   :    2.479769    2.480453   20.000000
outcell: Cell angles (23,13,12) (deg):     90.0000     90.0000    119.9909
outcell: Cell volume (Ang**3)        :    106.5474
<dSpData1D:S at geom step 3
  <sparsity:sparsity for geom step 3
    nrows_g=26 nrows=26 sparsity=14.5355 nnzs=9826, refcount: 7>
  <dData1D:(new from dSpData1D) n=9826, refcount: 1>
refcount: 1>
new_DM -- step:     4
Re-using DM from previous geometries...
Number of DMs in history: 1
 DM extrapolation coefficients: 
1   1.00000
New DM after history re-use:
<dSpData2D:SpM extrapolated using coords
  <sparsity:sparsity for geom step 3
    nrows_g=26 nrows=26 sparsity=14.5355 nnzs=9826, refcount: 9>
  <dData2D:(temp array for extrapolation) n=9826 m=1, refcount: 1>
refcount: 1>
Note: For starting DM, Qtot, Tr[D*S] =          8.00000000          7.98246655
No. of atoms with KB's overlaping orbs in proc 0. Max # of overlaps:      16     131

InitMesh: MESH = 24 x 24 x 216 = 124416
InitMesh: Mesh cutoff (required, used) =   300.000   322.366 Ry
New grid distribution [1]: sub = 2

        iscf     Eharris(eV)        E_KS(eV)     FreeEng(eV)     dDmax    Ef(eV) dHmax(eV)
   scf:    1     -326.949853     -326.921972     -326.921972  0.020132 -3.424244  0.076526
   scf:    2     -326.922830     -326.922596     -326.922596  0.001800 -3.443914  0.029703
   scf:    3     -326.922779     -326.922704     -326.922704  0.000535 -3.437939  0.005004
   scf:    4     -326.922704     -326.922704     -326.922704  0.000008 -3.437759  0.004707
   scf:    5     -326.922705     -326.922704     -326.922704  0.000126 -3.434557  0.000736
   scf:    6     -326.922704     -326.922704     -326.922704  0.000001 -3.434551  0.000683

SCF Convergence by DM+H criterion
max |DM_out - DM_in|         :     0.0000011366
max |H_out - H_in|      (eV) :     0.0006825745
SCF cycle converged after 6 iterations

Using DM_out to compute the final energy and forces
No. of atoms with KB's overlaping orbs in proc 0. Max # of overlaps:      16     131

siesta: E_KS(eV) =             -326.9227

siesta: Atomic forces (eV/Ang):
----------------------------------------
   Tot   -0.000000    0.000000    0.000000
----------------------------------------
   Max    3.392044
   Res    2.432845    sqrt( Sum f_i^2 / 3N )
----------------------------------------
   Max    3.392044    constrained

Stress tensor Voigt[x,y,z,yz,xz,xy] (kbar):      -11.88        8.07       -0.00       -0.00        0.00       13.13
(Free)E + p*V (eV/cell)     -326.8382
Target enthalpy (eV/cell)     -326.9227

siesta: Stress tensor (static) (eV/Ang**3):
        -0.007417    0.008197    0.000000
         0.008197    0.005040   -0.000000
         0.000000   -0.000000   -0.000003

siesta: Pressure (static):          1.27115983  kBar

siesta: Stress tensor (total) (eV/Ang**3):
        -0.007417    0.008197    0.000000
         0.008197    0.005040   -0.000000
         0.000000   -0.000000   -0.000003

siesta: Pressure (total):          1.27115983  kBar

                     ====================================
                        Begin CG opt. move =      4
                     ====================================
 Kpoints in:          190 . Kpoints trimmed:          181

siesta: k-grid: Number of k-points = 181
siesta: k-points from Monkhorst-Pack grid
siesta: k-cutoff (effective) =    10.000 Ang
siesta: k-point supercell and displacements
siesta: k-grid:    19     0     0      0.000
siesta: k-grid:     0    19     0      0.000
siesta: k-grid:     0     0     1      0.000

superc: Internal auxiliary supercell:     5 x     7 x     1  =      35
superc: Number of atoms, orbitals, and projectors:     70    910    560

outcell: Unit cell vectors (Ang):
        2.475226    0.000000    0.000000
       -1.237613    2.143701    0.000000
        0.000000    0.000000   20.000000

outcell: Cell vector modules (Ang)   :    2.475226    2.475306   20.000000
outcell: Cell angles (23,13,12) (deg):     90.0000     90.0000    119.9989
outcell: Cell volume (Ang**3)        :    106.1229
<dSpData1D:S at geom step 4
  <sparsity:sparsity for geom step 4
    nrows_g=26 nrows=26 sparsity=17.0089 nnzs=11498, refcount: 7>
  <dData1D:(new from dSpData1D) n=11498, refcount: 1>
refcount: 1>
new_DM -- step:     5
Re-using DM from previous geometries...
Number of DMs in history: 1
 DM extrapolation coefficients: 
1   1.00000
New DM after history re-use:
<dSpData2D:SpM extrapolated using coords
  <sparsity:sparsity for geom step 4
    nrows_g=26 nrows=26 sparsity=17.0089 nnzs=11498, refcount: 9>
  <dData2D:(temp array for extrapolation) n=11498 m=1, refcount: 1>
refcount: 1>
No. of atoms with KB's overlaping orbs in proc 0. Max # of overlaps:      16     148

InitMesh: MESH = 24 x 24 x 216 = 124416
InitMesh: Mesh cutoff (required, used) =   300.000   322.366 Ry
New grid distribution [1]: sub = 2

        iscf     Eharris(eV)        E_KS(eV)     FreeEng(eV)     dDmax    Ef(eV) dHmax(eV)
   scf:    1     -327.060126     -327.063702     -327.063702  0.025094 -3.343023  0.072594
   scf:    2     -327.064533     -327.064283     -327.064283  0.001241 -3.339748  0.026207
   scf:    3     -327.064434     -327.064370     -327.064370  0.000332 -3.340733  0.001908
   scf:    4     -327.064370     -327.064370     -327.064370  0.000006 -3.340807  0.001808
   scf:    5     -327.064370     -327.064370     -327.064370  0.000099 -3.342145  0.000138

SCF Convergence by DM+H criterion
max |DM_out - DM_in|         :     0.0000986824
max |H_out - H_in|      (eV) :     0.0001383463
SCF cycle converged after 5 iterations

Using DM_out to compute the final energy and forces
No. of atoms with KB's overlaping orbs in proc 0. Max # of overlaps:      16     148

siesta: E_KS(eV) =             -327.0644

siesta: Atomic forces (eV/Ang):
----------------------------------------
   Tot    0.000000    0.000000    0.000000
----------------------------------------
   Max    0.013247
   Res    0.008291    sqrt( Sum f_i^2 / 3N )
----------------------------------------
   Max    0.013247    constrained

Stress tensor Voigt[x,y,z,yz,xz,xy] (kbar):        0.31        0.24       -0.01       -0.00       -0.00        0.02
(Free)E + p*V (eV/cell)     -327.0764
Target enthalpy (eV/cell)     -327.0644

siesta: Stress tensor (static) (eV/Ang**3):
         0.000195    0.000012   -0.000000
         0.000012    0.000148    0.000000
        -0.000000   -0.000000   -0.000004

siesta: Pressure (static):         -0.18099780  kBar

siesta: Stress tensor (total) (eV/Ang**3):
         0.000195    0.000012   -0.000000
         0.000012    0.000148    0.000000
        -0.000000   -0.000000   -0.000004

siesta: Pressure (total):         -0.18099780  kBar

outcoor: Relaxed atomic coordinates (fractional):           
    0.00004795    0.00005940   -0.00000000   1       1  C
    0.33328539    0.66660726   -0.00000000   1       2  C

outcell: Unit cell vectors (Ang):
        2.475226    0.000000    0.000000
       -1.237613    2.143701    0.000000
        0.000000    0.000000   20.000000

outcell: Cell vector modules (Ang)   :    2.475226    2.475306   20.000000
outcell: Cell angles (23,13,12) (deg):     90.0000     90.0000    119.9989
outcell: Cell volume (Ang**3)        :    106.1229

coxmol: Writing XMOL coordinates into file graphene.xyz                                                                                                                                                                                                                        

siesta: Program's energy decomposition (eV):
siesta: Ebs     =       -99.622246
siesta: Eions   =       564.323416
siesta: Ena     =       144.225293
siesta: Ekin    =       225.968256
siesta: Enl     =       -12.122135
siesta: Eso     =         0.000000
siesta: Edftu   =         0.000000
siesta: DEna    =        -4.244921
siesta: DUscf   =         0.353868
siesta: DUext   =         0.000000
siesta: Ex      =      -106.735588
siesta: Ec      =       -10.185726
siesta: Exc     =      -116.921314
siesta: EbV     =         0.000000
siesta: eta*DQ  =         0.000000
siesta: Emadel  =         0.000000
siesta: Emeta   =         0.000000
siesta: Emolmec =         0.000000
siesta: Ekinion =         0.000000
siesta: Eharris =      -327.064370
siesta: Etot    =      -327.064370
siesta: FreeEng =      -327.064370

siesta: Final energy (eV):
siesta:  Band Struct. =     -99.622246
siesta:       Kinetic =     225.968256
siesta:       Hartree =    1536.145730
siesta:         Edftu =       0.000000
siesta:       Eso     =       0.000000
siesta:    Ext. field =       0.000000
siesta:         Exch. =    -106.735588
siesta:         Corr. =     -10.185726
siesta:     Bulk bias =       0.000000
siesta:   Exch.-corr. =    -116.921314
siesta:  Ion-electron =   -3269.890169
siesta:       Ion-ion =    1297.633128
siesta:       Ekinion =       0.000000
siesta: D3 dispersion =       0.000000
siesta:         Total =    -327.064370
siesta:         Fermi =      -3.342145

siesta: Stress tensor (static) (eV/Ang**3):
siesta:     0.000195    0.000012   -0.000000
siesta:     0.000012    0.000148    0.000000
siesta:    -0.000000   -0.000000   -0.000004

siesta: Constrained stress tensor (static) (eV/Ang**3):
siesta:     0.000195    0.000000    0.000000
siesta:     0.000000    0.000148    0.000000
siesta:     0.000000    0.000000    0.000000

siesta: Cell volume =        106.122895 Ang**3

siesta: Pressure (static):
siesta:                Solid            Molecule  Units
siesta:          -0.00000123         -0.00000188  Ry/Bohr**3
siesta:          -0.00011297         -0.00017242  eV/Ang**3
siesta:          -0.18099780         -0.27624791  kBar

Basis Enthalpy Calculation:
    Basis Pressure for species 1(C) :      0.2000000 GPa

    Orbital volume contribution        =           0.542947 eV
    (Free)E + p_basis*V_orbitals       =        -326.521423 eV
    (Free)Eharris+ p_basis*V_orbitals  =        -326.521423 eV
WARNING: BASIS_ENTHALPY and BASIS_HARRIS_ENTHALPY files are deprecated. They will be removed in future releases.
Please use system_label.BASIS_ENTHALPY in your scripts instead.

siesta: Electric dipole (a.u.)  =    0.000000    0.000000    0.000000
siesta: Electric dipole (Debye) =    0.000000    0.000000    0.000000

cite: Please indicate the Siesta version in published work: 5.4.2
cite: This calculation has made use of features in the following articles
cite: which we encourage you to cite in published work.
cite: (Please see "graphene.bib" for a BibTeX file.)
        Primary SIESTA paper
          DOI: www.doi.org/10.1088/0953-8984/14/11/302
        PSML pseudopotential format
          DOI: www.doi.org/10.1016/j.cpc.2018.02.011


timer: Elapsed wall time (sec) =      11.850
timer: CPU execution times (sec):

Routine            Calls   Time/call    Tot.time        %
siesta                 1      11.820      11.820   100.00
Setup                  1       0.058       0.058     0.49
bands                  1       0.000       0.000     0.00
KSV_init               1       0.000       0.000     0.00
IterGeom               5       2.351      11.755    99.45
geom_init              5       0.205       1.026     8.68
state_init             5       0.031       0.153     1.30
hsparse                5       0.001       0.003     0.02
overlap                5       0.002       0.008     0.07
Setup_H0               5       0.100       0.498     4.21
naefs                 10       0.000       0.000     0.00
dnaefs                 5       0.000       0.000     0.00
two-body               5       0.000       0.000     0.00
MolMec                10       0.000       0.000     0.00
kinefsm               10       0.002       0.016     0.14
nlefsm                10       0.005       0.048     0.40
DHSCF_Init             5       0.094       0.471     3.99
DHSCF1                 5       0.009       0.044     0.38
InitMesh               5       0.009       0.044     0.38
INITMESH               5       0.000       0.000     0.00
DHSCF2                 5       0.085       0.427     3.61
REMESH                 5       0.008       0.038     0.32
REORD                209       0.000       0.024     0.21
PHION                  5       0.066       0.331     2.80
COMM_BSC             283       0.000       0.024     0.20
POISON                72       0.003       0.228     1.93
fft                  144       0.001       0.167     1.41
setup_H               62       0.077       4.781    40.44
DHSCF                 67       0.085       5.689    48.13
DHSCF3                67       0.077       5.149    43.56
rhoofd                67       0.032       2.153    18.22
XC                    67       0.017       1.106     9.36
GXC-CellXC            67       0.016       1.094     9.26
gridxc@cellXC         67       0.016       1.094     9.25
vmat                  67       0.023       1.567    13.26
IterSCF               57       0.171       9.760    82.57
compute_dm            57       0.094       5.338    45.16
diagon                57       0.094       5.337    45.15
c-eigval           10317       0.000       1.811    15.32
c-buildHS          10317       0.000       1.383    11.70
cdiag              20634       0.000       1.258    10.64
cdiag1             20634       0.000       0.082     0.70
cdiag2             20634       0.000       0.162     1.37
cdiag3             20634       0.000       0.934     7.90
c-eigvec           10317       0.000       2.215    18.74
cdiag4             10317       0.000       0.021     0.18
c-buildD           10317       0.000       1.290    10.91
MIXER                 52       0.000       0.004     0.03
PostSCF                5       0.193       0.967     8.18
FINAL_HF               5       0.193       0.967     8.18
DHSCF4                 5       0.108       0.541     4.58
dfscf                  5       0.099       0.493     4.17
overfsm                5       0.002       0.008     0.07
writeHSX               5       0.000       0.001     0.01
state_analysis         5       0.000       0.001     0.01
siesta_move            5       0.000       0.001     0.01
Analysis               1       0.002       0.002     0.02
optical                1       0.000       0.000     0.00
  

>> End of run:  11-JUN-2026   0:28:20
Job completed
Job completed
