Executable      : siesta
Version         : 5.4.2
Architecture    : x86_64
Compiler version: GNU-14.3.0
Compiler flags  : -march=nocona -mtune=haswell -ftree-vectorize -fPIC -fstack-protector-strong -fno-plt -O2 -ffunction-sections -pipe -isystem <prefix>/include -I<prefix>/_build_env/include -fdebug-prefix-map=<prefix>/work=/usr/local/src/conda/siesta-5.4.2 -fdebug-prefix-map=<prefix>=/usr/local/src/conda-prefix -I<prefix>/lib -fallow-argument-mismatch -O3
Parallelisations: none
NetCDF support
NetCDF-4 support
Lua support
DFT-D3 support

Runtime information:
* Directory : /home/UAB/1668068/Documents/WS2/Bulk/Output
* Running in serial mode.
>> Start of run:  26-MAY-2026  12:18:24

                           *********************** 
                           *  WELCOME TO SIESTA  * 
                           *********************** 

 NOTE: Siesta V5 introduces some new defaults for basis-set generation
 NOTE: which might lead to slightly different numerical results.
 NOTE: Please see the manual for full details and compatibility measures.


reinit: Reading from file ws2_bulk.fdf

reinit: -----------------------------------------------------------------------
reinit: System Name: 
reinit: -----------------------------------------------------------------------
reinit: System Label: ws2_bulk
reinit: -----------------------------------------------------------------------

initatom: Reading input for the pseudopotentials and atomic orbitals ----------
Species number:   1 Atomic number:   74 Label: W
Species number:   2 Atomic number:   16 Label: S

Ground state valence configuration (from tables):   6s02  6p00  5d04  5f00
Ground state valence configuration (from tables):   3s02  3p04  3d00  4f00

---- Processing specs for species: W
Reading pseudopotential information in PSML from:
  W.psml
PSML file version: 1.1
Using libxc ids:  101 130
GGA--PBE XC_GGA_X_PBE--XC_GGA_C_PBE pb
PSML uuid: c0321ce0-be45-11e7-6a5f-9f8c8ff54deb
Semicore shell(s) with  8 electrons included in the valence for W

---- Processing specs for species: S
Reading pseudopotential information in PSML from:
  S.psml
PSML file version: 1.1
Using libxc ids:  101 130
GGA--PBE XC_GGA_X_PBE--XC_GGA_C_PBE pb
PSML uuid: 1fa1ca70-c73e-11ed-7b73-f832edff02a3

---- Pseudopotential check for W 

Pseudized shells:
5s( 2.00) rc: 1.61
5p( 6.00) rc: 1.61
5d( 4.00) rc: 1.61
5f( 0.00) rc: 2.02
Valence configuration for ps generation: 5s:5p:5d:6s: Total charge:  14.000000
Semicore shell(s): 5s 5p
Fallback to non-perturbative polarization scheme for W
Please see the manual if this is not desired in principle

---- Pseudopotential check for S 

Pseudized shells:
3s( 2.00) rc: 1.46
3p( 4.00) rc: 1.46
3d( 0.00) rc: 1.46
Valence configuration for ps generation: 3s:3p: Total charge:   6.000000
For W, standard SIESTA heuristics set lmxkb to 3
 (one more than the basis l, including polarization orbitals).
Use PS.lmax or PS.KBprojectors blocks to override.
For S, standard SIESTA heuristics set lmxkb to 3
 (one more than the basis l, including polarization orbitals).
Use PS.lmax or PS.KBprojectors blocks to override.
S pseudopotential only contains V_ls up to l=2 -- lmxkb reset.

<basis_specs>
===============================================================================
W                    Z=  74    Mass=  183.84        Charge= 0.17977+309
Lmxo=2 Lmxkb= 3    BasisType=split      Semic=T
L=0  Nsemic=1  Cnfigmx=6
          i=1  nzeta=1  polorb=0  (5s)  (semicore shell)
            splnorm:   0.15000    
               vcte:    40.000    
               rinn:  -0.90000    
               qcoe:    0.0000    
               qyuk:    0.0000    
               qwid:   0.10000E-01
                rcs:    0.0000    
            lambdas:    1.0000    
          i=2  nzeta=2  polorb=0  (6s)  (to be polarized non-perturbatively)
            splnorm:   0.15000    
               vcte:    40.000    
               rinn:  -0.90000    
               qcoe:    0.0000    
               qyuk:    0.0000    
               qwid:   0.10000E-01
                rcs:    0.0000      0.0000    
            lambdas:    1.0000      1.0000    
L=1  Nsemic=1  Cnfigmx=6
          i=1  nzeta=1  polorb=0  (5p)  (semicore shell)
            splnorm:   0.15000    
               vcte:    40.000    
               rinn:  -0.90000    
               qcoe:    0.0000    
               qyuk:    0.0000    
               qwid:   0.10000E-01
                rcs:    0.0000    
            lambdas:    1.0000    
          i=2  nzeta=1  polorb=0  (6p)  (non-perturbative polarization shell)
            splnorm:   0.15000    
               vcte:    40.000    
               rinn:  -0.90000    
               qcoe:    0.0000    
               qyuk:    0.0000    
               qwid:   0.10000E-01
                rcs:    0.0000    
            lambdas:    1.0000    
L=2  Nsemic=0  Cnfigmx=5
          i=1  nzeta=2  polorb=0  (5d)
            splnorm:   0.15000    
               vcte:    40.000    
               rinn:  -0.90000    
               qcoe:    0.0000    
               qyuk:    0.0000    
               qwid:   0.10000E-01
                rcs:    0.0000      0.0000    
            lambdas:    1.0000      1.0000    
-------------------------------------------------------------------------------
L=0  Nkbl=2  erefs: 0.17977+309 0.17977+309
L=1  Nkbl=2  erefs: 0.17977+309 0.17977+309
L=2  Nkbl=1  erefs: 0.17977+309
L=3  Nkbl=1  erefs: 0.17977+309
===============================================================================
</basis_specs>

Using PAO.SplitTailNorm
atom: Called for W                     (Z =  74)
Maximum radius (at nrval) set to   50.00000 8518

read_vps: Pseudopotential generation method:
read_vps: ONCVPSP-3.Hamann's oncvpsp                        
Valence charge in pseudo generation:   14.00000

read_vps: Pseudopotential includes a core correction:
read_vps: Pseudo-core for xc-correction

xc_check: Exchange-correlation functional:
xc_check: GGA Perdew, Burke & Ernzerhof 1996
Got Vlocal (oncv-fit) from psml data
Choosing vlocal chloc cutoff:  5.760910
qtot up to nchloc:   13.99986224
atom: Maximum radius for chlocal:    5.76091
atom: Maximum radius for r*vlocal+2*Zval:    5.76091
Reading KB projs from W psml data
Using scalar-relativistic projectors in PSML file

PSML: Kleinman-Bylander projectors: 
   l= 0   rc=  1.630219   Ekb= 25.984112
   l= 0   rc=  1.630219   Ekb=  3.688821
   l= 1   rc=  1.630219   Ekb= 18.160048
   l= 1   rc=  1.631860   Ekb=  2.819384
   l= 2   rc=  1.631860   Ekb=  8.940014
   l= 2   rc=  1.631860   Ekb=  1.028806
   l= 3   rc=  2.046139   Ekb= 94.967725
   l= 3   rc=  2.046139   Ekb=  1.762800

PSML: Total number of  Kleinman-Bylander projectors:  32
atom: -------------------------------------------------------------------------

atom: SANKEY-TYPE ORBITALS:
atom: Selected multiple-zeta basis: split     

SPLIT: Orbitals with angular momentum L= 0

SPLIT: Basis orbitals for state 5s

SPLIT: PAO cut-off radius determined from an
SPLIT: energy shift=  0.022050 Ry
Split based on tail norm

   izeta = 1
                 lambda =    1.000000
                     rc =    2.593430
                 energy =   -5.787649
                kinetic =    2.259119
    potential(screened) =   -8.046768
       potential(ionic) =  -24.503544

SPLIT: Basis orbitals for state 6s

SPLIT: PAO cut-off radius determined from an
SPLIT: energy shift=  0.022050 Ry
Split based on tail norm

   izeta = 1
                 lambda =    1.000000
                     rc =    6.056791
                 energy =   -0.462768
                kinetic =    1.247062
    potential(screened) =   -1.709830
       potential(ionic) =  -11.736011

   izeta = 2
                 rmatch =    4.644478
              splitnorm =    0.150000
                 energy =   -0.196702
                kinetic =    2.402088
    potential(screened) =   -2.598790
       potential(ionic) =  -14.580378

SPLIT: Orbitals with angular momentum L= 1

SPLIT: Basis orbitals for state 5p

SPLIT: PAO cut-off radius determined from an
SPLIT: energy shift=  0.022050 Ry
Split based on tail norm

   izeta = 1
                 lambda =    1.000000
                     rc =    3.051270
                 energy =   -3.151037
                kinetic =    3.785838
    potential(screened) =   -6.936874
       potential(ionic) =  -22.593803

SPLIT: Basis orbitals for state 6p
SPLIT: Non-perturbative polarization orbs for state 6s
SPLIT: rc(1st zeta) (re)set to: 6.0568 (expansion factor: 1.0000)
Split based on tail norm

   izeta = 1
                 lambda =    1.000000
                     rc =    6.056791
                 energy =    0.039988
                kinetic =    1.228674
    potential(screened) =   -1.188687
       potential(ionic) =   -9.687162

SPLIT: Orbitals with angular momentum L= 2

SPLIT: Basis orbitals for state 5d

SPLIT: PAO cut-off radius determined from an
SPLIT: energy shift=  0.022050 Ry
Split based on tail norm

   izeta = 1
                 lambda =    1.000000
                     rc =    5.006988
                 energy =   -0.304993
                kinetic =    3.440372
    potential(screened) =   -3.745365
       potential(ionic) =  -16.578530

   izeta = 2
                 rmatch =    3.633081
              splitnorm =    0.150000
                 energy =   -0.141094
                kinetic =    4.619151
    potential(screened) =   -4.760245
       potential(ionic) =  -18.836326
atom: Total number of Sankey-type orbitals: 19

atm_pop: Valence configuration (for local Pseudopot. screening):
 5s( 2.00) 6s( 2.00)                                                  
 5p( 6.00) 6p( 0.00)                                                  
 5d( 4.00)                                                            
Vna: chval, zval:   14.00000  14.00000

Vna:  Cut-off radius for the neutral-atom potential:   6.056791
comcore: Pseudo-core radius Rcore=  3.039049

atom: _________________________________________________________________________

<basis_specs>
===============================================================================
S                    Z=  16    Mass=  32.060        Charge= 0.17977+309
Lmxo=2 Lmxkb= 2    BasisType=split      Semic=F
L=0  Nsemic=0  Cnfigmx=3
          i=1  nzeta=2  polorb=0  (3s)
            splnorm:   0.15000    
               vcte:    40.000    
               rinn:  -0.90000    
               qcoe:    0.0000    
               qyuk:    0.0000    
               qwid:   0.10000E-01
                rcs:    0.0000      0.0000    
            lambdas:    1.0000      1.0000    
L=1  Nsemic=0  Cnfigmx=3
          i=1  nzeta=2  polorb=1  (3p)  (to be polarized perturbatively)
            splnorm:   0.15000    
               vcte:    40.000    
               rinn:  -0.90000    
               qcoe:    0.0000    
               qyuk:    0.0000    
               qwid:   0.10000E-01
                rcs:    0.0000      0.0000    
            lambdas:    1.0000      1.0000    
L=2  Nsemic=0  Cnfigmx=3
          i=1  nzeta=0  polorb=0  (3d)  (perturbative polarization orbital) (from 3p)
-------------------------------------------------------------------------------
L=0  Nkbl=1  erefs: 0.17977+309
L=1  Nkbl=1  erefs: 0.17977+309
L=2  Nkbl=1  erefs: 0.17977+309
===============================================================================
</basis_specs>

Using PAO.SplitTailNorm
atom: Called for S                     (Z =  16)
Maximum radius (at nrval) set to   50.00000 8518

read_vps: Pseudopotential generation method:
read_vps: ONCVPSP-4.Hamann's oncvpsp                        
Valence charge in pseudo generation:    6.00000

read_vps: Pseudopotential includes a core correction:
read_vps: Pseudo-core for xc-correction

xc_check: Exchange-correlation functional:
xc_check: GGA Perdew, Burke & Ernzerhof 1996
Got Vlocal (oncv-fit) from psml data
Choosing vlocal chloc cutoff:  4.598165
qtot up to nchloc:    6.00012416
atom: Maximum radius for chlocal:    4.59817
atom: Maximum radius for r*vlocal+2*Zval:    4.59817
Reading KB projs from S psml data
Using scalar-relativistic projectors in PSML file

PSML: Kleinman-Bylander projectors: 
   l= 0   rc=  1.466729   Ekb= 13.548468
   l= 0   rc=  1.466729   Ekb=  1.084539
   l= 1   rc=  0.000010   Ekb=  0.000000
   l= 1   rc=  0.000010   Ekb=  0.000000
   l= 2   rc=  0.000010   Ekb=  0.000000
   l= 2   rc=  1.466729   Ekb=  6.044853

PSML: Total number of  Kleinman-Bylander projectors:  18
atom: -------------------------------------------------------------------------

atom: SANKEY-TYPE ORBITALS:
atom: Selected multiple-zeta basis: split     

SPLIT: Orbitals with angular momentum L= 0

SPLIT: Basis orbitals for state 3s

SPLIT: PAO cut-off radius determined from an
SPLIT: energy shift=  0.022050 Ry
Split based on tail norm

   izeta = 1
                 lambda =    1.000000
                     rc =    4.064833
                 energy =   -1.243679
                kinetic =    1.019640
    potential(screened) =   -2.263320
       potential(ionic) =   -7.252693

   izeta = 2
                 rmatch =    2.954860
              splitnorm =    0.150000
                 energy =   -0.545333
                kinetic =    2.292117
    potential(screened) =   -2.837450
       potential(ionic) =   -8.125651

SPLIT: Orbitals with angular momentum L= 1

SPLIT: Basis orbitals for state 3p

SPLIT: PAO cut-off radius determined from an
SPLIT: energy shift=  0.022050 Ry
Split based on tail norm

   izeta = 1
                 lambda =    1.000000
                     rc =    4.927355
                 energy =   -0.490581
                kinetic =    1.553844
    potential(screened) =   -2.044425
       potential(ionic) =   -6.717171

   izeta = 2
                 rmatch =    3.607669
              splitnorm =    0.150000
                 energy =   -0.282253
                kinetic =    2.351088
    potential(screened) =   -2.633341
       potential(ionic) =   -7.706677

POLgen: Perturbative polarization orbital with L=  2

POLgen: Polarization orbital for state 3p
Split based on tail norm

   izeta = 1
                     rc =    4.927355
                 energy =    0.579957
                kinetic =    3.043342
    potential(screened) =   -2.463385
       potential(ionic) =   -6.994726
atom: Total number of Sankey-type orbitals: 13

atm_pop: Valence configuration (for local Pseudopot. screening):
 3s( 2.00)                                                            
 3p( 4.00)                                                            
 3d( 0.00)                                                            
Vna: chval, zval:    6.00000   6.00000

Vna:  Cut-off radius for the neutral-atom potential:   4.927355
comcore: Pseudo-core radius Rcore=  2.210716

atom: _________________________________________________________________________

prinput: Basis input 

PAO.BasisType split     

%block ChemicalSpeciesLabel
    1   74 W                       # Species index, atomic number, species label
    2   16 S                       # Species index, atomic number, species label
%endblock ChemicalSpeciesLabel

%block PAO.Basis                 # Define Basis set
# WARNING: This information might be incomplete!
W                     5                    # Species label, number of l-shells
 n=5   0   1                         # n, l, Nzeta 
   2.593   
   1.000   
 n=6   0   2                         # n, l, Nzeta 
   6.057      4.644   
   1.000      1.000   
 n=5   1   1                         # n, l, Nzeta 
   3.051   
   1.000   
 n=6   1   1                         # n, l, Nzeta 
   6.057   
   1.000   
 n=5   2   2                         # n, l, Nzeta 
   5.007      3.633   
   1.000      1.000   
S                     2                    # Species label, number of l-shells
 n=3   0   2                         # n, l, Nzeta 
   4.065      2.955   
   1.000      1.000   
 n=3   1   2 P   1                   # n, l, Nzeta, Polarization, NzetaPol
   4.927      3.608   
   1.000      1.000   
%endblock PAO.Basis

prinput: ----------------------------------------------------------------------

Dumping basis to NetCDF file W.ion.nc
Dumping basis to NetCDF file S.ion.nc
coor:   Atomic-coordinates input format  =     Fractional

siesta: Atomic coordinates (Bohr) and species
siesta:     -0.00000   3.44005   5.82036  1        1
siesta:      2.97915   1.72003   8.79339  2        2
siesta:      2.97915   1.72003   2.84732  2        3
siesta:      2.97915   1.72003  17.46107  1        4
siesta:     -0.00000   3.44005  20.43411  2        5
siesta:     -0.00000   3.44005  14.48803  2        6

siesta: System type = bulk      

initatomlists: Number of atoms, orbitals, and projectors:      6    90   136

coxmol: Writing XMOL coordinates into file ws2_bulk.xyz                                                                                                                                                                                                                        

siesta: ******************** Simulation parameters ****************************
siesta:
siesta: The following are some of the parameters of the simulation.
siesta: A complete list of the parameters used, including default values,
siesta: can be found in file out.fdf
siesta:
redata: Spin configuration                          = none
redata: Number of spin components                   = 1
redata: Time-Reversal Symmetry                      = T
redata: Spin spiral                                 = F
redata: Long output                                 =   F
redata: Number of Atomic Species                    =        2
redata: Charge density info will appear in .RHO file
redata: Write Mulliken charges (when)               = none
redata: Write Mulliken Pop.                         = NO
redata: Write Hirshfeld charges (when)              = none
redata: Write Voronoi charges (when)                = none
redata: Write spin charge (when)                    = none
redata: Matel table size (NRTAB)                    =     1024
redata: Mesh Cutoff                                 =   300.0000 Ry
redata: Net charge of the system                    =     0.0000 |e|
redata: Min. number of SCF Iter                     =        0
redata: Max. number of SCF Iter                     =      300
redata: SCF convergence failure will abort job
redata: SCF mix quantity                            = Hamiltonian
redata: Mix DM or H after convergence               =   F
redata: Recompute H after scf cycle                 =   F
redata: Mix DM in first SCF step                    =   T
redata: Write Pulay info on disk                    =   F
redata: New DM Occupancy tolerance                  = 0.000000000001
redata: No kicks to SCF
redata: DM Mixing Weight for Kicks                  =     0.5000
redata: Require Harris convergence for SCF          =   F
redata: Harris energy tolerance for SCF             =     0.000100 eV
redata: Require DM convergence for SCF              =   T
redata: DM tolerance for SCF                        =     0.000100
redata: Require EDM convergence for SCF             =   F
redata: EDM tolerance for SCF                       =     0.001000 eV
redata: Require H convergence for SCF               =   T
redata: Hamiltonian tolerance for SCF               =     0.001000 eV
redata: Require (free) Energy convergence for SCF   =   F
redata: (free) Energy tolerance for SCF             =     0.000100 eV
redata: Using DFT-D3 dispersion                     =   F
redata: Using Saved Data (generic)                  =   F
redata: Use continuation files for DM               =   T
redata: Neglect nonoverlap interactions             =   F
redata: Method of Calculation                       = Diagonalization
redata: Electronic Temperature                      =   290.1130 K
redata: Fix the spin of the system                  =   F
redata: Max. number of TDED Iter                    =        1
redata: Number of TDED substeps                     =        3
redata: Dynamics option                             = CG coord. optimization
redata: Variable cell                               =   F
redata: Use continuation files for CG               =   F
redata: Max atomic displ per move                   =     0.1058 Ang
redata: Maximum number of optimization moves        =      200
redata: Force tolerance                             =     0.0200 eV/Ang
mix.SCF: Pulay mixing                            = Pulay
mix.SCF:    Variant                              = stable
mix.SCF:    History steps                        = 2
mix.SCF:    Linear mixing weight                 =     0.050000
mix.SCF:    Mixing weight                        =     0.050000
mix.SCF:    SVD condition                        = 0.1000E-07
redata: Save all siesta data in one NC              =   F
redata: ***********************************************************************

%block SCF.Mixers
  Pulay
%endblock SCF.Mixers

%block SCF.Mixer.Pulay
  # Mixing method
  method pulay
  variant stable

  # Mixing options
  weight 0.0500
  weight.linear 0.0500
  history 2
%endblock SCF.Mixer.Pulay

DM_history_depth set to one: no extrapolation allowed by default for geometry relaxation
Size of DM history Fstack: 1
Total number of electrons:    52.000000
Total ionic charge:    52.000000
k-point displ. along   3 input, could be:     0.00    0.50
 Kpoints in:          480 . Kpoints trimmed:          458

siesta: k-grid: Number of k-points = 458
siesta: k-points from Monkhorst-Pack grid
siesta: k-cutoff (effective) =    23.648 Ang
siesta: k-point supercell and displacements
siesta: k-grid:    15     0     0      0.000
siesta: k-grid:     0    15     0      0.000
siesta: k-grid:     0     0     4      0.000

diag: Algorithm                                     = D&C
diag: Used triangular part                          = Lower
diag: Absolute tolerance                            =  0.100E-15
diag: Orthogonalization factor                      =  0.100E-05
diag: Memory factor                                 =  1.0000

superc: Internal auxiliary supercell:     5 x     5 x     3  =      75
superc: Number of atoms, orbitals, and projectors:    450   6750  10200


ts: **************************************************************
ts: Save H and S matrices                           =    F
ts: Save TSHS files in MD/FC simulation             =    F
ts: Save DM and EDM matrices                        =    F
ts: Only save the overlap matrix S                  =    F
ts: **************************************************************

************************ Begin: TS CHECKS AND WARNINGS ************************
************************ End: TS CHECKS AND WARNINGS **************************


                     ====================================
                        Begin CG opt. move =      0
                     ====================================

superc: Internal auxiliary supercell:     5 x     5 x     3  =      75
superc: Number of atoms, orbitals, and projectors:    450   6750  10200

outcell: Unit cell vectors (Ang):
        3.153000    0.000000    0.000000
       -1.576500    2.730598    0.000000
        0.000000    0.000000   12.320000

outcell: Cell vector modules (Ang)   :    3.153000    3.153017   12.320000
outcell: Cell angles (23,13,12) (deg):     90.0000     90.0000    119.9998
outcell: Cell volume (Ang**3)        :    106.0700
<dSpData1D:S at geom step 0
  <sparsity:sparsity for geom step 0
    nrows_g=90 nrows=90 sparsity=5.6822 nnzs=46026, refcount: 7>
  <dData1D:(new from dSpData1D) n=46026, refcount: 1>
refcount: 1>
new_DM -- step:     1
Initializing Density Matrix...

Attempting to read DM from file... Failed...
DM filled with atomic data:
<dSpData2D:DM initialized from atoms
  <sparsity:sparsity for geom step 0
    nrows_g=90 nrows=90 sparsity=5.6822 nnzs=46026, refcount: 8>
  <dData2D:DM n=46026 m=1, refcount: 1>
refcount: 1>
No. of atoms with KB's overlaping orbs in proc 0. Max # of overlaps:      46     157

InitMesh: MESH = 30 x 30 x 144 = 129600
InitMesh: Mesh cutoff (required, used) =   300.000   333.602 Ry
New grid distribution [1]: sub = 2

stepf: Fermi-Dirac step function

siesta: Program's energy decomposition (eV):
siesta: Ebs     =     -1492.375417
siesta: Eions   =      9635.803481
siesta: Ena     =      3043.452852
siesta: Ekin    =      1555.022131
siesta: Enl     =       689.697186
siesta: Eso     =         0.000000
siesta: Edftu   =         0.000000
siesta: DEna    =       130.569374
siesta: DUscf   =       115.626334
siesta: DUext   =         0.000000
siesta: Ex      =     -1169.534671
siesta: Ec      =       -90.419705
siesta: Exc     =     -1259.954376
siesta: EbV     =         0.000000
siesta: eta*DQ  =         0.000000
siesta: Emadel  =         0.000000
siesta: Emeta   =         0.000000
siesta: Emolmec =         0.000000
siesta: Ekinion =         0.000000
siesta: Eharris =     -5226.465923
siesta: Etot    =     -5361.389981
siesta: FreeEng =     -5361.389981

        iscf     Eharris(eV)        E_KS(eV)     FreeEng(eV)     dDmax    Ef(eV) dHmax(eV)
   scf:    1    -5226.465923    -5361.389981    -5361.389981  1.520722 -1.374489 33.184984
timer: Routine,Calls,Time,% = IterSCF        1       2.315  45.34
   scf:    2    -5387.622655    -5374.768019    -5374.768019  0.038207 -2.216912 29.263274
   scf:    3    -5228.467462    -5381.301840    -5381.310524  0.368321 -6.377931 23.213908
   scf:    4    -5386.245280    -5421.095182    -5421.095182  0.272056 -4.909274 10.330195
   scf:    5    -5431.377487    -5427.430907    -5427.430907  0.054926 -5.437710  3.839810
   scf:    6    -5428.777858    -5428.412198    -5428.412198  0.027544 -5.466642  1.024082
   scf:    7    -5428.496940    -5428.457251    -5428.457251  0.005117 -5.446008  0.841766
   scf:    8    -5428.680120    -5428.578549    -5428.578549  0.013020 -5.356366  1.067665
   scf:    9    -5428.765563    -5428.677149    -5428.677149  0.009666 -5.399997  0.959396
   scf:   10    -5428.832103    -5428.765761    -5428.765761  0.014134 -5.309037  0.609048
   scf:   11    -5428.798381    -5428.785050    -5428.785050  0.006457 -5.183290  0.340137
   scf:   12    -5428.790029    -5428.789277    -5428.789277  0.004602 -5.224488  0.153753
   scf:   13    -5428.790450    -5428.790076    -5428.790076  0.001508 -5.238200  0.141456
   scf:   14    -5428.791324    -5428.790898    -5428.790898  0.001660 -5.250412  0.117954
   scf:   15    -5428.792868    -5428.791923    -5428.791923  0.000944 -5.253780  0.097203
   scf:   16    -5428.795591    -5428.793892    -5428.793892  0.001883 -5.256418  0.094144
   scf:   17    -5428.796086    -5428.795068    -5428.795068  0.001303 -5.254675  0.080983
   scf:   18    -5428.796170    -5428.795729    -5428.795729  0.001284 -5.250433  0.049471
   scf:   19    -5428.795866    -5428.795819    -5428.795819  0.000388 -5.247522  0.028147
   scf:   20    -5428.795830    -5428.795836    -5428.795836  0.000203 -5.245155  0.023102
   scf:   21    -5428.795868    -5428.795853    -5428.795853  0.000129 -5.244271  0.020170
   scf:   22    -5428.795907    -5428.795882    -5428.795882  0.000277 -5.243383  0.016017
   scf:   23    -5428.795936    -5428.795910    -5428.795910  0.000304 -5.243035  0.013923
   scf:   24    -5428.795998    -5428.795956    -5428.795956  0.000685 -5.242732  0.013191
   scf:   25    -5428.796001    -5428.795980    -5428.795980  0.000601 -5.242840  0.009997
   scf:   26    -5428.795995    -5428.795989    -5428.795989  0.000544 -5.243150  0.005240
   scf:   27    -5428.795990    -5428.795990    -5428.795990  0.000189 -5.243357  0.003050
   scf:   28    -5428.795990    -5428.795990    -5428.795990  0.000087 -5.243472  0.003206
   scf:   29    -5428.795991    -5428.795990    -5428.795990  0.000013 -5.243471  0.002995
   scf:   30    -5428.795991    -5428.795991    -5428.795991  0.000015 -5.243406  0.002636
   scf:   31    -5428.795992    -5428.795991    -5428.795991  0.000015 -5.243301  0.002319
   scf:   32    -5428.795993    -5428.795992    -5428.795992  0.000038 -5.243037  0.001676
   scf:   33    -5428.795993    -5428.795992    -5428.795992  0.000040 -5.242761  0.001374
   scf:   34    -5428.795993    -5428.795993    -5428.795993  0.000052 -5.242411  0.000930

SCF Convergence by DM+H criterion
max |DM_out - DM_in|         :     0.0000515907
max |H_out - H_in|      (eV) :     0.0009304417
SCF cycle converged after 34 iterations

Using DM_out to compute the final energy and forces
No. of atoms with KB's overlaping orbs in proc 0. Max # of overlaps:      46     157

siesta: E_KS(eV) =            -5428.7960

siesta: E_KS - E_eggbox =     -5428.7960

siesta: Atomic forces (eV/Ang):
----------------------------------------
   Tot   -0.000000   -0.000000    0.000000
----------------------------------------
   Max    4.283625
   Res    2.019320    sqrt( Sum f_i^2 / 3N )
----------------------------------------
   Max    4.283625    constrained

Stress tensor Voigt[x,y,z,yz,xz,xy] (kbar):      176.32      176.37      458.25       -0.00       -0.00        0.03
(Free)E + p*V (eV/cell)    -5446.6918
Target enthalpy (eV/cell)    -5428.7960

                     ====================================
                        Begin CG opt. move =      1
                     ====================================

superc: Internal auxiliary supercell:     5 x     5 x     3  =      75
superc: Number of atoms, orbitals, and projectors:    450   6750  10200

outcell: Unit cell vectors (Ang):
        3.153000    0.000000    0.000000
       -1.576500    2.730598    0.000000
        0.000000    0.000000   12.320000

outcell: Cell vector modules (Ang)   :    3.153000    3.153017   12.320000
outcell: Cell angles (23,13,12) (deg):     90.0000     90.0000    119.9998
outcell: Cell volume (Ang**3)        :    106.0700
<dSpData1D:S at geom step 1
  <sparsity:sparsity for geom step 1
    nrows_g=90 nrows=90 sparsity=5.8175 nnzs=47122, refcount: 7>
  <dData1D:(new from dSpData1D) n=47122, refcount: 1>
refcount: 1>
new_DM -- step:     2
Re-using DM from previous geometries...
Number of DMs in history: 1
 DM extrapolation coefficients: 
1   1.00000
New DM after history re-use:
<dSpData2D:SpM extrapolated using coords
  <sparsity:sparsity for geom step 1
    nrows_g=90 nrows=90 sparsity=5.8175 nnzs=47122, refcount: 9>
  <dData2D:(temp array for extrapolation) n=47122 m=1, refcount: 1>
refcount: 1>
Note: For starting DM, Qtot, Tr[D*S] =         52.00000000         52.21724969
No. of atoms with KB's overlaping orbs in proc 0. Max # of overlaps:      46     157

InitMesh: MESH = 30 x 30 x 144 = 129600
InitMesh: Mesh cutoff (required, used) =   300.000   333.602 Ry
New grid distribution [1]: sub = 2

        iscf     Eharris(eV)        E_KS(eV)     FreeEng(eV)     dDmax    Ef(eV) dHmax(eV)
   scf:    1    -5431.170662    -5429.583704    -5429.583704  0.066255 -5.236166  0.679731
   scf:    2    -5429.028156    -5429.423488    -5429.423488  0.018082 -5.075849  1.668076
   scf:    3    -5429.640635    -5429.602123    -5429.602123  0.013666 -5.185915  0.137183
   scf:    4    -5429.603095    -5429.602617    -5429.602617  0.000593 -5.181118  0.136689
   scf:    5    -5429.605813    -5429.604403    -5429.604403  0.003244 -5.151962  0.118841
   scf:    6    -5429.604922    -5429.604669    -5429.604669  0.000728 -5.187418  0.101896
   scf:    7    -5429.605421    -5429.605120    -5429.605120  0.002497 -5.154219  0.036445
   scf:    8    -5429.605159    -5429.605141    -5429.605141  0.000259 -5.193957  0.023939
   scf:    9    -5429.605147    -5429.605151    -5429.605151  0.000527 -5.183127  0.011150
   scf:   10    -5429.605164    -5429.605158    -5429.605158  0.000051 -5.182372  0.009896
   scf:   11    -5429.605195    -5429.605178    -5429.605178  0.000211 -5.179803  0.012429
   scf:   12    -5429.605187    -5429.605183    -5429.605183  0.000040 -5.179887  0.011747
   scf:   13    -5429.605197    -5429.605191    -5429.605191  0.000144 -5.180526  0.008588
   scf:   14    -5429.605193    -5429.605192    -5429.605192  0.000033 -5.180927  0.007406
   scf:   15    -5429.605193    -5429.605193    -5429.605193  0.000120 -5.182442  0.003303
   scf:   16    -5429.605194    -5429.605193    -5429.605193  0.000025 -5.182804  0.002629
   scf:   17    -5429.605195    -5429.605194    -5429.605194  0.000114 -5.184414  0.001695
   scf:   18    -5429.605195    -5429.605194    -5429.605194  0.000020 -5.184676  0.001561
   scf:   19    -5429.605195    -5429.605195    -5429.605195  0.000055 -5.185408  0.001644
   scf:   20    -5429.605195    -5429.605195    -5429.605195  0.000006 -5.185448  0.001574
   scf:   21    -5429.605195    -5429.605195    -5429.605195  0.000021 -5.185524  0.001281
   scf:   22    -5429.605195    -5429.605195    -5429.605195  0.000006 -5.185483  0.001182
   scf:   23    -5429.605195    -5429.605195    -5429.605195  0.000029 -5.185269  0.000782

SCF Convergence by DM+H criterion
max |DM_out - DM_in|         :     0.0000288332
max |H_out - H_in|      (eV) :     0.0007816296
SCF cycle converged after 23 iterations

Using DM_out to compute the final energy and forces
No. of atoms with KB's overlaping orbs in proc 0. Max # of overlaps:      46     157

siesta: E_KS(eV) =            -5429.6052

siesta: Atomic forces (eV/Ang):
----------------------------------------
   Tot    0.000000   -0.000000    0.000000
----------------------------------------
   Max    3.335173
   Res    1.572215    sqrt( Sum f_i^2 / 3N )
----------------------------------------
   Max    3.335173    constrained

Stress tensor Voigt[x,y,z,yz,xz,xy] (kbar):      155.76      155.80      362.02        0.00       -0.00        0.03
(Free)E + p*V (eV/cell)    -5444.4697
Target enthalpy (eV/cell)    -5429.6052

                     ====================================
                        Begin CG opt. move =      2
                     ====================================

superc: Internal auxiliary supercell:     5 x     5 x     3  =      75
superc: Number of atoms, orbitals, and projectors:    450   6750  10200

outcell: Unit cell vectors (Ang):
        3.153000    0.000000    0.000000
       -1.576500    2.730598    0.000000
        0.000000    0.000000   12.320000

outcell: Cell vector modules (Ang)   :    3.153000    3.153017   12.320000
outcell: Cell angles (23,13,12) (deg):     90.0000     90.0000    119.9998
outcell: Cell volume (Ang**3)        :    106.0700
<dSpData1D:S at geom step 2
  <sparsity:sparsity for geom step 2
    nrows_g=90 nrows=90 sparsity=5.8146 nnzs=47098, refcount: 7>
  <dData1D:(new from dSpData1D) n=47098, refcount: 1>
refcount: 1>
new_DM -- step:     3
Re-using DM from previous geometries...
Number of DMs in history: 1
 DM extrapolation coefficients: 
1   1.00000
New DM after history re-use:
<dSpData2D:SpM extrapolated using coords
  <sparsity:sparsity for geom step 2
    nrows_g=90 nrows=90 sparsity=5.8146 nnzs=47098, refcount: 9>
  <dData2D:(temp array for extrapolation) n=47098 m=1, refcount: 1>
refcount: 1>
Note: For starting DM, Qtot, Tr[D*S] =         52.00000000         52.34418482
No. of atoms with KB's overlaping orbs in proc 0. Max # of overlaps:      46     157

InitMesh: MESH = 30 x 30 x 144 = 129600
InitMesh: Mesh cutoff (required, used) =   300.000   333.602 Ry
New grid distribution [1]: sub = 2

        iscf     Eharris(eV)        E_KS(eV)     FreeEng(eV)     dDmax    Ef(eV) dHmax(eV)
   scf:    1    -5432.368334    -5430.365200    -5430.365201  0.085839 -5.216360  1.227427
   scf:    2    -5428.870931    -5429.942773    -5429.942773  0.031543 -4.756329  2.779806
   scf:    3    -5430.548705    -5430.423930    -5430.423930  0.023131 -5.099412  0.183453
   scf:    4    -5430.425763    -5430.424875    -5430.424875  0.000799 -5.100173  0.197596
   scf:    5    -5430.428449    -5430.426785    -5430.426785  0.002240 -5.099065  0.207488
   scf:    6    -5430.428543    -5430.427685    -5430.427685  0.001368 -5.096000  0.191465
   scf:    7    -5430.430541    -5430.429232    -5430.429233  0.003581 -5.086192  0.132783
   scf:    8    -5430.429974    -5430.429627    -5430.429627  0.001671 -5.080100  0.091076
   scf:    9    -5430.429877    -5430.429792    -5430.429792  0.002089 -5.071395  0.029632
   scf:   10    -5430.429802    -5430.429801    -5430.429801  0.000462 -5.068618  0.020827
   scf:   11    -5430.429786    -5430.429800    -5430.429800  0.000432 -5.065708  0.019474
   scf:   12    -5430.429836    -5430.429818    -5430.429819  0.000096 -5.065330  0.023576
   scf:   13    -5430.429889    -5430.429856    -5430.429857  0.000190 -5.065159  0.029287
   scf:   14    -5430.429898    -5430.429878    -5430.429878  0.000159 -5.065591  0.028317
   scf:   15    -5430.429942    -5430.429913    -5430.429913  0.000390 -5.066932  0.023439
   scf:   16    -5430.429933    -5430.429923    -5430.429924  0.000195 -5.067833  0.019108
   scf:   17    -5430.429937    -5430.429932    -5430.429932  0.000322 -5.069475  0.010845
   scf:   18    -5430.429934    -5430.429933    -5430.429933  0.000116 -5.070193  0.007054
   scf:   19    -5430.429933    -5430.429933    -5430.429934  0.000168 -5.071302  0.004333
   scf:   20    -5430.429935    -5430.429934    -5430.429934  0.000047 -5.071676  0.003969
   scf:   21    -5430.429937    -5430.429936    -5430.429936  0.000073 -5.072215  0.004712
   scf:   22    -5430.429938    -5430.429937    -5430.429937  0.000029 -5.072306  0.004902
   scf:   23    -5430.429940    -5430.429938    -5430.429939  0.000050 -5.072348  0.004697
   scf:   24    -5430.429939    -5430.429939    -5430.429939  0.000019 -5.072260  0.004210
   scf:   25    -5430.429940    -5430.429940    -5430.429940  0.000042 -5.072040  0.003301
   scf:   26    -5430.429940    -5430.429940    -5430.429940  0.000023 -5.071894  0.002833
   scf:   27    -5430.429940    -5430.429940    -5430.429940  0.000052 -5.071558  0.001779
   scf:   28    -5430.429940    -5430.429940    -5430.429940  0.000026 -5.071394  0.001318
   scf:   29    -5430.429940    -5430.429940    -5430.429940  0.000055 -5.071055  0.000902

SCF Convergence by DM+H criterion
max |DM_out - DM_in|         :     0.0000549259
max |H_out - H_in|      (eV) :     0.0009017220
SCF cycle converged after 29 iterations

Using DM_out to compute the final energy and forces
No. of atoms with KB's overlaping orbs in proc 0. Max # of overlaps:      46     157

siesta: E_KS(eV) =            -5430.4299

siesta: Atomic forces (eV/Ang):
----------------------------------------
   Tot   -0.000000   -0.000000   -0.000000
----------------------------------------
   Max    1.443067
   Res    0.680269    sqrt( Sum f_i^2 / 3N )
----------------------------------------
   Max    1.443067    constrained

Stress tensor Voigt[x,y,z,yz,xz,xy] (kbar):      110.01      110.06      180.46        0.00        0.00        0.03
(Free)E + p*V (eV/cell)    -5439.2688
Target enthalpy (eV/cell)    -5430.4299

                     ====================================
                        Begin CG opt. move =      3
                     ====================================

superc: Internal auxiliary supercell:     5 x     5 x     3  =      75
superc: Number of atoms, orbitals, and projectors:    450   6750  10200

outcell: Unit cell vectors (Ang):
        3.153000    0.000000    0.000000
       -1.576500    2.730598    0.000000
        0.000000    0.000000   12.320000

outcell: Cell vector modules (Ang)   :    3.153000    3.153017   12.320000
outcell: Cell angles (23,13,12) (deg):     90.0000     90.0000    119.9998
outcell: Cell volume (Ang**3)        :    106.0700
<dSpData1D:S at geom step 3
  <sparsity:sparsity for geom step 3
    nrows_g=90 nrows=90 sparsity=5.7923 nnzs=46918, refcount: 7>
  <dData1D:(new from dSpData1D) n=46918, refcount: 1>
refcount: 1>
new_DM -- step:     4
Re-using DM from previous geometries...
Number of DMs in history: 1
 DM extrapolation coefficients: 
1   1.00000
New DM after history re-use:
<dSpData2D:SpM extrapolated using coords
  <sparsity:sparsity for geom step 3
    nrows_g=90 nrows=90 sparsity=5.7923 nnzs=46918, refcount: 9>
  <dData2D:(temp array for extrapolation) n=46918 m=1, refcount: 1>
refcount: 1>
Note: For starting DM, Qtot, Tr[D*S] =         52.00000000         52.40886537
No. of atoms with KB's overlaping orbs in proc 0. Max # of overlaps:      46     157

InitMesh: MESH = 30 x 30 x 144 = 129600
InitMesh: Mesh cutoff (required, used) =   300.000   333.602 Ry
New grid distribution [1]: sub = 2

        iscf     Eharris(eV)        E_KS(eV)     FreeEng(eV)     dDmax    Ef(eV) dHmax(eV)
   scf:    1    -5431.475218    -5430.322924    -5430.324062  0.100569 -5.204449  1.611452
   scf:    2    -5428.412833    -5429.802910    -5429.803250  0.041446 -4.501540  3.234963
   scf:    3    -5430.611682    -5430.421279    -5430.422405  0.029134 -5.024664  0.169729
   scf:    4    -5430.423857    -5430.422646    -5430.423799  0.000743 -5.029052  0.209694
   scf:    5    -5430.425501    -5430.424133    -5430.425307  0.001368 -5.029432  0.224718
   scf:    6    -5430.427002    -5430.425619    -5430.426810  0.001849 -5.026652  0.219761
   scf:    7    -5430.428472    -5430.427108    -5430.428313  0.002546 -5.020372  0.193786
   scf:    8    -5430.429187    -5430.428210    -5430.429425  0.002969 -5.010895  0.146173
   scf:    9    -5430.429105    -5430.428707    -5430.429926  0.002826 -5.000025  0.085449
   scf:   10    -5430.428806    -5430.428779    -5430.429997  0.001833 -4.991458  0.038137
   scf:   11    -5430.428737    -5430.428768    -5430.429982  0.000871 -4.986159  0.024911
   scf:   12    -5430.428794    -5430.428785    -5430.429995  0.000307 -4.983630  0.023090
   scf:   13    -5430.428859    -5430.428825    -5430.430031  0.000143 -4.982649  0.032426
   scf:   14    -5430.428914    -5430.428871    -5430.430075  0.000210 -4.982615  0.036633
   scf:   15    -5430.428966    -5430.428920    -5430.430122  0.000310 -4.983223  0.037161
   scf:   16    -5430.429009    -5430.428966    -5430.430166  0.000392 -4.984425  0.034326
   scf:   17    -5430.429039    -5430.429004    -5430.430203  0.000479 -4.986267  0.028046
   scf:   18    -5430.429042    -5430.429025    -5430.430223  0.000471 -4.988419  0.019449
   scf:   19    -5430.429034    -5430.429031    -5430.430229  0.000385 -4.990472  0.010402
   scf:   20    -5430.429028    -5430.429030    -5430.430229  0.000234 -4.991969  0.005724
   scf:   21    -5430.429027    -5430.429028    -5430.430228  0.000116 -4.992921  0.005114
   scf:   22    -5430.429029    -5430.429029    -5430.430229  0.000056 -4.993409  0.006194
   scf:   23    -5430.429031    -5430.429030    -5430.430231  0.000040 -4.993607  0.007216
   scf:   24    -5430.429034    -5430.429032    -5430.430233  0.000041 -4.993593  0.007291
   scf:   25    -5430.429035    -5430.429034    -5430.430235  0.000060 -4.993425  0.006697
   scf:   26    -5430.429037    -5430.429035    -5430.430237  0.000069 -4.993145  0.005625
   scf:   27    -5430.429037    -5430.429036    -5430.430238  0.000074 -4.992776  0.004421
   scf:   28    -5430.429038    -5430.429037    -5430.430239  0.000069 -4.992378  0.003110
   scf:   29    -5430.429038    -5430.429037    -5430.430239  0.000062 -4.991974  0.001775
   scf:   30    -5430.429038    -5430.429037    -5430.430239  0.000053 -4.991620  0.001210
   scf:   31    -5430.429038    -5430.429038    -5430.430239  0.000047 -4.991327  0.001182
   scf:   32    -5430.429038    -5430.429038    -5430.430239  0.000036 -4.991125  0.001427
   scf:   33    -5430.429038    -5430.429038    -5430.430239  0.000025 -4.991003  0.001684
   scf:   34    -5430.429038    -5430.429038    -5430.430239  0.000013 -4.990955  0.001700
   scf:   35    -5430.429038    -5430.429038    -5430.430239  0.000009 -4.990958  0.001566
   scf:   36    -5430.429038    -5430.429038    -5430.430239  0.000012 -4.990995  0.001352
   scf:   37    -5430.429038    -5430.429038    -5430.430239  0.000013 -4.991056  0.001091
   scf:   38    -5430.429038    -5430.429038    -5430.430239  0.000014 -4.991131  0.000816

SCF Convergence by DM+H criterion
max |DM_out - DM_in|         :     0.0000138894
max |H_out - H_in|      (eV) :     0.0008163702
SCF cycle converged after 38 iterations

Using DM_out to compute the final energy and forces
No. of atoms with KB's overlaping orbs in proc 0. Max # of overlaps:      46     157

siesta: E_KS(eV) =            -5430.4290

siesta: Atomic forces (eV/Ang):
----------------------------------------
   Tot    0.000000   -0.000000    0.000000
----------------------------------------
   Max    1.543737
   Res    0.727725    sqrt( Sum f_i^2 / 3N )
----------------------------------------
   Max    1.543737    constrained

Stress tensor Voigt[x,y,z,yz,xz,xy] (kbar):       26.41       26.47      -73.43        0.00       -0.00        0.03
(Free)E + p*V (eV/cell)    -5429.9768
Target enthalpy (eV/cell)    -5430.4302

                     ====================================
                        Begin CG opt. move =      4
                     ====================================

superc: Internal auxiliary supercell:     5 x     5 x     3  =      75
superc: Number of atoms, orbitals, and projectors:    450   6750  10200

outcell: Unit cell vectors (Ang):
        3.153000    0.000000    0.000000
       -1.576500    2.730598    0.000000
        0.000000    0.000000   12.320000

outcell: Cell vector modules (Ang)   :    3.153000    3.153017   12.320000
outcell: Cell angles (23,13,12) (deg):     90.0000     90.0000    119.9998
outcell: Cell volume (Ang**3)        :    106.0700
<dSpData1D:S at geom step 4
  <sparsity:sparsity for geom step 4
    nrows_g=90 nrows=90 sparsity=5.7973 nnzs=46958, refcount: 7>
  <dData1D:(new from dSpData1D) n=46958, refcount: 1>
refcount: 1>
new_DM -- step:     5
Re-using DM from previous geometries...
Number of DMs in history: 1
 DM extrapolation coefficients: 
1   1.00000
New DM after history re-use:
<dSpData2D:SpM extrapolated using coords
  <sparsity:sparsity for geom step 4
    nrows_g=90 nrows=90 sparsity=5.7973 nnzs=46958, refcount: 9>
  <dData2D:(temp array for extrapolation) n=46958 m=1, refcount: 1>
refcount: 1>
Note: For starting DM, Qtot, Tr[D*S] =         52.00000000         51.78837055
No. of atoms with KB's overlaping orbs in proc 0. Max # of overlaps:      46     157

InitMesh: MESH = 30 x 30 x 144 = 129600
InitMesh: Mesh cutoff (required, used) =   300.000   333.602 Ry
New grid distribution [1]: sub = 2

        iscf     Eharris(eV)        E_KS(eV)     FreeEng(eV)     dDmax    Ef(eV) dHmax(eV)
   scf:    1    -5430.002927    -5430.570398    -5430.570436  0.055195 -4.899568  0.714292
   scf:    2    -5430.210051    -5430.470311    -5430.470587  0.019128 -5.185173  1.408050
   scf:    3    -5430.619222    -5430.587509    -5430.587579  0.013394 -4.979755  0.125225
   scf:    4    -5430.588253    -5430.587884    -5430.587954  0.000720 -4.983005  0.108396
   scf:    5    -5430.590924    -5430.589569    -5430.589639  0.005347 -5.005710  0.027370
   scf:    6    -5430.589834    -5430.589707    -5430.589776  0.000742 -5.007654  0.021884
   scf:    7    -5430.589925    -5430.589846    -5430.589912  0.001609 -5.011397  0.022336
   scf:    8    -5430.589868    -5430.589857    -5430.589923  0.000048 -5.011024  0.019359
   scf:    9    -5430.589895    -5430.589881    -5430.589946  0.000173 -5.009563  0.008615
   scf:   10    -5430.589888    -5430.589884    -5430.589949  0.000046 -5.009272  0.007262
   scf:   11    -5430.589899    -5430.589893    -5430.589958  0.000241 -5.007867  0.003770
   scf:   12    -5430.589895    -5430.589894    -5430.589959  0.000045 -5.007686  0.003515
   scf:   13    -5430.589896    -5430.589896    -5430.589961  0.000098 -5.007297  0.002719
   scf:   14    -5430.589896    -5430.589896    -5430.589961  0.000022 -5.007225  0.002391
   scf:   15    -5430.589897    -5430.589896    -5430.589962  0.000079 -5.006945  0.001697
   scf:   16    -5430.589897    -5430.589897    -5430.589962  0.000031 -5.006812  0.001619
   scf:   17    -5430.589897    -5430.589897    -5430.589962  0.000071 -5.006474  0.001183
   scf:   18    -5430.589897    -5430.589897    -5430.589962  0.000017 -5.006371  0.000853

SCF Convergence by DM+H criterion
max |DM_out - DM_in|         :     0.0000165201
max |H_out - H_in|      (eV) :     0.0008533519
SCF cycle converged after 18 iterations

Using DM_out to compute the final energy and forces
No. of atoms with KB's overlaping orbs in proc 0. Max # of overlaps:      46     157

siesta: E_KS(eV) =            -5430.5899

siesta: Atomic forces (eV/Ang):
----------------------------------------
   Tot    0.000000    0.000000   -0.000000
----------------------------------------
   Max    0.077019
   Res    0.036307    sqrt( Sum f_i^2 / 3N )
----------------------------------------
   Max    0.077019    constrained

Stress tensor Voigt[x,y,z,yz,xz,xy] (kbar):       74.14       74.20       60.01       -0.00       -0.00        0.03
(Free)E + p*V (eV/cell)    -5435.1876
Target enthalpy (eV/cell)    -5430.5900

cgvc: Finished line minimization    1.  Mean atomic displacement =    0.1637

                     ====================================
                        Begin CG opt. move =      5
                     ====================================

superc: Internal auxiliary supercell:     5 x     5 x     3  =      75
superc: Number of atoms, orbitals, and projectors:    450   6750  10200

outcell: Unit cell vectors (Ang):
        3.153000    0.000000    0.000000
       -1.576500    2.730598    0.000000
        0.000000    0.000000   12.320000

outcell: Cell vector modules (Ang)   :    3.153000    3.153017   12.320000
outcell: Cell angles (23,13,12) (deg):     90.0000     90.0000    119.9998
outcell: Cell volume (Ang**3)        :    106.0700
<dSpData1D:S at geom step 5
  <sparsity:sparsity for geom step 5
    nrows_g=90 nrows=90 sparsity=5.7923 nnzs=46918, refcount: 7>
  <dData1D:(new from dSpData1D) n=46918, refcount: 1>
refcount: 1>
new_DM -- step:     6
Re-using DM from previous geometries...
Number of DMs in history: 1
 DM extrapolation coefficients: 
1   1.00000
New DM after history re-use:
<dSpData2D:SpM extrapolated using coords
  <sparsity:sparsity for geom step 5
    nrows_g=90 nrows=90 sparsity=5.7923 nnzs=46918, refcount: 9>
  <dData2D:(temp array for extrapolation) n=46918 m=1, refcount: 1>
refcount: 1>
Note: For starting DM, Qtot, Tr[D*S] =         52.00000000         52.38712752
No. of atoms with KB's overlaping orbs in proc 0. Max # of overlaps:      46     157

InitMesh: MESH = 30 x 30 x 144 = 129600
InitMesh: Mesh cutoff (required, used) =   300.000   333.602 Ry
New grid distribution [1]: sub = 2

        iscf     Eharris(eV)        E_KS(eV)     FreeEng(eV)     dDmax    Ef(eV) dHmax(eV)
   scf:    1    -5429.969756    -5429.828481    -5429.832544  0.107097 -5.157941  1.653428
   scf:    2    -5427.974144    -5429.331086    -5429.332179  0.042310 -4.446623  3.217349
   scf:    3    -5430.124466    -5429.932294    -5429.935872  0.029283 -4.917478  0.149283
   scf:    4    -5429.934873    -5429.933661    -5429.937279  0.000709 -4.922932  0.189883
   scf:    5    -5429.936331    -5429.935050    -5429.938701  0.001286 -4.924054  0.206327
   scf:    6    -5429.937745    -5429.936448    -5429.940128  0.001789 -4.922023  0.205362
   scf:    7    -5429.939011    -5429.937785    -5429.941489  0.002379 -4.916600  0.185982
   scf:    8    -5429.939754    -5429.938830    -5429.942554  0.002952 -4.907386  0.145130
   scf:    9    -5429.939685    -5429.939303    -5429.943035  0.002846 -4.896246  0.090210
   scf:   10    -5429.939402    -5429.939375    -5429.943103  0.001985 -4.886561  0.041951
   scf:   11    -5429.939345    -5429.939370    -5429.943089  0.000936 -4.880403  0.027560
   scf:   12    -5429.939414    -5429.939397    -5429.943107  0.000330 -4.877206  0.020869
   scf:   13    -5429.939488    -5429.939445    -5429.943147  0.000141 -4.875888  0.029505
   scf:   14    -5429.939547    -5429.939498    -5429.943194  0.000215 -4.875604  0.034259
   scf:   15    -5429.939598    -5429.939549    -5429.943241  0.000303 -4.876011  0.035633
   scf:   16    -5429.939646    -5429.939599    -5429.943287  0.000399 -4.877063  0.033976
   scf:   17    -5429.939680    -5429.939641    -5429.943326  0.000492 -4.878817  0.029006
   scf:   18    -5429.939689    -5429.939667    -5429.943350  0.000536 -4.881159  0.020909
   scf:   19    -5429.939678    -5429.939674    -5429.943357  0.000446 -4.883504  0.011774
   scf:   20    -5429.939668    -5429.939671    -5429.943356  0.000278 -4.885309  0.006552
   scf:   21    -5429.939666    -5429.939669    -5429.943355  0.000127 -4.886399  0.004804
   scf:   22    -5429.939667    -5429.939668    -5429.943356  0.000051 -4.886952  0.005988
   scf:   23    -5429.939669    -5429.939669    -5429.943358  0.000035 -4.887157  0.007083
   scf:   24    -5429.939671    -5429.939670    -5429.943360  0.000051 -4.887151  0.007303
   scf:   25    -5429.939672    -5429.939671    -5429.943362  0.000068 -4.886990  0.006883
   scf:   26    -5429.939673    -5429.939672    -5429.943364  0.000083 -4.886690  0.005912
   scf:   27    -5429.939674    -5429.939673    -5429.943365  0.000092 -4.886274  0.004585
   scf:   28    -5429.939674    -5429.939674    -5429.943366  0.000090 -4.885788  0.003137
   scf:   29    -5429.939674    -5429.939674    -5429.943366  0.000074 -4.885320  0.001667
   scf:   30    -5429.939675    -5429.939674    -5429.943366  0.000056 -4.884933  0.001306
   scf:   31    -5429.939675    -5429.939675    -5429.943366  0.000041 -4.884659  0.001127
   scf:   32    -5429.939676    -5429.939675    -5429.943366  0.000027 -4.884489  0.001567
   scf:   33    -5429.939676    -5429.939676    -5429.943366  0.000015 -4.884404  0.001762
   scf:   34    -5429.939676    -5429.939676    -5429.943366  0.000009 -4.884380  0.001744
   scf:   35    -5429.939676    -5429.939676    -5429.943366  0.000013 -4.884401  0.001583
   scf:   36    -5429.939676    -5429.939676    -5429.943367  0.000015 -4.884453  0.001331
   scf:   37    -5429.939676    -5429.939676    -5429.943367  0.000016 -4.884525  0.001030
   scf:   38    -5429.939676    -5429.939676    -5429.943367  0.000017 -4.884613  0.000703

SCF Convergence by DM+H criterion
max |DM_out - DM_in|         :     0.0000165764
max |H_out - H_in|      (eV) :     0.0007029471
SCF cycle converged after 38 iterations

Using DM_out to compute the final energy and forces
No. of atoms with KB's overlaping orbs in proc 0. Max # of overlaps:      46     157

siesta: E_KS(eV) =            -5429.9397

siesta: Atomic forces (eV/Ang):
----------------------------------------
   Tot    0.000000   -0.000001   -0.000003
----------------------------------------
   Max    3.175420
   Res    1.506642    sqrt( Sum f_i^2 / 3N )
----------------------------------------
   Max    3.175420    constrained

Stress tensor Voigt[x,y,z,yz,xz,xy] (kbar):      -24.34      -36.67     -198.49       -0.00        0.00        0.90
(Free)E + p*V (eV/cell)    -5424.2166
Target enthalpy (eV/cell)    -5429.9434

                     ====================================
                        Begin CG opt. move =      6
                     ====================================

superc: Internal auxiliary supercell:     5 x     5 x     3  =      75
superc: Number of atoms, orbitals, and projectors:    450   6750  10200

outcell: Unit cell vectors (Ang):
        3.153000    0.000000    0.000000
       -1.576500    2.730598    0.000000
        0.000000    0.000000   12.320000

outcell: Cell vector modules (Ang)   :    3.153000    3.153017   12.320000
outcell: Cell angles (23,13,12) (deg):     90.0000     90.0000    119.9998
outcell: Cell volume (Ang**3)        :    106.0700
<dSpData1D:S at geom step 6
  <sparsity:sparsity for geom step 6
    nrows_g=90 nrows=90 sparsity=5.7973 nnzs=46958, refcount: 7>
  <dData1D:(new from dSpData1D) n=46958, refcount: 1>
refcount: 1>
new_DM -- step:     7
Re-using DM from previous geometries...
Number of DMs in history: 1
 DM extrapolation coefficients: 
1   1.00000
New DM after history re-use:
<dSpData2D:SpM extrapolated using coords
  <sparsity:sparsity for geom step 6
    nrows_g=90 nrows=90 sparsity=5.7973 nnzs=46958, refcount: 9>
  <dData2D:(temp array for extrapolation) n=46958 m=1, refcount: 1>
refcount: 1>
Note: For starting DM, Qtot, Tr[D*S] =         52.00000000         51.61383985
No. of atoms with KB's overlaping orbs in proc 0. Max # of overlaps:      46     157

InitMesh: MESH = 30 x 30 x 144 = 129600
InitMesh: Mesh cutoff (required, used) =   300.000   333.602 Ry
New grid distribution [1]: sub = 2

        iscf     Eharris(eV)        E_KS(eV)     FreeEng(eV)     dDmax    Ef(eV) dHmax(eV)
   scf:    1    -5429.987562    -5430.532780    -5430.532814  0.107052 -4.806601  1.228065
   scf:    2    -5429.646199    -5430.291011    -5430.291505  0.034178 -5.306902  2.257166
   scf:    3    -5430.661453    -5430.581612    -5430.581706  0.023437 -4.950615  0.226086
   scf:    4    -5430.584432    -5430.583035    -5430.583130  0.001511 -4.957865  0.189934
   scf:    5    -5430.593367    -5430.588651    -5430.588746  0.009162 -4.998662  0.061430
   scf:    6    -5430.590095    -5430.589402    -5430.589495  0.001931 -5.004582  0.049499
   scf:    7    -5430.590461    -5430.590060    -5430.590148  0.003662 -5.014635  0.052640
   scf:    8    -5430.590157    -5430.590112    -5430.590198  0.000169 -5.014107  0.046469
   scf:    9    -5430.590205    -5430.590179    -5430.590262  0.000352 -5.012157  0.028480
   scf:   10    -5430.590210    -5430.590194    -5430.590278  0.000093 -5.011444  0.024973
   scf:   11    -5430.590281    -5430.590247    -5430.590330  0.000576 -5.007486  0.010416
   scf:   12    -5430.590263    -5430.590255    -5430.590338  0.000169 -5.006668  0.009781
   scf:   13    -5430.590274    -5430.590266    -5430.590350  0.000397 -5.004847  0.007491
   scf:   14    -5430.590272    -5430.590269    -5430.590353  0.000071 -5.004581  0.006427
   scf:   15    -5430.590278    -5430.590274    -5430.590358  0.000172 -5.003954  0.003659
   scf:   16    -5430.590277    -5430.590275    -5430.590359  0.000063 -5.003716  0.003212
   scf:   17    -5430.590279    -5430.590277    -5430.590361  0.000144 -5.003126  0.002960
   scf:   18    -5430.590278    -5430.590278    -5430.590362  0.000040 -5.002915  0.002325
   scf:   19    -5430.590279    -5430.590278    -5430.590362  0.000037 -5.002676  0.001597
   scf:   20    -5430.590279    -5430.590279    -5430.590362  0.000015 -5.002664  0.001569
   scf:   21    -5430.590280    -5430.590279    -5430.590363  0.000027 -5.002693  0.001474
   scf:   22    -5430.590279    -5430.590279    -5430.590363  0.000013 -5.002745  0.001506
   scf:   23    -5430.590280    -5430.590280    -5430.590363  0.000042 -5.002934  0.001454
   scf:   24    -5430.590280    -5430.590280    -5430.590363  0.000024 -5.003061  0.001274
   scf:   25    -5430.590280    -5430.590280    -5430.590363  0.000058 -5.003380  0.000797

SCF Convergence by DM+H criterion
max |DM_out - DM_in|         :     0.0000580639
max |H_out - H_in|      (eV) :     0.0007971213
SCF cycle converged after 25 iterations

Using DM_out to compute the final energy and forces
No. of atoms with KB's overlaping orbs in proc 0. Max # of overlaps:      46     157

siesta: E_KS(eV) =            -5430.5903

siesta: Atomic forces (eV/Ang):
----------------------------------------
   Tot   -0.000000   -0.000000   -0.000000
----------------------------------------
   Max    0.007240
   Res    0.004238    sqrt( Sum f_i^2 / 3N )
----------------------------------------
   Max    0.007240    constrained

Stress tensor Voigt[x,y,z,yz,xz,xy] (kbar):       72.54       72.47       54.07        0.00        0.00        0.04
(Free)E + p*V (eV/cell)    -5434.9837
Target enthalpy (eV/cell)    -5430.5904

outcoor: Relaxed atomic coordinates (fractional):           
    0.33337329    0.66672882    0.25000000   1       1  W
    0.66664262    0.33329338    0.36217985   2       2  S
    0.66664262    0.33329338    0.13782015   2       3  S
    0.66662671    0.33327117    0.75000000   1       4  W
    0.33335738    0.66670662    0.86217985   2       5  S
    0.33335738    0.66670662    0.63782015   2       6  S

coxmol: Writing XMOL coordinates into file ws2_bulk.xyz                                                                                                                                                                                                                        

siesta: Program's energy decomposition (eV):
siesta: Ebs     =     -1267.975322
siesta: Eions   =      9635.803481
siesta: Ena     =      3032.133532
siesta: Ekin    =      1633.091776
siesta: Enl     =       752.102534
siesta: Eso     =         0.000000
siesta: Edftu   =         0.000000
siesta: DEna    =        48.066256
siesta: DUscf   =        13.192290
siesta: DUext   =         0.000000
siesta: Ex      =     -1180.420006
siesta: Ec      =       -92.953180
siesta: Exc     =     -1273.373185
siesta: EbV     =         0.000000
siesta: eta*DQ  =         0.000000
siesta: Emadel  =         0.000000
siesta: Emeta   =         0.000000
siesta: Emolmec =         0.000000
siesta: Ekinion =         0.000000
siesta: Eharris =     -5430.590280
siesta: Etot    =     -5430.590280
siesta: FreeEng =     -5430.590363

siesta: Final energy (eV):
siesta:  Band Struct. =   -1267.975322
siesta:       Kinetic =    1633.091776
siesta:       Hartree =    1658.269240
siesta:         Edftu =       0.000000
siesta:       Eso     =       0.000000
siesta:    Ext. field =       0.000000
siesta:         Exch. =   -1180.420006
siesta:         Corr. =     -92.953180
siesta:     Bulk bias =       0.000000
siesta:   Exch.-corr. =   -1273.373185
siesta:  Ion-electron =   -5229.658040
siesta:       Ion-ion =   -2218.920070
siesta:       Ekinion =       0.000000
siesta: D3 dispersion =       0.000000
siesta:         Total =   -5430.590280
siesta:         Fermi =      -5.003380

siesta: Stress tensor (static) (eV/Ang**3):
siesta:     0.045279    0.000027    0.000000
siesta:     0.000027    0.045232    0.000000
siesta:     0.000000    0.000000    0.033746

siesta: Cell volume =        106.069970 Ang**3

siesta: Pressure (static):
siesta:                Solid            Molecule  Units
siesta:          -0.00045111         -0.00044942  Ry/Bohr**3
siesta:          -0.04141883         -0.04126362  eV/Ang**3
siesta:         -66.36028959        -66.11160715  kBar

Basis Enthalpy Calculation:
    Basis Pressure for species 1(W) :      0.2000000 GPa
    Basis Pressure for species 2(S) :      0.2000000 GPa

    Orbital volume contribution        =           2.359007 eV
    (Free)E + p_basis*V_orbitals       =       -5428.231356 eV
    (Free)Eharris+ p_basis*V_orbitals  =       -5428.231356 eV
WARNING: BASIS_ENTHALPY and BASIS_HARRIS_ENTHALPY files are deprecated. They will be removed in future releases.
Please use system_label.BASIS_ENTHALPY in your scripts instead.

cite: Please indicate the Siesta version in published work: 5.4.2
cite: This calculation has made use of features in the following articles
cite: which we encourage you to cite in published work.
cite: (Please see "ws2_bulk.bib" for a BibTeX file.)
        Primary SIESTA paper
          DOI: www.doi.org/10.1088/0953-8984/14/11/302
        PSML pseudopotential format
          DOI: www.doi.org/10.1016/j.cpc.2018.02.011


timer: Elapsed wall time (sec) =     495.715
timer: CPU execution times (sec):

Routine            Calls   Time/call    Tot.time        %
siesta                 1     495.642     495.642   100.00
Setup                  1       0.138       0.138     0.03
bands                  1       0.000       0.000     0.00
KSV_init               1       0.000       0.000     0.00
IterGeom               7      70.783     495.482    99.97
geom_init              7       1.020       7.143     1.44
state_init             7       0.293       2.051     0.41
hsparse                7       0.008       0.055     0.01
overlap                7       0.007       0.047     0.01
Setup_H0               7       0.451       3.156     0.64
naefs                 14       0.000       0.001     0.00
dnaefs                 7       0.000       0.000     0.00
two-body               7       0.000       0.000     0.00
MolMec                14       0.000       0.000     0.00
kinefsm               14       0.007       0.095     0.02
nlefsm                14       0.045       0.636     0.13
DHSCF_Init             7       0.407       2.852     0.58
DHSCF1                 7       0.013       0.094     0.02
InitMesh               7       0.013       0.094     0.02
INITMESH               7       0.000       0.000     0.00
DHSCF2                 7       0.394       2.757     0.56
REMESH                 7       0.055       0.383     0.08
REORD                543       0.000       0.065     0.01
PHION                  7       0.300       2.097     0.42
COMM_BSC             897       0.000       0.074     0.01
POISON               226       0.003       0.742     0.15
fft                  452       0.001       0.565     0.11
setup_H              212       0.275      58.255    11.75
DHSCF                219       0.289      63.304    12.77
DHSCF3               219       0.275      60.151    12.14
rhoofd               219       0.119      26.079     5.26
XC                   219       0.063      13.845     2.79
GXC-CellXC           219       0.063      13.809     2.79
gridxc@cellXC        219       0.063      13.808     2.79
vmat                 219       0.088      19.239     3.88
IterSCF              205       2.355     482.771    97.40
compute_dm           205       2.079     426.292    86.01
diagon               205       2.079     426.277    86.01
c-eigval           93890       0.001     116.134    23.43
c-buildHS          93890       0.001      48.558     9.80
cdiag             187780       0.001     220.602    44.51
cdiag1            187780       0.000      11.747     2.37
cdiag2            187780       0.000      46.190     9.32
cdiag3            187780       0.001     153.435    30.96
c-eigvec           93890       0.002     201.495    40.65
cdiag4             93890       0.000       8.067     1.63
c-buildD           93890       0.001     107.869    21.76
MIXER                198       0.000       0.060     0.01
PostSCF                7       0.795       5.563     1.12
FINAL_HF               7       0.795       5.563     1.12
DHSCF4                 7       0.450       3.153     0.64
dfscf                  7       0.409       2.865     0.58
overfsm                7       0.007       0.047     0.01
writeHSX               7       0.000       0.003     0.00
state_analysis         7       0.000       0.001     0.00
siesta_move            7       0.000       0.002     0.00
Analysis               1       0.016       0.016     0.00
optical                1       0.000       0.000     0.00
  

>> End of run:  26-MAY-2026  12:26:40
Job completed
Job completed
