Executable      : siesta
Version         : 5.4.2
Architecture    : x86_64
Compiler version: GNU-14.3.0
Compiler flags  : -march=nocona -mtune=haswell -ftree-vectorize -fPIC -fstack-protector-strong -fno-plt -O2 -ffunction-sections -pipe -isystem <prefix>/include -I<prefix>/_build_env/include -fdebug-prefix-map=<prefix>/work=/usr/local/src/conda/siesta-5.4.2 -fdebug-prefix-map=<prefix>=/usr/local/src/conda-prefix -I<prefix>/lib -fallow-argument-mismatch -O3
Parallelisations: none
NetCDF support
NetCDF-4 support
Lua support
DFT-D3 support

Runtime information:
* Directory : /home/UAB/1668068/Documents/Grafe v3/Output
* Running in serial mode.
>> Start of run:  10-JUN-2026  23:19:53

                           *********************** 
                           *  WELCOME TO SIESTA  * 
                           *********************** 

 NOTE: Siesta V5 introduces some new defaults for basis-set generation
 NOTE: which might lead to slightly different numerical results.
 NOTE: Please see the manual for full details and compatibility measures.


reinit: Reading from file graphene.fdf

reinit: -----------------------------------------------------------------------
reinit: System Name: 
reinit: -----------------------------------------------------------------------
reinit: System Label: graphene
reinit: -----------------------------------------------------------------------

initatom: Reading input for the pseudopotentials and atomic orbitals ----------
Species number:   1 Atomic number:    6 Label: C

Ground state valence configuration (from tables):   2s02  2p02  3d00  4f00

---- Processing specs for species: C
Reading pseudopotential information in PSML from:
  C.psml
PSML file version: 1.1
Using libxc ids:  101 130
GGA--PBE XC_GGA_X_PBE--XC_GGA_C_PBE pb
PSML uuid: 297821e0-be41-11e7-6802-e1ff7dfff095

---- Pseudopotential check for C 

Pseudized shells:
2s( 2.00) rc: 1.20
2p( 2.00) rc: 1.26
Valence configuration for ps generation: 2s:2p: Total charge:   4.000000
For C, standard SIESTA heuristics set lmxkb to 3
 (one more than the basis l, including polarization orbitals).
Use PS.lmax or PS.KBprojectors blocks to override.
C pseudopotential only contains V_ls up to l=1 -- lmxkb reset.

<basis_specs>
===============================================================================
C                    Z=   6    Mass=  12.011        Charge= 0.17977+309
Lmxo=2 Lmxkb= 1    BasisType=split      Semic=F
L=0  Nsemic=0  Cnfigmx=2
          i=1  nzeta=2  polorb=0  (2s)
            splnorm:   0.15000    
               vcte:    40.000    
               rinn:  -0.90000    
               qcoe:    0.0000    
               qyuk:    0.0000    
               qwid:   0.10000E-01
                rcs:    0.0000      0.0000    
            lambdas:    1.0000      1.0000    
L=1  Nsemic=0  Cnfigmx=2
          i=1  nzeta=2  polorb=1  (2p)  (to be polarized perturbatively)
            splnorm:   0.15000    
               vcte:    40.000    
               rinn:  -0.90000    
               qcoe:    0.0000    
               qyuk:    0.0000    
               qwid:   0.10000E-01
                rcs:    0.0000      0.0000    
            lambdas:    1.0000      1.0000    
L=2  Nsemic=0  Cnfigmx=3
          i=1  nzeta=0  polorb=0  (3d)  (perturbative polarization orbital) (from 2p)
-------------------------------------------------------------------------------
L=0  Nkbl=1  erefs: 0.17977+309
L=1  Nkbl=1  erefs: 0.17977+309
===============================================================================
</basis_specs>

Using PAO.SplitTailNorm
atom: Called for C                     (Z =   6)
NOTE: C pseudopotential has channels up to l= 1
NOTE: PAOs with higher l will be generated with V_local
Maximum radius (at nrval) set to   50.00000 8518

read_vps: Pseudopotential generation method:
read_vps: ONCVPSP-3.Hamann's oncvpsp                        
Valence charge in pseudo generation:    4.00000

read_vps: Pseudopotential includes a core correction:
read_vps: Pseudo-core for xc-correction

xc_check: Exchange-correlation functional:
xc_check: GGA Perdew, Burke & Ernzerhof 1996
Got Vlocal (oncv-fit) from psml data
Choosing vlocal chloc cutoff:  4.122282
qtot up to nchloc:    4.00001153
atom: Maximum radius for chlocal:    4.12228
atom: Maximum radius for r*vlocal+2*Zval:    4.12228
Reading KB projs from C psml data
Using scalar-relativistic projectors in PSML file

PSML: Kleinman-Bylander projectors: 
   l= 0   rc=  1.219773   Ekb= 12.963096
   l= 0   rc=  1.219773   Ekb=  0.771007
   l= 1   rc=  1.278952   Ekb= -8.399923
   l= 1   rc=  1.278952   Ekb= -1.755033

PSML: Total number of  Kleinman-Bylander projectors:   8
atom: -------------------------------------------------------------------------

atom: SANKEY-TYPE ORBITALS:
atom: Selected multiple-zeta basis: split     

SPLIT: Orbitals with angular momentum L= 0

SPLIT: Basis orbitals for state 2s

SPLIT: PAO cut-off radius determined from an
SPLIT: energy shift=  0.022050 Ry
Split based on tail norm

   izeta = 1
                 lambda =    1.000000
                     rc =    4.056692
                 energy =   -0.986303
                kinetic =    1.010795
    potential(screened) =   -1.997097
       potential(ionic) =   -5.588640

   izeta = 2
                 rmatch =    2.893247
              splitnorm =    0.150000
                 energy =   -0.613850
                kinetic =    1.961100
    potential(screened) =   -2.574951
       potential(ionic) =   -6.459313

SPLIT: Orbitals with angular momentum L= 1

SPLIT: Basis orbitals for state 2p

SPLIT: PAO cut-off radius determined from an
SPLIT: energy shift=  0.022050 Ry
Split based on tail norm

   izeta = 1
                 lambda =    1.000000
                     rc =    4.791027
                 energy =   -0.364422
                kinetic =    2.639165
    potential(screened) =   -3.003587
       potential(ionic) =   -6.489368

   izeta = 2
                 rmatch =    3.403813
              splitnorm =    0.150000
                 energy =   -0.189443
                kinetic =    3.967582
    potential(screened) =   -4.157024
       potential(ionic) =   -7.981902
*Note: V_local used for l= 2

** Using vlocal for PAOs with L= 2

POLgen: Perturbative polarization orbital with L=  2

POLgen: Polarization orbital for state 2p
*Note: V_local used for lpol= 2

** Using vlocal for PAOs with L= 2
Split based on tail norm

   izeta = 1
                     rc =    4.791027
                 energy =    1.360757
                kinetic =    2.624160
    potential(screened) =   -1.263403
       potential(ionic) =   -4.243109
atom: Total number of Sankey-type orbitals: 13

atm_pop: Valence configuration (for local Pseudopot. screening):
 2s( 2.00)                                                            
 2p( 2.00)                                                            
 3d( 0.00)                                                            
Vna: chval, zval:    4.00000   4.00000

Vna:  Cut-off radius for the neutral-atom potential:   4.791027
comcore: Pseudo-core radius Rcore=  1.671741

atom: _________________________________________________________________________

prinput: Basis input 

PAO.BasisType split     

%block ChemicalSpeciesLabel
    1    6 C                       # Species index, atomic number, species label
%endblock ChemicalSpeciesLabel

%block PAO.Basis                 # Define Basis set
# WARNING: This information might be incomplete!
C                     2                    # Species label, number of l-shells
 n=2   0   2                         # n, l, Nzeta 
   4.057      2.893   
   1.000      1.000   
 n=2   1   2 P   1                   # n, l, Nzeta, Polarization, NzetaPol
   4.791      3.404   
   1.000      1.000   
%endblock PAO.Basis

prinput: ----------------------------------------------------------------------

Dumping basis to NetCDF file C.ion.nc
coor:   Atomic-coordinates input format  =     Fractional

siesta: Atomic coordinates (Bohr) and species
siesta:      0.00000   0.00000   0.00000  1        1
siesta:     -0.00000   2.68434   0.00000  1        2

siesta: System type = slab      

initatomlists: Number of atoms, orbitals, and projectors:      2    26    16

coxmol: Writing XMOL coordinates into file graphene.xyz                                                                                                                                                                                                                        

siesta: ******************** Simulation parameters ****************************
siesta:
siesta: The following are some of the parameters of the simulation.
siesta: A complete list of the parameters used, including default values,
siesta: can be found in file out.fdf
siesta:
redata: Spin configuration                          = none
redata: Number of spin components                   = 1
redata: Time-Reversal Symmetry                      = T
redata: Spin spiral                                 = F
redata: Long output                                 =   F
redata: Number of Atomic Species                    =        1
redata: Charge density info will appear in .RHO file
redata: Write Mulliken charges (when)               = none
redata: Write Mulliken Pop.                         = NO
redata: Write Hirshfeld charges (when)              = none
redata: Write Voronoi charges (when)                = none
redata: Write spin charge (when)                    = none
redata: Matel table size (NRTAB)                    =     1024
redata: Mesh Cutoff                                 =   300.0000 Ry
redata: Net charge of the system                    =     0.0000 |e|
redata: Min. number of SCF Iter                     =        0
redata: Max. number of SCF Iter                     =      300
redata: SCF convergence failure will abort job
redata: SCF mix quantity                            = Hamiltonian
redata: Mix DM or H after convergence               =   F
redata: Recompute H after scf cycle                 =   F
redata: Mix DM in first SCF step                    =   T
redata: Write Pulay info on disk                    =   F
redata: New DM Occupancy tolerance                  = 0.000000000001
redata: No kicks to SCF
redata: DM Mixing Weight for Kicks                  =     0.5000
redata: Require Harris convergence for SCF          =   F
redata: Harris energy tolerance for SCF             =     0.000100 eV
redata: Require DM convergence for SCF              =   T
redata: DM tolerance for SCF                        =     0.000100
redata: Require EDM convergence for SCF             =   F
redata: EDM tolerance for SCF                       =     0.001000 eV
redata: Require H convergence for SCF               =   T
redata: Hamiltonian tolerance for SCF               =     0.001000 eV
redata: Require (free) Energy convergence for SCF   =   F
redata: (free) Energy tolerance for SCF             =     0.000100 eV
redata: Using DFT-D3 dispersion                     =   F
redata: Using Saved Data (generic)                  =   F
redata: Use continuation files for DM               =   T
redata: Neglect nonoverlap interactions             =   F
redata: Method of Calculation                       = Diagonalization
redata: Electronic Temperature                      =   290.1130 K
redata: Fix the spin of the system                  =   F
redata: Max. number of TDED Iter                    =        1
redata: Number of TDED substeps                     =        3
redata: Dynamics option                             = CG coord. optimization
redata: Variable cell                               =   F
redata: Use continuation files for CG               =   F
redata: Max atomic displ per move                   =     0.1058 Ang
redata: Maximum number of optimization moves        =      200
redata: Force tolerance                             =     0.0200 eV/Ang
mix.SCF: Pulay mixing                            = Pulay
mix.SCF:    Variant                              = stable
mix.SCF:    History steps                        = 2
mix.SCF:    Linear mixing weight                 =     0.050000
mix.SCF:    Mixing weight                        =     0.050000
mix.SCF:    SVD condition                        = 0.1000E-07
redata: Save all siesta data in one NC              =   F
redata: ***********************************************************************

%block SCF.Mixers
  Pulay
%endblock SCF.Mixers

%block SCF.Mixer.Pulay
  # Mixing method
  method pulay
  variant stable

  # Mixing options
  weight 0.0500
  weight.linear 0.0500
  history 2
%endblock SCF.Mixer.Pulay

DM_history_depth set to one: no extrapolation allowed by default for geometry relaxation
Size of DM history Fstack: 1
Total number of electrons:     8.000000
Total ionic charge:     8.000000
 Kpoints in:          190 . Kpoints trimmed:          181

siesta: k-grid: Number of k-points = 181
siesta: k-points from Monkhorst-Pack grid
siesta: k-cutoff (effective) =    10.000 Ang
siesta: k-point supercell and displacements
siesta: k-grid:    19     0     0      0.000
siesta: k-grid:     0    19     0      0.000
siesta: k-grid:     0     0     1      0.000

diag: Algorithm                                     = D&C
diag: Used triangular part                          = Lower
diag: Absolute tolerance                            =  0.100E-15
diag: Orthogonalization factor                      =  0.100E-05
diag: Memory factor                                 =  1.0000

superc: Internal auxiliary supercell:     5 x     7 x     1  =      35
superc: Number of atoms, orbitals, and projectors:     70    910    560


ts: **************************************************************
ts: Save H and S matrices                           =    F
ts: Save TSHS files in MD/FC simulation             =    F
ts: Save DM and EDM matrices                        =    F
ts: Only save the overlap matrix S                  =    F
ts: **************************************************************

************************ Begin: TS CHECKS AND WARNINGS ************************
************************ End: TS CHECKS AND WARNINGS **************************


                     ====================================
                        Begin CG opt. move =      0
                     ====================================

superc: Internal auxiliary supercell:     5 x     7 x     1  =      35
superc: Number of atoms, orbitals, and projectors:     70    910    560

outcell: Unit cell vectors (Ang):
        2.460000    0.000000    0.000000
       -1.230000    2.130734    0.000000
        0.000000    0.000000   20.000000

outcell: Cell vector modules (Ang)   :    2.460000    2.460270   20.000000
outcell: Cell angles (23,13,12) (deg):     90.0000     90.0000    119.9964
outcell: Cell volume (Ang**3)        :    104.8321
<dSpData1D:S at geom step 0
  <sparsity:sparsity for geom step 0
    nrows_g=26 nrows=26 sparsity=17.0089 nnzs=11498, refcount: 7>
  <dData1D:(new from dSpData1D) n=11498, refcount: 1>
refcount: 1>
new_DM -- step:     1
Initializing Density Matrix...

Attempting to read DM from file... Failed...
DM filled with atomic data:
<dSpData2D:DM initialized from atoms
  <sparsity:sparsity for geom step 0
    nrows_g=26 nrows=26 sparsity=17.0089 nnzs=11498, refcount: 8>
  <dData2D:DM n=11498 m=1, refcount: 1>
refcount: 1>
No. of atoms with KB's overlaping orbs in proc 0. Max # of overlaps:      16     148

InitMesh: MESH = 24 x 24 x 216 = 124416
InitMesh: Mesh cutoff (required, used) =   300.000   322.366 Ry
New grid distribution [1]: sub = 2

stepf: Fermi-Dirac step function

siesta: Program's energy decomposition (eV):
siesta: Ebs     =       -95.119691
siesta: Eions   =       564.323416
siesta: Ena     =       143.939160
siesta: Ekin    =       231.129141
siesta: Enl     =       -13.069040
siesta: Eso     =         0.000000
siesta: Edftu   =         0.000000
siesta: DEna    =        -7.194105
siesta: DUscf   =         0.516813
siesta: DUext   =         0.000000
siesta: Ex      =      -107.789520
siesta: Ec      =       -10.213944
siesta: Exc     =      -118.003464
siesta: EbV     =         0.000000
siesta: eta*DQ  =         0.000000
siesta: Emadel  =         0.000000
siesta: Emeta   =         0.000000
siesta: Emolmec =         0.000000
siesta: Ekinion =         0.000000
siesta: Eharris =      -328.583805
siesta: Etot    =      -327.004910
siesta: FreeEng =      -327.004910

        iscf     Eharris(eV)        E_KS(eV)     FreeEng(eV)     dDmax    Ef(eV) dHmax(eV)
   scf:    1     -328.583805     -327.004910     -327.004910  1.784543 -4.190888  2.058531
timer: Routine,Calls,Time,% = IterSCF        1       0.168  31.54
   scf:    2     -327.018978     -327.011977     -327.011977  0.003952 -4.104939  1.909565
   scf:    3     -327.094488     -327.058897     -327.058897  0.052724 -3.276258  0.054147
   scf:    4     -327.058848     -327.058873     -327.058873  0.000348 -3.235665  0.043581
   scf:    5     -327.058918     -327.058896     -327.058896  0.000188 -3.239534  0.039322
   scf:    6     -327.059111     -327.059005     -327.059005  0.001075 -3.308874  0.025278
   scf:    7     -327.059081     -327.059044     -327.059044  0.000488 -3.314081  0.023122
   scf:    8     -327.059161     -327.059105     -327.059105  0.001252 -3.326195  0.016548
   scf:    9     -327.059119     -327.059112     -327.059112  0.000297 -3.328143  0.014118
   scf:   10     -327.059117     -327.059116     -327.059116  0.000751 -3.332741  0.010376
   scf:   11     -327.059114     -327.059115     -327.059115  0.000074 -3.332920  0.010720
   scf:   12     -327.059101     -327.059108     -327.059108  0.000381 -3.333708  0.012380
   scf:   13     -327.059108     -327.059108     -327.059108  0.000011 -3.333600  0.012318
   scf:   14     -327.059102     -327.059105     -327.059105  0.000104 -3.331917  0.011206
   scf:   15     -327.059106     -327.059105     -327.059105  0.000025 -3.331348  0.010685
   scf:   16     -327.059114     -327.059110     -327.059110  0.000202 -3.327758  0.007274
   scf:   17     -327.059113     -327.059112     -327.059112  0.000105 -3.326600  0.006047
   scf:   18     -327.059119     -327.059115     -327.059115  0.000307 -3.323490  0.004116
   scf:   19     -327.059116     -327.059116     -327.059116  0.000086 -3.322811  0.003480
   scf:   20     -327.059117     -327.059116     -327.059116  0.000202 -3.321254  0.003186
   scf:   21     -327.059116     -327.059116     -327.059116  0.000029 -3.321047  0.003102
   scf:   22     -327.059116     -327.059116     -327.059116  0.000095 -3.320323  0.002740
   scf:   23     -327.059116     -327.059116     -327.059116  0.000008 -3.320260  0.002646
   scf:   24     -327.059117     -327.059116     -327.059116  0.000031 -3.320036  0.002793
   scf:   25     -327.059117     -327.059116     -327.059116  0.000014 -3.320069  0.002807
   scf:   26     -327.059117     -327.059117     -327.059117  0.000052 -3.320244  0.002766
   scf:   27     -327.059117     -327.059117     -327.059117  0.000021 -3.320362  0.002664
   scf:   28     -327.059117     -327.059117     -327.059117  0.000068 -3.320818  0.002244
   scf:   29     -327.059117     -327.059117     -327.059117  0.000035 -3.321126  0.002184
   scf:   30     -327.059117     -327.059117     -327.059117  0.000071 -3.321864  0.002243
   scf:   31     -327.059117     -327.059117     -327.059117  0.000031 -3.322315  0.002103
   scf:   32     -327.059117     -327.059117     -327.059117  0.000033 -3.322966  0.001743
   scf:   33     -327.059117     -327.059117     -327.059117  0.000004 -3.323240  0.001450
   scf:   34     -327.059117     -327.059117     -327.059117  0.000010 -3.323535  0.001017
   scf:   35     -327.059117     -327.059117     -327.059117  0.000009 -3.323608  0.000910

SCF Convergence by DM+H criterion
max |DM_out - DM_in|         :     0.0000092156
max |H_out - H_in|      (eV) :     0.0009096194
SCF cycle converged after 35 iterations

Using DM_out to compute the final energy and forces
No. of atoms with KB's overlaping orbs in proc 0. Max # of overlaps:      16     148

siesta: E_KS(eV) =             -327.0591

siesta: E_KS - E_eggbox =      -327.0591

siesta: Atomic forces (eV/Ang):
----------------------------------------
   Tot    0.000000   -0.000000   -0.000000
----------------------------------------
   Max    0.002694
   Res    0.001563    sqrt( Sum f_i^2 / 3N )
----------------------------------------
   Max    0.002694    constrained

Stress tensor Voigt[x,y,z,yz,xz,xy] (kbar):      -13.59      -13.36        0.01        0.00       -0.00       -0.00
(Free)E + p*V (eV/cell)     -326.4715
Target enthalpy (eV/cell)     -327.0591

cgvc: Finished line minimization    1.  Mean atomic displacement =    0.0000

outcoor: Relaxed atomic coordinates (fractional):           
    0.00000000    0.00000000    0.00000000   1       1  C
    0.33333333    0.66666667    0.00000000   1       2  C

coxmol: Writing XMOL coordinates into file graphene.xyz                                                                                                                                                                                                                        

siesta: Program's energy decomposition (eV):
siesta: Ebs     =       -99.899228
siesta: Eions   =       564.323416
siesta: Ena     =       143.939160
siesta: Ekin    =       227.222040
siesta: Enl     =       -12.281550
siesta: Eso     =         0.000000
siesta: Edftu   =         0.000000
siesta: DEna    =        -4.708006
siesta: DUscf   =         0.373642
siesta: DUext   =         0.000000
siesta: Ex      =      -107.062446
siesta: Ec      =       -10.218542
siesta: Exc     =      -117.280988
siesta: EbV     =         0.000000
siesta: eta*DQ  =         0.000000
siesta: Emadel  =         0.000000
siesta: Emeta   =         0.000000
siesta: Emolmec =         0.000000
siesta: Ekinion =         0.000000
siesta: Eharris =      -327.059117
siesta: Etot    =      -327.059117
siesta: FreeEng =      -327.059117

siesta: Final energy (eV):
siesta:  Band Struct. =     -99.899228
siesta:       Kinetic =     227.222040
siesta:       Hartree =    1555.252067
siesta:         Edftu =       0.000000
siesta:       Eso     =       0.000000
siesta:    Ext. field =       0.000000
siesta:         Exch. =    -107.062446
siesta:         Corr. =     -10.218542
siesta:     Bulk bias =       0.000000
siesta:   Exch.-corr. =    -117.280988
siesta:  Ion-electron =   -3309.171042
siesta:       Ion-ion =    1316.918805
siesta:       Ekinion =       0.000000
siesta: D3 dispersion =       0.000000
siesta:         Total =    -327.059117
siesta:         Fermi =      -3.323608

siesta: Stress tensor (static) (eV/Ang**3):
siesta:    -0.008484   -0.000001   -0.000000
siesta:    -0.000001   -0.008336   -0.000000
siesta:    -0.000000    0.000000    0.000006

siesta: Cell volume =        104.832122 Ang**3

siesta: Pressure (static):
siesta:                Solid            Molecule  Units
siesta:           0.00006105          0.00006118  Ry/Bohr**3
siesta:           0.00560501          0.00561717  eV/Ang**3
siesta:           8.98021216          8.99970492  kBar

Basis Enthalpy Calculation:
    Basis Pressure for species 1(C) :      0.2000000 GPa

    Orbital volume contribution        =           0.542947 eV
    (Free)E + p_basis*V_orbitals       =        -326.516170 eV
    (Free)Eharris+ p_basis*V_orbitals  =        -326.516170 eV
WARNING: BASIS_ENTHALPY and BASIS_HARRIS_ENTHALPY files are deprecated. They will be removed in future releases.
Please use system_label.BASIS_ENTHALPY in your scripts instead.

siesta: Electric dipole (a.u.)  =   -0.000000   -0.000000   -0.000000
siesta: Electric dipole (Debye) =   -0.000000   -0.000000   -0.000000

cite: Please indicate the Siesta version in published work: 5.4.2
cite: This calculation has made use of features in the following articles
cite: which we encourage you to cite in published work.
cite: (Please see "graphene.bib" for a BibTeX file.)
        Primary SIESTA paper
          DOI: www.doi.org/10.1088/0953-8984/14/11/302
        PSML pseudopotential format
          DOI: www.doi.org/10.1016/j.cpc.2018.02.011


timer: Elapsed wall time (sec) =       6.511
timer: CPU execution times (sec):

Routine            Calls   Time/call    Tot.time        %
siesta                 1       6.498       6.498   100.00
Setup                  1       0.057       0.057     0.88
bands                  1       0.000       0.000     0.00
KSV_init               1       0.000       0.000     0.00
IterGeom               1       6.434       6.434    99.01
geom_init              1       0.307       0.307     4.72
state_init             1       0.130       0.130     2.00
hsparse                1       0.001       0.001     0.01
overlap                1       0.002       0.002     0.02
Setup_H0               1       0.102       0.102     1.56
naefs                  2       0.000       0.000     0.00
dnaefs                 1       0.000       0.000     0.00
two-body               1       0.000       0.000     0.00
MolMec                 2       0.000       0.000     0.00
kinefsm                2       0.002       0.003     0.05
nlefsm                 2       0.005       0.010     0.15
DHSCF_Init             1       0.096       0.096     1.48
DHSCF1                 1       0.009       0.009     0.14
InitMesh               1       0.009       0.009     0.14
INITMESH               1       0.000       0.000     0.00
DHSCF2                 1       0.087       0.087     1.34
REMESH                 1       0.007       0.007     0.11
REORD                 89       0.000       0.010     0.15
PHION                  1       0.067       0.067     1.03
COMM_BSC             151       0.000       0.011     0.17
POISON                38       0.003       0.121     1.86
fft                   76       0.001       0.090     1.39
setup_H               36       0.076       2.736    42.10
DHSCF                 37       0.079       2.918    44.90
DHSCF3                37       0.076       2.808    43.20
rhoofd                37       0.032       1.181    18.17
XC                    37       0.016       0.593     9.12
GXC-CellXC            37       0.016       0.587     9.04
gridxc@cellXC         37       0.016       0.587     9.04
vmat                  37       0.023       0.854    13.14
IterSCF               35       0.169       5.925    91.18
compute_dm            35       0.093       3.255    50.09
diagon                35       0.093       3.255    50.08
c-eigval            6335       0.000       1.104    16.98
c-buildHS           6335       0.000       0.850    13.08
cdiag              12670       0.000       0.746    11.48
cdiag1             12670       0.000       0.048     0.74
cdiag2             12670       0.000       0.096     1.48
cdiag3             12670       0.000       0.555     8.53
c-eigvec            6335       0.000       1.343    20.67
cdiag4              6335       0.000       0.013     0.19
c-buildD            6335       0.000       0.795    12.23
MIXER                 34       0.000       0.003     0.04
PostSCF                1       0.201       0.201     3.10
FINAL_HF               1       0.201       0.201     3.10
DHSCF4                 1       0.110       0.110     1.70
dfscf                  1       0.100       0.100     1.54
overfsm                1       0.002       0.002     0.03
writeHSX               1       0.000       0.000     0.00
state_analysis         1       0.000       0.000     0.00
siesta_move            1       0.000       0.000     0.00
Analysis               1       0.002       0.002     0.04
optical                1       0.000       0.000     0.00
  

>> End of run:  10-JUN-2026  23:19:59
Job completed
Job completed
