Executable      : siesta
Version         : 5.4.2
Architecture    : x86_64
Compiler version: GNU-14.3.0
Compiler flags  : -march=nocona -mtune=haswell -ftree-vectorize -fPIC -fstack-protector-strong -fno-plt -O2 -ffunction-sections -pipe -isystem <prefix>/include -I<prefix>/_build_env/include -fdebug-prefix-map=<prefix>/work=/usr/local/src/conda/siesta-5.4.2 -fdebug-prefix-map=<prefix>=/usr/local/src/conda-prefix -I<prefix>/lib -fallow-argument-mismatch -O3
Parallelisations: none
NetCDF support
NetCDF-4 support
Lua support
DFT-D3 support

Runtime information:
* Directory : /home/UAB/1668068/Documents/MoS2/Bulk/Output
* Running in serial mode.
>> Start of run:  24-MAY-2026  17:13:19

                           *********************** 
                           *  WELCOME TO SIESTA  * 
                           *********************** 

 NOTE: Siesta V5 introduces some new defaults for basis-set generation
 NOTE: which might lead to slightly different numerical results.
 NOTE: Please see the manual for full details and compatibility measures.


reinit: Reading from file mos2_bulk.fdf

reinit: -----------------------------------------------------------------------
reinit: System Name: 
reinit: -----------------------------------------------------------------------
reinit: System Label: mos2_bulk
reinit: -----------------------------------------------------------------------

initatom: Reading input for the pseudopotentials and atomic orbitals ----------
Species number:   1 Atomic number:   42 Label: Mo
Species number:   2 Atomic number:   16 Label: S

Ground state valence configuration (from tables):   5s01  5p00  4d05  4f00
Ground state valence configuration (from tables):   3s02  3p04  3d00  4f00

---- Processing specs for species: Mo
Reading pseudopotential information in PSML from:
  Mo.psml
PSML file version: 1.1
Using libxc ids:  101 130
GGA--PBE XC_GGA_X_PBE--XC_GGA_C_PBE pb
PSML uuid: e5e54170-be44-11e7-41cf-580a77bd0847
Semicore shell(s) with  8 electrons included in the valence for Mo

---- Processing specs for species: S
Reading pseudopotential information in PSML from:
  S.psml
PSML file version: 1.1
Using libxc ids:  101 130
GGA--PBE XC_GGA_X_PBE--XC_GGA_C_PBE pb
PSML uuid: 1fa1ca70-c73e-11ed-7b73-f832edff02a3

---- Pseudopotential check for Mo

Pseudized shells:
4s( 2.00) rc: 1.46
4p( 6.00) rc: 1.46
4d( 5.00) rc: 1.35
Valence configuration for ps generation: 4s:4p:4d:5s: Total charge:  14.000000
Semicore shell(s): 4s 4p
Fallback to non-perturbative polarization scheme for Mo
Please see the manual if this is not desired in principle

---- Pseudopotential check for S 

Pseudized shells:
3s( 2.00) rc: 1.46
3p( 4.00) rc: 1.46
3d( 0.00) rc: 1.46
Valence configuration for ps generation: 3s:3p: Total charge:   6.000000
For Mo, standard SIESTA heuristics set lmxkb to 3
 (one more than the basis l, including polarization orbitals).
Use PS.lmax or PS.KBprojectors blocks to override.
For S, standard SIESTA heuristics set lmxkb to 3
 (one more than the basis l, including polarization orbitals).
Use PS.lmax or PS.KBprojectors blocks to override.
Mo pseudopotential only contains V_ls up to l=2 -- lmxkb reset.
S pseudopotential only contains V_ls up to l=2 -- lmxkb reset.

<basis_specs>
===============================================================================
Mo                   Z=  42    Mass=  95.950        Charge= 0.17977+309
Lmxo=2 Lmxkb= 2    BasisType=split      Semic=T
L=0  Nsemic=1  Cnfigmx=5
          i=1  nzeta=1  polorb=0  (4s)  (semicore shell)
            splnorm:   0.15000    
               vcte:    40.000    
               rinn:  -0.90000    
               qcoe:    0.0000    
               qyuk:    0.0000    
               qwid:   0.10000E-01
                rcs:    0.0000    
            lambdas:    1.0000    
          i=2  nzeta=2  polorb=0  (5s)  (to be polarized non-perturbatively)
            splnorm:   0.15000    
               vcte:    40.000    
               rinn:  -0.90000    
               qcoe:    0.0000    
               qyuk:    0.0000    
               qwid:   0.10000E-01
                rcs:    0.0000      0.0000    
            lambdas:    1.0000      1.0000    
L=1  Nsemic=1  Cnfigmx=5
          i=1  nzeta=1  polorb=0  (4p)  (semicore shell)
            splnorm:   0.15000    
               vcte:    40.000    
               rinn:  -0.90000    
               qcoe:    0.0000    
               qyuk:    0.0000    
               qwid:   0.10000E-01
                rcs:    0.0000    
            lambdas:    1.0000    
          i=2  nzeta=1  polorb=0  (5p)  (non-perturbative polarization shell)
            splnorm:   0.15000    
               vcte:    40.000    
               rinn:  -0.90000    
               qcoe:    0.0000    
               qyuk:    0.0000    
               qwid:   0.10000E-01
                rcs:    0.0000    
            lambdas:    1.0000    
L=2  Nsemic=0  Cnfigmx=4
          i=1  nzeta=2  polorb=0  (4d)
            splnorm:   0.15000    
               vcte:    40.000    
               rinn:  -0.90000    
               qcoe:    0.0000    
               qyuk:    0.0000    
               qwid:   0.10000E-01
                rcs:    0.0000      0.0000    
            lambdas:    1.0000      1.0000    
-------------------------------------------------------------------------------
L=0  Nkbl=2  erefs: 0.17977+309 0.17977+309
L=1  Nkbl=2  erefs: 0.17977+309 0.17977+309
L=2  Nkbl=1  erefs: 0.17977+309
===============================================================================
</basis_specs>

Using PAO.SplitTailNorm
atom: Called for Mo                    (Z =  42)
Maximum radius (at nrval) set to   50.00000 8518

read_vps: Pseudopotential generation method:
read_vps: ONCVPSP-3.Hamann's oncvpsp                        
Valence charge in pseudo generation:   14.00000

read_vps: Pseudopotential includes a core correction:
read_vps: Pseudo-core for xc-correction

xc_check: Exchange-correlation functional:
xc_check: GGA Perdew, Burke & Ernzerhof 1996
Got Vlocal (oncv-fit) from psml data
Choosing vlocal chloc cutoff:  3.292996
qtot up to nchloc:   14.00011071
atom: Maximum radius for chlocal:    3.29300
atom: Maximum radius for r*vlocal+2*Zval:    3.29300
Reading KB projs from Mo psml data
Using scalar-relativistic projectors in PSML file

PSML: Kleinman-Bylander projectors: 
   l= 0   rc=  1.472648   Ekb= 27.666574
   l= 0   rc=  1.472648   Ekb=  2.701374
   l= 1   rc=  1.474132   Ekb= 16.030694
   l= 1   rc=  1.474132   Ekb=  2.268069
   l= 2   rc=  1.372412   Ekb=  5.531397
   l= 2   rc=  1.372412   Ekb=  1.938142

PSML: Total number of  Kleinman-Bylander projectors:  18
atom: -------------------------------------------------------------------------

atom: SANKEY-TYPE ORBITALS:
atom: Selected multiple-zeta basis: split     

SPLIT: Orbitals with angular momentum L= 0

SPLIT: Basis orbitals for state 4s

SPLIT: PAO cut-off radius determined from an
SPLIT: energy shift=  0.022050 Ry
Split based on tail norm

   izeta = 1
                 lambda =    1.000000
                     rc =    2.732390
                 energy =   -4.705094
                kinetic =    2.431537
    potential(screened) =   -7.136631
       potential(ionic) =  -24.064537

SPLIT: Basis orbitals for state 5s

SPLIT: PAO cut-off radius determined from an
SPLIT: energy shift=  0.022050 Ry
Split based on tail norm

   izeta = 1
                 lambda =    1.000000
                     rc =    6.982442
                 energy =   -0.282901
                kinetic =    0.836985
    potential(screened) =   -1.119886
       potential(ionic) =   -9.993075

   izeta = 2
                 rmatch =    5.413980
              splitnorm =    0.150000
                 energy =   -0.023360
                kinetic =    1.450108
    potential(screened) =   -1.473468
       potential(ionic) =  -12.038941

SPLIT: Orbitals with angular momentum L= 1

SPLIT: Basis orbitals for state 4p

SPLIT: PAO cut-off radius determined from an
SPLIT: energy shift=  0.022050 Ry
Split based on tail norm

   izeta = 1
                 lambda =    1.000000
                     rc =    3.094429
                 energy =   -2.804316
                kinetic =    3.837839
    potential(screened) =   -6.642155
       potential(ionic) =  -22.944522

SPLIT: Basis orbitals for state 5p
SPLIT: Non-perturbative polarization orbs for state 5s
SPLIT: rc(1st zeta) (re)set to: 6.9824 (expansion factor: 1.0000)
Split based on tail norm

   izeta = 1
                 lambda =    1.000000
                     rc =    6.982442
                 energy =    0.021427
                kinetic =    0.900324
    potential(screened) =   -0.878897
       potential(ionic) =   -8.679516

SPLIT: Orbitals with angular momentum L= 2

SPLIT: Basis orbitals for state 4d

SPLIT: PAO cut-off radius determined from an
SPLIT: energy shift=  0.022050 Ry
Split based on tail norm

   izeta = 1
                 lambda =    1.000000
                     rc =    4.986960
                 energy =   -0.251623
                kinetic =    3.978229
    potential(screened) =   -4.229853
       potential(ionic) =  -17.834879

   izeta = 2
                 rmatch =    3.578843
              splitnorm =    0.150000
                 energy =   -0.100028
                kinetic =    5.287944
    potential(screened) =   -5.387972
       potential(ionic) =  -20.332777
atom: Total number of Sankey-type orbitals: 19

atm_pop: Valence configuration (for local Pseudopot. screening):
 4s( 2.00) 5s( 1.00)                                                  
 4p( 6.00) 5p( 0.00)                                                  
 4d( 5.00)                                                            
Vna: chval, zval:   14.00000  14.00000

Vna:  Cut-off radius for the neutral-atom potential:   6.982442
comcore: Pseudo-core radius Rcore=  2.301345

atom: _________________________________________________________________________

<basis_specs>
===============================================================================
S                    Z=  16    Mass=  32.060        Charge= 0.17977+309
Lmxo=2 Lmxkb= 2    BasisType=split      Semic=F
L=0  Nsemic=0  Cnfigmx=3
          i=1  nzeta=2  polorb=0  (3s)
            splnorm:   0.15000    
               vcte:    40.000    
               rinn:  -0.90000    
               qcoe:    0.0000    
               qyuk:    0.0000    
               qwid:   0.10000E-01
                rcs:    0.0000      0.0000    
            lambdas:    1.0000      1.0000    
L=1  Nsemic=0  Cnfigmx=3
          i=1  nzeta=2  polorb=1  (3p)  (to be polarized perturbatively)
            splnorm:   0.15000    
               vcte:    40.000    
               rinn:  -0.90000    
               qcoe:    0.0000    
               qyuk:    0.0000    
               qwid:   0.10000E-01
                rcs:    0.0000      0.0000    
            lambdas:    1.0000      1.0000    
L=2  Nsemic=0  Cnfigmx=3
          i=1  nzeta=0  polorb=0  (3d)  (perturbative polarization orbital) (from 3p)
-------------------------------------------------------------------------------
L=0  Nkbl=1  erefs: 0.17977+309
L=1  Nkbl=1  erefs: 0.17977+309
L=2  Nkbl=1  erefs: 0.17977+309
===============================================================================
</basis_specs>

Using PAO.SplitTailNorm
atom: Called for S                     (Z =  16)
Maximum radius (at nrval) set to   50.00000 8518

read_vps: Pseudopotential generation method:
read_vps: ONCVPSP-4.Hamann's oncvpsp                        
Valence charge in pseudo generation:    6.00000

read_vps: Pseudopotential includes a core correction:
read_vps: Pseudo-core for xc-correction

xc_check: Exchange-correlation functional:
xc_check: GGA Perdew, Burke & Ernzerhof 1996
Got Vlocal (oncv-fit) from psml data
Choosing vlocal chloc cutoff:  4.598165
qtot up to nchloc:    6.00012416
atom: Maximum radius for chlocal:    4.59817
atom: Maximum radius for r*vlocal+2*Zval:    4.59817
Reading KB projs from S psml data
Using scalar-relativistic projectors in PSML file

PSML: Kleinman-Bylander projectors: 
   l= 0   rc=  1.466729   Ekb= 13.548468
   l= 0   rc=  1.466729   Ekb=  1.084539
   l= 1   rc=  0.000010   Ekb=  0.000000
   l= 1   rc=  0.000010   Ekb=  0.000000
   l= 2   rc=  0.000010   Ekb=  0.000000
   l= 2   rc=  1.466729   Ekb=  6.044853

PSML: Total number of  Kleinman-Bylander projectors:  18
atom: -------------------------------------------------------------------------

atom: SANKEY-TYPE ORBITALS:
atom: Selected multiple-zeta basis: split     

SPLIT: Orbitals with angular momentum L= 0

SPLIT: Basis orbitals for state 3s

SPLIT: PAO cut-off radius determined from an
SPLIT: energy shift=  0.022050 Ry
Split based on tail norm

   izeta = 1
                 lambda =    1.000000
                     rc =    4.064833
                 energy =   -1.243679
                kinetic =    1.019640
    potential(screened) =   -2.263320
       potential(ionic) =   -7.252693

   izeta = 2
                 rmatch =    2.954860
              splitnorm =    0.150000
                 energy =   -0.545333
                kinetic =    2.292117
    potential(screened) =   -2.837450
       potential(ionic) =   -8.125651

SPLIT: Orbitals with angular momentum L= 1

SPLIT: Basis orbitals for state 3p

SPLIT: PAO cut-off radius determined from an
SPLIT: energy shift=  0.022050 Ry
Split based on tail norm

   izeta = 1
                 lambda =    1.000000
                     rc =    4.927355
                 energy =   -0.490581
                kinetic =    1.553844
    potential(screened) =   -2.044425
       potential(ionic) =   -6.717171

   izeta = 2
                 rmatch =    3.607669
              splitnorm =    0.150000
                 energy =   -0.282253
                kinetic =    2.351088
    potential(screened) =   -2.633341
       potential(ionic) =   -7.706677

POLgen: Perturbative polarization orbital with L=  2

POLgen: Polarization orbital for state 3p
Split based on tail norm

   izeta = 1
                     rc =    4.927355
                 energy =    0.579957
                kinetic =    3.043342
    potential(screened) =   -2.463385
       potential(ionic) =   -6.994726
atom: Total number of Sankey-type orbitals: 13

atm_pop: Valence configuration (for local Pseudopot. screening):
 3s( 2.00)                                                            
 3p( 4.00)                                                            
 3d( 0.00)                                                            
Vna: chval, zval:    6.00000   6.00000

Vna:  Cut-off radius for the neutral-atom potential:   4.927355
comcore: Pseudo-core radius Rcore=  2.210716

atom: _________________________________________________________________________

prinput: Basis input 

PAO.BasisType split     

%block ChemicalSpeciesLabel
    1   42 Mo                      # Species index, atomic number, species label
    2   16 S                       # Species index, atomic number, species label
%endblock ChemicalSpeciesLabel

%block PAO.Basis                 # Define Basis set
# WARNING: This information might be incomplete!
Mo                    5                    # Species label, number of l-shells
 n=4   0   1                         # n, l, Nzeta 
   2.732   
   1.000   
 n=5   0   2                         # n, l, Nzeta 
   6.982      5.414   
   1.000      1.000   
 n=4   1   1                         # n, l, Nzeta 
   3.094   
   1.000   
 n=5   1   1                         # n, l, Nzeta 
   6.982   
   1.000   
 n=4   2   2                         # n, l, Nzeta 
   4.987      3.579   
   1.000      1.000   
S                     2                    # Species label, number of l-shells
 n=3   0   2                         # n, l, Nzeta 
   4.065      2.955   
   1.000      1.000   
 n=3   1   2 P   1                   # n, l, Nzeta, Polarization, NzetaPol
   4.927      3.608   
   1.000      1.000   
%endblock PAO.Basis

prinput: ----------------------------------------------------------------------

Dumping basis to NetCDF file Mo.ion.nc
Dumping basis to NetCDF file S.ion.nc
coor:   Atomic-coordinates input format  =     Fractional

siesta: Atomic coordinates (Bohr) and species
siesta:     -0.00000   3.44767   5.80618  1        1
siesta:      2.98577   1.72383   8.77198  2        2
siesta:      2.98577   1.72383   2.84038  2        3
siesta:      2.98577   1.72383  17.41855  1        4
siesta:     -0.00000   3.44767  20.38435  2        5
siesta:     -0.00000   3.44767  14.45275  2        6

siesta: System type = bulk      

initatomlists: Number of atoms, orbitals, and projectors:      6    90   108

coxmol: Writing XMOL coordinates into file mos2_bulk.xyz                                                                                                                                                                                                                       

siesta: ******************** Simulation parameters ****************************
siesta:
siesta: The following are some of the parameters of the simulation.
siesta: A complete list of the parameters used, including default values,
siesta: can be found in file out.fdf
siesta:
redata: Spin configuration                          = none
redata: Number of spin components                   = 1
redata: Time-Reversal Symmetry                      = T
redata: Spin spiral                                 = F
redata: Long output                                 =   F
redata: Number of Atomic Species                    =        2
redata: Charge density info will appear in .RHO file
redata: Write Mulliken charges (when)               = none
redata: Write Mulliken Pop.                         = NO
redata: Write Hirshfeld charges (when)              = none
redata: Write Voronoi charges (when)                = none
redata: Write spin charge (when)                    = none
redata: Matel table size (NRTAB)                    =     1024
redata: Mesh Cutoff                                 =   300.0000 Ry
redata: Net charge of the system                    =     0.0000 |e|
redata: Min. number of SCF Iter                     =        0
redata: Max. number of SCF Iter                     =      300
redata: SCF convergence failure will abort job
redata: SCF mix quantity                            = Hamiltonian
redata: Mix DM or H after convergence               =   F
redata: Recompute H after scf cycle                 =   F
redata: Mix DM in first SCF step                    =   T
redata: Write Pulay info on disk                    =   F
redata: New DM Occupancy tolerance                  = 0.000000000001
redata: No kicks to SCF
redata: DM Mixing Weight for Kicks                  =     0.5000
redata: Require Harris convergence for SCF          =   F
redata: Harris energy tolerance for SCF             =     0.000100 eV
redata: Require DM convergence for SCF              =   T
redata: DM tolerance for SCF                        =     0.000100
redata: Require EDM convergence for SCF             =   F
redata: EDM tolerance for SCF                       =     0.001000 eV
redata: Require H convergence for SCF               =   T
redata: Hamiltonian tolerance for SCF               =     0.001000 eV
redata: Require (free) Energy convergence for SCF   =   F
redata: (free) Energy tolerance for SCF             =     0.000100 eV
redata: Using DFT-D3 dispersion                     =   F
redata: Using Saved Data (generic)                  =   F
redata: Use continuation files for DM               =   T
redata: Neglect nonoverlap interactions             =   F
redata: Method of Calculation                       = Diagonalization
redata: Electronic Temperature                      =   290.1130 K
redata: Fix the spin of the system                  =   F
redata: Max. number of TDED Iter                    =        1
redata: Number of TDED substeps                     =        3
redata: Dynamics option                             = CG coord. optimization
redata: Variable cell                               =   F
redata: Use continuation files for CG               =   F
redata: Max atomic displ per move                   =     0.1058 Ang
redata: Maximum number of optimization moves        =      200
redata: Force tolerance                             =     0.0200 eV/Ang
mix.SCF: Pulay mixing                            = Pulay
mix.SCF:    Variant                              = stable
mix.SCF:    History steps                        = 2
mix.SCF:    Linear mixing weight                 =     0.050000
mix.SCF:    Mixing weight                        =     0.050000
mix.SCF:    SVD condition                        = 0.1000E-07
redata: Save all siesta data in one NC              =   F
redata: ***********************************************************************

%block SCF.Mixers
  Pulay
%endblock SCF.Mixers

%block SCF.Mixer.Pulay
  # Mixing method
  method pulay
  variant stable

  # Mixing options
  weight 0.0500
  weight.linear 0.0500
  history 2
%endblock SCF.Mixer.Pulay

DM_history_depth set to one: no extrapolation allowed by default for geometry relaxation
Size of DM history Fstack: 1
Total number of electrons:    52.000000
Total ionic charge:    52.000000
k-point displ. along   3 input, could be:     0.00    0.50
 Kpoints in:          480 . Kpoints trimmed:          458

siesta: k-grid: Number of k-points = 458
siesta: k-points from Monkhorst-Pack grid
siesta: k-cutoff (effective) =    23.700 Ang
siesta: k-point supercell and displacements
siesta: k-grid:    15     0     0      0.000
siesta: k-grid:     0    15     0      0.000
siesta: k-grid:     0     0     4      0.000

diag: Algorithm                                     = D&C
diag: Used triangular part                          = Lower
diag: Absolute tolerance                            =  0.100E-15
diag: Orthogonalization factor                      =  0.100E-05
diag: Memory factor                                 =  1.0000

superc: Internal auxiliary supercell:     5 x     5 x     3  =      75
superc: Number of atoms, orbitals, and projectors:    450   6750   8100


ts: **************************************************************
ts: Save H and S matrices                           =    F
ts: Save TSHS files in MD/FC simulation             =    F
ts: Save DM and EDM matrices                        =    F
ts: Only save the overlap matrix S                  =    F
ts: **************************************************************

************************ Begin: TS CHECKS AND WARNINGS ************************
************************ End: TS CHECKS AND WARNINGS **************************


                     ====================================
                        Begin CG opt. move =      0
                     ====================================

superc: Internal auxiliary supercell:     5 x     5 x     3  =      75
superc: Number of atoms, orbitals, and projectors:    450   6750   8100

outcell: Unit cell vectors (Ang):
        3.160000    0.000000    0.000000
       -1.580000    2.736640    0.000000
        0.000000    0.000000   12.290000

outcell: Cell vector modules (Ang)   :    3.160000    3.160000   12.290000
outcell: Cell angles (23,13,12) (deg):     90.0000     90.0000    120.0000
outcell: Cell volume (Ang**3)        :    106.2813
<dSpData1D:S at geom step 0
  <sparsity:sparsity for geom step 0
    nrows_g=90 nrows=90 sparsity=5.9158 nnzs=47918, refcount: 7>
  <dData1D:(new from dSpData1D) n=47918, refcount: 1>
refcount: 1>
new_DM -- step:     1
Initializing Density Matrix...

Attempting to read DM from file... Failed...
DM filled with atomic data:
<dSpData2D:DM initialized from atoms
  <sparsity:sparsity for geom step 0
    nrows_g=90 nrows=90 sparsity=5.9158 nnzs=47918, refcount: 8>
  <dData2D:DM n=47918 m=1, refcount: 1>
refcount: 1>
No. of atoms with KB's overlaping orbs in proc 0. Max # of overlaps:      46     151

InitMesh: MESH = 30 x 30 x 144 = 129600
InitMesh: Mesh cutoff (required, used) =   300.000   332.131 Ry
New grid distribution [1]: sub = 2

stepf: Fermi-Dirac step function

siesta: Program's energy decomposition (eV):
siesta: Ebs     =     -1448.734810
siesta: Eions   =      8936.999304
siesta: Ena     =      2430.303562
siesta: Ekin    =      1596.055412
siesta: Enl     =       494.235364
siesta: Eso     =         0.000000
siesta: Edftu   =         0.000000
siesta: DEna    =       146.943544
siesta: DUscf   =       146.691412
siesta: DUext   =         0.000000
siesta: Ex      =      -842.804038
siesta: Ec      =       -72.643719
siesta: Exc     =      -915.447757
siesta: EbV     =         0.000000
siesta: eta*DQ  =         0.000000
siesta: Emadel  =         0.000000
siesta: Emeta   =         0.000000
siesta: Emolmec =         0.000000
siesta: Ekinion =         0.000000
siesta: Eharris =     -4853.601080
siesta: Etot    =     -5038.217767
siesta: FreeEng =     -5038.217767

        iscf     Eharris(eV)        E_KS(eV)     FreeEng(eV)     dDmax    Ef(eV) dHmax(eV)
   scf:    1    -4853.601080    -5038.217767    -5038.217767  0.933090 -1.052612 37.634576
timer: Routine,Calls,Time,% = IterSCF        1       2.620  49.87
   scf:    2    -5070.638244    -5054.740422    -5054.740422  0.062110 -2.017185 33.234673
   scf:    3    -4263.517316    -4893.730662    -4893.752481  0.477269 -6.614581 51.533600
   scf:    4    -4955.355303    -5100.397078    -5100.397078  0.487025 -4.500565 18.599472
   scf:    5    -5130.965164    -5117.752426    -5117.752426  0.064348 -5.337866  9.879499
   scf:    6    -5120.907628    -5124.322791    -5124.322792  0.096698 -6.051098  2.847757
   scf:    7    -5124.545897    -5124.925703    -5124.925703  0.029866 -5.817308  1.144054
   scf:    8    -5125.139269    -5125.040031    -5125.040031  0.004786 -5.837154  0.730358
   scf:    9    -5125.255965    -5125.157713    -5125.157713  0.007241 -5.852790  0.714521
   scf:   10    -5125.310921    -5125.240403    -5125.240403  0.008222 -5.852392  0.608223
   scf:   11    -5125.353467    -5125.308420    -5125.308420  0.014595 -5.834381  0.475816
   scf:   12    -5125.329043    -5125.322289    -5125.322289  0.009472 -5.809747  0.417063
   scf:   13    -5125.325113    -5125.325197    -5125.325197  0.005208 -5.785320  0.292055
   scf:   14    -5125.330025    -5125.327961    -5125.327961  0.001271 -5.775800  0.197023
   scf:   15    -5125.332396    -5125.330414    -5125.330414  0.000766 -5.764718  0.116011
   scf:   16    -5125.333621    -5125.332097    -5125.332097  0.000525 -5.758185  0.106711
   scf:   17    -5125.336226    -5125.334345    -5125.334345  0.000985 -5.751498  0.081325
   scf:   18    -5125.336755    -5125.335677    -5125.335677  0.001060 -5.744959  0.049674
   scf:   19    -5125.336558    -5125.336234    -5125.336234  0.001185 -5.740728  0.045577
   scf:   20    -5125.336328    -5125.336302    -5125.336302  0.000455 -5.738075  0.033802
   scf:   21    -5125.336339    -5125.336328    -5125.336328  0.000174 -5.739098  0.020861
   scf:   22    -5125.336365    -5125.336348    -5125.336348  0.000049 -5.739908  0.013964
   scf:   23    -5125.336384    -5125.336368    -5125.336368  0.000069 -5.740739  0.009548
   scf:   24    -5125.336394    -5125.336381    -5125.336381  0.000064 -5.741287  0.008381
   scf:   25    -5125.336411    -5125.336398    -5125.336398  0.000138 -5.739256  0.005365
   scf:   26    -5125.336409    -5125.336404    -5125.336404  0.000123 -5.739595  0.004706
   scf:   27    -5125.336407    -5125.336406    -5125.336406  0.000086 -5.739631  0.003777
   scf:   28    -5125.336407    -5125.336406    -5125.336406  0.000022 -5.739520  0.002504
   scf:   29    -5125.336407    -5125.336407    -5125.336407  0.000010 -5.739408  0.001426
   scf:   30    -5125.336407    -5125.336407    -5125.336407  0.000007 -5.739344  0.000899

SCF Convergence by DM+H criterion
max |DM_out - DM_in|         :     0.0000067362
max |H_out - H_in|      (eV) :     0.0008992381
SCF cycle converged after 30 iterations

Using DM_out to compute the final energy and forces
No. of atoms with KB's overlaping orbs in proc 0. Max # of overlaps:      46     151

siesta: E_KS(eV) =            -5125.3364

siesta: E_KS - E_eggbox =     -5125.3364

siesta: Atomic forces (eV/Ang):
----------------------------------------
   Tot   -0.000000    0.000000    0.000000
----------------------------------------
   Max    4.424857
   Res    2.085898    sqrt( Sum f_i^2 / 3N )
----------------------------------------
   Max    4.424857    constrained

Stress tensor Voigt[x,y,z,yz,xz,xy] (kbar):      192.34      192.35      460.86       -0.00       -0.00        0.00
(Free)E + p*V (eV/cell)    -5144.0330
Target enthalpy (eV/cell)    -5125.3364

                     ====================================
                        Begin CG opt. move =      1
                     ====================================

superc: Internal auxiliary supercell:     5 x     5 x     3  =      75
superc: Number of atoms, orbitals, and projectors:    450   6750   8100

outcell: Unit cell vectors (Ang):
        3.160000    0.000000    0.000000
       -1.580000    2.736640    0.000000
        0.000000    0.000000   12.290000

outcell: Cell vector modules (Ang)   :    3.160000    3.160000   12.290000
outcell: Cell angles (23,13,12) (deg):     90.0000     90.0000    120.0000
outcell: Cell volume (Ang**3)        :    106.2813
<dSpData1D:S at geom step 1
  <sparsity:sparsity for geom step 1
    nrows_g=90 nrows=90 sparsity=5.8215 nnzs=47154, refcount: 7>
  <dData1D:(new from dSpData1D) n=47154, refcount: 1>
refcount: 1>
new_DM -- step:     2
Re-using DM from previous geometries...
Number of DMs in history: 1
 DM extrapolation coefficients: 
1   1.00000
New DM after history re-use:
<dSpData2D:SpM extrapolated using coords
  <sparsity:sparsity for geom step 1
    nrows_g=90 nrows=90 sparsity=5.8215 nnzs=47154, refcount: 9>
  <dData2D:(temp array for extrapolation) n=47154 m=1, refcount: 1>
refcount: 1>
Note: For starting DM, Qtot, Tr[D*S] =         52.00000000         52.20539532
No. of atoms with KB's overlaping orbs in proc 0. Max # of overlaps:      46     151

InitMesh: MESH = 30 x 30 x 144 = 129600
InitMesh: Mesh cutoff (required, used) =   300.000   332.131 Ry
New grid distribution [1]: sub = 2

        iscf     Eharris(eV)        E_KS(eV)     FreeEng(eV)     dDmax    Ef(eV) dHmax(eV)
   scf:    1    -5126.968668    -5126.149795    -5126.149795  0.059150 -5.802370  0.701580
   scf:    2    -5124.654786    -5125.695702    -5125.695702  0.026463 -5.496739  2.591010
   scf:    3    -5126.264252    -5126.174173    -5126.174173  0.021224 -5.745881  0.083964
   scf:    4    -5126.174871    -5126.174537    -5126.174537  0.000539 -5.745503  0.095956
   scf:    5    -5126.175700    -5126.175151    -5126.175151  0.001189 -5.742917  0.102020
   scf:    6    -5126.176035    -5126.175608    -5126.175608  0.001119 -5.739075  0.092389
   scf:    7    -5126.176586    -5126.176140    -5126.176140  0.002007 -5.731018  0.062674
   scf:    8    -5126.176405    -5126.176287    -5126.176287  0.001188 -5.725604  0.036632
   scf:    9    -5126.176332    -5126.176319    -5126.176319  0.000938 -5.721131  0.013101
   scf:   10    -5126.176321    -5126.176321    -5126.176322  0.000308 -5.719564  0.011275
   scf:   11    -5126.176325    -5126.176324    -5126.176324  0.000228 -5.718375  0.009615
   scf:   12    -5126.176337    -5126.176331    -5126.176331  0.000074 -5.718088  0.011668
   scf:   13    -5126.176351    -5126.176342    -5126.176342  0.000104 -5.718048  0.012698
   scf:   14    -5126.176356    -5126.176349    -5126.176349  0.000079 -5.718314  0.011745
   scf:   15    -5126.176361    -5126.176356    -5126.176356  0.000122 -5.718863  0.009840
   scf:   16    -5126.176360    -5126.176358    -5126.176358  0.000083 -5.719320  0.007973
   scf:   17    -5126.176361    -5126.176359    -5126.176359  0.000106 -5.719962  0.005468
   scf:   18    -5126.176361    -5126.176360    -5126.176360  0.000067 -5.720397  0.003897
   scf:   19    -5126.176361    -5126.176361    -5126.176361  0.000095 -5.721041  0.002477
   scf:   20    -5126.176362    -5126.176361    -5126.176361  0.000056 -5.721448  0.002458
   scf:   21    -5126.176362    -5126.176362    -5126.176362  0.000068 -5.721910  0.002209
   scf:   22    -5126.176363    -5126.176362    -5126.176362  0.000032 -5.722079  0.002085
   scf:   23    -5126.176363    -5126.176363    -5126.176363  0.000028 -5.722241  0.002285
   scf:   24    -5126.176363    -5126.176363    -5126.176363  0.000015 -5.722221  0.002213
   scf:   25    -5126.176363    -5126.176363    -5126.176363  0.000018 -5.722171  0.001997
   scf:   26    -5126.176363    -5126.176363    -5126.176363  0.000015 -5.722110  0.001771
   scf:   27    -5126.176364    -5126.176363    -5126.176364  0.000025 -5.721961  0.001385
   scf:   28    -5126.176364    -5126.176364    -5126.176364  0.000018 -5.721818  0.001145
   scf:   29    -5126.176364    -5126.176364    -5126.176364  0.000027 -5.721616  0.000733

SCF Convergence by DM+H criterion
max |DM_out - DM_in|         :     0.0000269661
max |H_out - H_in|      (eV) :     0.0007332704
SCF cycle converged after 29 iterations

Using DM_out to compute the final energy and forces
No. of atoms with KB's overlaping orbs in proc 0. Max # of overlaps:      46     151

siesta: E_KS(eV) =            -5126.1764

siesta: Atomic forces (eV/Ang):
----------------------------------------
   Tot   -0.000000   -0.000000   -0.000000
----------------------------------------
   Max    3.487675
   Res    1.644106    sqrt( Sum f_i^2 / 3N )
----------------------------------------
   Max    3.487675    constrained

Stress tensor Voigt[x,y,z,yz,xz,xy] (kbar):      171.47      171.48      365.93        0.00       -0.00        0.00
(Free)E + p*V (eV/cell)    -5141.8510
Target enthalpy (eV/cell)    -5126.1764

                     ====================================
                        Begin CG opt. move =      2
                     ====================================

superc: Internal auxiliary supercell:     5 x     5 x     3  =      75
superc: Number of atoms, orbitals, and projectors:    450   6750   8100

outcell: Unit cell vectors (Ang):
        3.160000    0.000000    0.000000
       -1.580000    2.736640    0.000000
        0.000000    0.000000   12.290000

outcell: Cell vector modules (Ang)   :    3.160000    3.160000   12.290000
outcell: Cell angles (23,13,12) (deg):     90.0000     90.0000    120.0000
outcell: Cell volume (Ang**3)        :    106.2813
<dSpData1D:S at geom step 2
  <sparsity:sparsity for geom step 2
    nrows_g=90 nrows=90 sparsity=5.9311 nnzs=48042, refcount: 7>
  <dData1D:(new from dSpData1D) n=48042, refcount: 1>
refcount: 1>
new_DM -- step:     3
Re-using DM from previous geometries...
Number of DMs in history: 1
 DM extrapolation coefficients: 
1   1.00000
New DM after history re-use:
<dSpData2D:SpM extrapolated using coords
  <sparsity:sparsity for geom step 2
    nrows_g=90 nrows=90 sparsity=5.9311 nnzs=48042, refcount: 9>
  <dData2D:(temp array for extrapolation) n=48042 m=1, refcount: 1>
refcount: 1>
Note: For starting DM, Qtot, Tr[D*S] =         52.00000000         52.32445492
No. of atoms with KB's overlaping orbs in proc 0. Max # of overlaps:      46     157

InitMesh: MESH = 30 x 30 x 144 = 129600
InitMesh: Mesh cutoff (required, used) =   300.000   332.131 Ry
New grid distribution [1]: sub = 2

        iscf     Eharris(eV)        E_KS(eV)     FreeEng(eV)     dDmax    Ef(eV) dHmax(eV)
   scf:    1    -5127.742374    -5126.978771    -5126.978905  0.069309 -5.835644  1.256577
   scf:    2    -5123.436009    -5125.924650    -5125.924651  0.043877 -5.240330  4.056069
   scf:    3    -5127.318330    -5127.056483    -5127.056527  0.034122 -5.708242  0.097979
   scf:    4    -5127.058215    -5127.057441    -5127.057488  0.000726 -5.710728  0.128782
   scf:    5    -5127.058728    -5127.058100    -5127.058149  0.000850 -5.708699  0.134306
   scf:    6    -5127.060600    -5127.059425    -5127.059477  0.002299 -5.701352  0.131438
   scf:    7    -5127.060773    -5127.060124    -5127.060178  0.001725 -5.694131  0.112954
   scf:    8    -5127.061336    -5127.060800    -5127.060856  0.003104 -5.679615  0.064921
   scf:    9    -5127.060968    -5127.060898    -5127.060954  0.001388 -5.672263  0.033434
   scf:   10    -5127.060876    -5127.060897    -5127.060954  0.001070 -5.666275  0.015556
   scf:   11    -5127.060916    -5127.060908    -5127.060964  0.000205 -5.664959  0.012564
   scf:   12    -5127.060941    -5127.060927    -5127.060982  0.000140 -5.664178  0.019752
   scf:   13    -5127.060958    -5127.060943    -5127.060998  0.000122 -5.664436  0.020463
   scf:   14    -5127.060997    -5127.060972    -5127.061026  0.000294 -5.665418  0.019453
   scf:   15    -5127.061000    -5127.060986    -5127.061041  0.000213 -5.666415  0.016817
   scf:   16    -5127.061013    -5127.061001    -5127.061056  0.000371 -5.668379  0.011618
   scf:   17    -5127.061007    -5127.061005    -5127.061059  0.000183 -5.669540  0.007802
   scf:   18    -5127.061005    -5127.061005    -5127.061060  0.000200 -5.670954  0.003664
   scf:   19    -5127.061005    -5127.061005    -5127.061060  0.000070 -5.671555  0.003527
   scf:   20    -5127.061006    -5127.061006    -5127.061060  0.000085 -5.672238  0.003387
   scf:   21    -5127.061007    -5127.061006    -5127.061061  0.000033 -5.672453  0.003959
   scf:   22    -5127.061008    -5127.061007    -5127.061062  0.000034 -5.672628  0.004221
   scf:   23    -5127.061009    -5127.061008    -5127.061062  0.000020 -5.672593  0.003897
   scf:   24    -5127.061009    -5127.061009    -5127.061063  0.000038 -5.672454  0.003170
   scf:   25    -5127.061009    -5127.061009    -5127.061064  0.000026 -5.672316  0.002642
   scf:   26    -5127.061010    -5127.061009    -5127.061064  0.000046 -5.672043  0.001713
   scf:   27    -5127.061009    -5127.061009    -5127.061064  0.000026 -5.671866  0.001335
   scf:   28    -5127.061009    -5127.061009    -5127.061064  0.000043 -5.671540  0.000966

SCF Convergence by DM+H criterion
max |DM_out - DM_in|         :     0.0000434238
max |H_out - H_in|      (eV) :     0.0009658459
SCF cycle converged after 28 iterations

Using DM_out to compute the final energy and forces
No. of atoms with KB's overlaping orbs in proc 0. Max # of overlaps:      46     157

siesta: E_KS(eV) =            -5127.0610

siesta: Atomic forces (eV/Ang):
----------------------------------------
   Tot    0.000000   -0.000000   -0.000000
----------------------------------------
   Max    1.661823
   Res    0.783391    sqrt( Sum f_i^2 / 3N )
----------------------------------------
   Max    1.661823    constrained

Stress tensor Voigt[x,y,z,yz,xz,xy] (kbar):      125.69      125.70      190.73        0.00        0.00        0.01
(Free)E + p*V (eV/cell)    -5136.8371
Target enthalpy (eV/cell)    -5127.0611

                     ====================================
                        Begin CG opt. move =      3
                     ====================================

superc: Internal auxiliary supercell:     5 x     5 x     3  =      75
superc: Number of atoms, orbitals, and projectors:    450   6750   8100

outcell: Unit cell vectors (Ang):
        3.160000    0.000000    0.000000
       -1.580000    2.736640    0.000000
        0.000000    0.000000   12.290000

outcell: Cell vector modules (Ang)   :    3.160000    3.160000   12.290000
outcell: Cell angles (23,13,12) (deg):     90.0000     90.0000    120.0000
outcell: Cell volume (Ang**3)        :    106.2813
<dSpData1D:S at geom step 3
  <sparsity:sparsity for geom step 3
    nrows_g=90 nrows=90 sparsity=5.9099 nnzs=47870, refcount: 7>
  <dData1D:(new from dSpData1D) n=47870, refcount: 1>
refcount: 1>
new_DM -- step:     4
Re-using DM from previous geometries...
Number of DMs in history: 1
 DM extrapolation coefficients: 
1   1.00000
New DM after history re-use:
<dSpData2D:SpM extrapolated using coords
  <sparsity:sparsity for geom step 3
    nrows_g=90 nrows=90 sparsity=5.9099 nnzs=47870, refcount: 9>
  <dData2D:(temp array for extrapolation) n=47870 m=1, refcount: 1>
refcount: 1>
Note: For starting DM, Qtot, Tr[D*S] =         52.00000000         52.38025135
No. of atoms with KB's overlaping orbs in proc 0. Max # of overlaps:      46     157

InitMesh: MESH = 30 x 30 x 144 = 129600
InitMesh: Mesh cutoff (required, used) =   300.000   332.131 Ry
New grid distribution [1]: sub = 2

        iscf     Eharris(eV)        E_KS(eV)     FreeEng(eV)     dDmax    Ef(eV) dHmax(eV)
   scf:    1    -5126.669506    -5127.041665    -5127.045541  0.104049 -5.896202  1.698230
   scf:    2    -5122.268393    -5125.658275    -5125.659063  0.053853 -5.006194  4.802409
   scf:    3    -5127.605878    -5127.182532    -5127.185362  0.040396 -5.653735  0.154335
   scf:    4    -5127.186369    -5127.184733    -5127.187649  0.000858 -5.663122  0.132366
   scf:    5    -5127.186291    -5127.185525    -5127.188456  0.000771 -5.660878  0.126718
   scf:    6    -5127.190423    -5127.188270    -5127.191264  0.004197 -5.646412  0.134320
   scf:    7    -5127.189302    -5127.188801    -5127.191802  0.001426 -5.639249  0.119787
   scf:    8    -5127.189883    -5127.189459    -5127.192468  0.004327 -5.615491  0.058527
   scf:    9    -5127.189573    -5127.189522    -5127.192523  0.000779 -5.609787  0.036177
   scf:   10    -5127.189590    -5127.189570    -5127.192555  0.000879 -5.603012  0.022183
   scf:   11    -5127.189640    -5127.189606    -5127.192587  0.000110 -5.602924  0.020212
   scf:   12    -5127.189725    -5127.189672    -5127.192642  0.000329 -5.603241  0.019348
   scf:   13    -5127.189695    -5127.189684    -5127.192653  0.000111 -5.603781  0.018956
   scf:   14    -5127.189755    -5127.189724    -5127.192689  0.000677 -5.607431  0.014228
   scf:   15    -5127.189732    -5127.189728    -5127.192694  0.000214 -5.608935  0.011118
   scf:   16    -5127.189723    -5127.189727    -5127.192695  0.000400 -5.611947  0.005033
   scf:   17    -5127.189725    -5127.189726    -5127.192696  0.000045 -5.612418  0.003431
   scf:   18    -5127.189723    -5127.189724    -5127.192697  0.000043 -5.612967  0.002844
   scf:   19    -5127.189725    -5127.189725    -5127.192697  0.000021 -5.612921  0.002992
   scf:   20    -5127.189724    -5127.189725    -5127.192698  0.000081 -5.612678  0.003197
   scf:   21    -5127.189725    -5127.189725    -5127.192699  0.000026 -5.612545  0.002932
   scf:   22    -5127.189725    -5127.189725    -5127.192699  0.000113 -5.611920  0.001507
   scf:   23    -5127.189726    -5127.189725    -5127.192699  0.000029 -5.611714  0.001027
   scf:   24    -5127.189726    -5127.189726    -5127.192699  0.000040 -5.611389  0.000562

SCF Convergence by DM+H criterion
max |DM_out - DM_in|         :     0.0000395765
max |H_out - H_in|      (eV) :     0.0005622669
SCF cycle converged after 24 iterations

Using DM_out to compute the final energy and forces
No. of atoms with KB's overlaping orbs in proc 0. Max # of overlaps:      46     157

siesta: E_KS(eV) =            -5127.1897

siesta: Atomic forces (eV/Ang):
----------------------------------------
   Tot   -0.000000   -0.000000   -0.000000
----------------------------------------
   Max    1.108997
   Res    0.522786    sqrt( Sum f_i^2 / 3N )
----------------------------------------
   Max    1.108997    constrained

Stress tensor Voigt[x,y,z,yz,xz,xy] (kbar):       41.36       41.37      -44.44       -0.00        0.00        0.01
(Free)E + p*V (eV/cell)    -5128.0393
Target enthalpy (eV/cell)    -5127.1927

                     ====================================
                        Begin CG opt. move =      4
                     ====================================

superc: Internal auxiliary supercell:     5 x     5 x     3  =      75
superc: Number of atoms, orbitals, and projectors:    450   6750   8100

outcell: Unit cell vectors (Ang):
        3.160000    0.000000    0.000000
       -1.580000    2.736640    0.000000
        0.000000    0.000000   12.290000

outcell: Cell vector modules (Ang)   :    3.160000    3.160000   12.290000
outcell: Cell angles (23,13,12) (deg):     90.0000     90.0000    120.0000
outcell: Cell volume (Ang**3)        :    106.2813
<dSpData1D:S at geom step 4
  <sparsity:sparsity for geom step 4
    nrows_g=90 nrows=90 sparsity=5.9148 nnzs=47910, refcount: 7>
  <dData1D:(new from dSpData1D) n=47910, refcount: 1>
refcount: 1>
new_DM -- step:     5
Re-using DM from previous geometries...
Number of DMs in history: 1
 DM extrapolation coefficients: 
1   1.00000
New DM after history re-use:
<dSpData2D:SpM extrapolated using coords
  <sparsity:sparsity for geom step 4
    nrows_g=90 nrows=90 sparsity=5.9148 nnzs=47910, refcount: 9>
  <dData2D:(temp array for extrapolation) n=47910 m=1, refcount: 1>
refcount: 1>
Note: For starting DM, Qtot, Tr[D*S] =         52.00000000         51.84614706
No. of atoms with KB's overlaping orbs in proc 0. Max # of overlaps:      46     157

InitMesh: MESH = 30 x 30 x 144 = 129600
InitMesh: Mesh cutoff (required, used) =   300.000   332.131 Ry
New grid distribution [1]: sub = 2

        iscf     Eharris(eV)        E_KS(eV)     FreeEng(eV)     dDmax    Ef(eV) dHmax(eV)
   scf:    1    -5127.391653    -5127.259326    -5127.260449  0.043888 -5.552995  0.664601
   scf:    2    -5126.328584    -5126.981606    -5126.983281  0.020992 -5.869258  2.079971
   scf:    3    -5127.347423    -5127.279938    -5127.281265  0.015927 -5.631817  0.070154
   scf:    4    -5127.280244    -5127.280093    -5127.281422  0.000435 -5.635492  0.065625
   scf:    5    -5127.281159    -5127.280649    -5127.281982  0.001826 -5.648552  0.043793
   scf:    6    -5127.281208    -5127.280939    -5127.282272  0.001173 -5.655283  0.027831
   scf:    7    -5127.281321    -5127.281153    -5127.282485  0.001491 -5.662959  0.015869
   scf:    8    -5127.281204    -5127.281182    -5127.282513  0.000402 -5.664444  0.014331
   scf:    9    -5127.281190    -5127.281189    -5127.282520  0.000352 -5.665438  0.011685
   scf:   10    -5127.281190    -5127.281190    -5127.282520  0.000043 -5.665307  0.010096
   scf:   11    -5127.281189    -5127.281190    -5127.282519  0.000111 -5.664823  0.006845
   scf:   12    -5127.281192    -5127.281191    -5127.282520  0.000063 -5.664458  0.006600
   scf:   13    -5127.281198    -5127.281195    -5127.282523  0.000229 -5.663091  0.005105
   scf:   14    -5127.281199    -5127.281197    -5127.282525  0.000115 -5.662355  0.003824
   scf:   15    -5127.281200    -5127.281199    -5127.282526  0.000154 -5.661423  0.002398
   scf:   16    -5127.281200    -5127.281199    -5127.282527  0.000046 -5.661182  0.002682
   scf:   17    -5127.281200    -5127.281200    -5127.282528  0.000055 -5.660937  0.002859
   scf:   18    -5127.281200    -5127.281200    -5127.282528  0.000032 -5.660859  0.002701
   scf:   19    -5127.281201    -5127.281200    -5127.282529  0.000075 -5.660724  0.002061
   scf:   20    -5127.281201    -5127.281201    -5127.282529  0.000050 -5.660673  0.001503
   scf:   21    -5127.281201    -5127.281201    -5127.282529  0.000067 -5.660639  0.000989

SCF Convergence by DM+H criterion
max |DM_out - DM_in|         :     0.0000669312
max |H_out - H_in|      (eV) :     0.0009887905
SCF cycle converged after 21 iterations

Using DM_out to compute the final energy and forces
No. of atoms with KB's overlaping orbs in proc 0. Max # of overlaps:      46     157

siesta: E_KS(eV) =            -5127.2812

siesta: Atomic forces (eV/Ang):
----------------------------------------
   Tot    0.000000    0.000000   -0.000000
----------------------------------------
   Max    0.047151
   Res    0.022227    sqrt( Sum f_i^2 / 3N )
----------------------------------------
   Max    0.047151    constrained

Stress tensor Voigt[x,y,z,yz,xz,xy] (kbar):       79.30       79.31       49.61       -0.00        0.00        0.01
(Free)E + p*V (eV/cell)    -5131.8866
Target enthalpy (eV/cell)    -5127.2825

cgvc: Finished line minimization    1.  Mean atomic displacement =    0.1639

                     ====================================
                        Begin CG opt. move =      5
                     ====================================

superc: Internal auxiliary supercell:     5 x     5 x     3  =      75
superc: Number of atoms, orbitals, and projectors:    450   6750   8100

outcell: Unit cell vectors (Ang):
        3.160000    0.000000    0.000000
       -1.580000    2.736640    0.000000
        0.000000    0.000000   12.290000

outcell: Cell vector modules (Ang)   :    3.160000    3.160000   12.290000
outcell: Cell angles (23,13,12) (deg):     90.0000     90.0000    120.0000
outcell: Cell volume (Ang**3)        :    106.2813
<dSpData1D:S at geom step 5
  <sparsity:sparsity for geom step 5
    nrows_g=90 nrows=90 sparsity=5.9519 nnzs=48210, refcount: 7>
  <dData1D:(new from dSpData1D) n=48210, refcount: 1>
refcount: 1>
new_DM -- step:     6
Re-using DM from previous geometries...
Number of DMs in history: 1
 DM extrapolation coefficients: 
1   1.00000
New DM after history re-use:
<dSpData2D:SpM extrapolated using coords
  <sparsity:sparsity for geom step 5
    nrows_g=90 nrows=90 sparsity=5.9519 nnzs=48210, refcount: 9>
  <dData2D:(temp array for extrapolation) n=48210 m=1, refcount: 1>
refcount: 1>
Note: For starting DM, Qtot, Tr[D*S] =         52.00000000         52.34927945
No. of atoms with KB's overlaping orbs in proc 0. Max # of overlaps:      46     157

InitMesh: MESH = 30 x 30 x 144 = 129600
InitMesh: Mesh cutoff (required, used) =   300.000   332.131 Ry
New grid distribution [1]: sub = 2

        iscf     Eharris(eV)        E_KS(eV)     FreeEng(eV)     dDmax    Ef(eV) dHmax(eV)
   scf:    1    -5124.976546    -5126.506912    -5126.509294  0.109527 -5.909516  1.766776
   scf:    2    -5121.965816    -5125.207903    -5125.211844  0.053371 -4.889765  4.724730
   scf:    3    -5127.087974    -5126.657235    -5126.661635  0.039810 -5.681072  0.172981
   scf:    4    -5126.662116    -5126.659953    -5126.664275  0.001093 -5.690094  0.151632
   scf:    5    -5126.661930    -5126.660965    -5126.665268  0.000715 -5.688275  0.137377
   scf:    6    -5126.665585    -5126.663539    -5126.667782  0.002868 -5.678429  0.138184
   scf:    7    -5126.664818    -5126.664201    -5126.668435  0.001327 -5.671492  0.129578
   scf:    8    -5126.665679    -5126.665083    -5126.669306  0.003967 -5.648495  0.094832
   scf:    9    -5126.665262    -5126.665184    -5126.669420  0.001268 -5.639255  0.064684
   scf:   10    -5126.665236    -5126.665228    -5126.669485  0.001199 -5.629236  0.028326
   scf:   11    -5126.665321    -5126.665278    -5126.669545  0.000156 -5.627722  0.026563
   scf:   12    -5126.665372    -5126.665332    -5126.669611  0.000157 -5.626464  0.023088
   scf:   13    -5126.665370    -5126.665352    -5126.669633  0.000112 -5.626711  0.020431
   scf:   14    -5126.665407    -5126.665383    -5126.669668  0.000279 -5.627699  0.019474
   scf:   15    -5126.665414    -5126.665399    -5126.669687  0.000262 -5.628983  0.019536
   scf:   16    -5126.665425    -5126.665413    -5126.669700  0.000336 -5.630951  0.017511
   scf:   17    -5126.665430    -5126.665422    -5126.669707  0.000343 -5.633240  0.013340
   scf:   18    -5126.665433    -5126.665428    -5126.669709  0.000176 -5.634626  0.009185
   scf:   19    -5126.665435    -5126.665432    -5126.669711  0.000062 -5.635262  0.006048
   scf:   20    -5126.665436    -5126.665434    -5126.669712  0.000029 -5.635539  0.003954
   scf:   21    -5126.665437    -5126.665435    -5126.669712  0.000021 -5.635661  0.002603
   scf:   22    -5126.665437    -5126.665436    -5126.669713  0.000017 -5.635716  0.001758
   scf:   23    -5126.665437    -5126.665437    -5126.669713  0.000013 -5.635741  0.001178
   scf:   24    -5126.665437    -5126.665437    -5126.669713  0.000011 -5.635747  0.000831

SCF Convergence by DM+H criterion
max |DM_out - DM_in|         :     0.0000113930
max |H_out - H_in|      (eV) :     0.0008314240
SCF cycle converged after 24 iterations

Using DM_out to compute the final energy and forces
No. of atoms with KB's overlaping orbs in proc 0. Max # of overlaps:      46     157

siesta: E_KS(eV) =            -5126.6654

siesta: Atomic forces (eV/Ang):
----------------------------------------
   Tot   -0.000006    0.000005    0.000000
----------------------------------------
   Max    2.972885
   Res    1.418017    sqrt( Sum f_i^2 / 3N )
----------------------------------------
   Max    2.972885    constrained

Stress tensor Voigt[x,y,z,yz,xz,xy] (kbar):      -25.27      -34.00     -185.91       -0.00       -0.00       -7.23
(Free)E + p*V (eV/cell)    -5121.2484
Target enthalpy (eV/cell)    -5126.6697

                     ====================================
                        Begin CG opt. move =      6
                     ====================================

superc: Internal auxiliary supercell:     5 x     5 x     3  =      75
superc: Number of atoms, orbitals, and projectors:    450   6750   8100

outcell: Unit cell vectors (Ang):
        3.160000    0.000000    0.000000
       -1.580000    2.736640    0.000000
        0.000000    0.000000   12.290000

outcell: Cell vector modules (Ang)   :    3.160000    3.160000   12.290000
outcell: Cell angles (23,13,12) (deg):     90.0000     90.0000    120.0000
outcell: Cell volume (Ang**3)        :    106.2813
<dSpData1D:S at geom step 6
  <sparsity:sparsity for geom step 6
    nrows_g=90 nrows=90 sparsity=5.9148 nnzs=47910, refcount: 7>
  <dData1D:(new from dSpData1D) n=47910, refcount: 1>
refcount: 1>
new_DM -- step:     7
Re-using DM from previous geometries...
Number of DMs in history: 1
 DM extrapolation coefficients: 
1   1.00000
New DM after history re-use:
<dSpData2D:SpM extrapolated using coords
  <sparsity:sparsity for geom step 6
    nrows_g=90 nrows=90 sparsity=5.9148 nnzs=47910, refcount: 9>
  <dData2D:(temp array for extrapolation) n=47910 m=1, refcount: 1>
refcount: 1>
Note: For starting DM, Qtot, Tr[D*S] =         52.00000000         51.63155227
No. of atoms with KB's overlaping orbs in proc 0. Max # of overlaps:      46     157

InitMesh: MESH = 30 x 30 x 144 = 129600
InitMesh: Mesh cutoff (required, used) =   300.000   332.131 Ry
New grid distribution [1]: sub = 2

        iscf     Eharris(eV)        E_KS(eV)     FreeEng(eV)     dDmax    Ef(eV) dHmax(eV)
   scf:    1    -5127.827615    -5127.159699    -5127.160435  0.110006 -5.375655  1.570301
   scf:    2    -5121.835126    -5125.560504    -5125.565063  0.049921 -6.215252  4.980563
   scf:    3    -5127.632574    -5127.272447    -5127.273778  0.037763 -5.572581  0.229035
   scf:    4    -5127.274211    -5127.273454    -5127.274795  0.001425 -5.588953  0.176654
   scf:    5    -5127.277265    -5127.275406    -5127.276751  0.002218 -5.606508  0.150364
   scf:    6    -5127.281452    -5127.278545    -5127.279891  0.004112 -5.633662  0.096150
   scf:    7    -5127.282060    -5127.280415    -5127.281760  0.003467 -5.653133  0.055558
   scf:    8    -5127.281692    -5127.281136    -5127.282481  0.002462 -5.664978  0.038382
   scf:    9    -5127.281342    -5127.281262    -5127.282606  0.001025 -5.668683  0.034309
   scf:   10    -5127.281264    -5127.281273    -5127.282617  0.000558 -5.669953  0.028098
   scf:   11    -5127.281259    -5127.281268    -5127.282612  0.000200 -5.669830  0.023485
   scf:   12    -5127.281256    -5127.281264    -5127.282607  0.000197 -5.669146  0.019225
   scf:   13    -5127.281272    -5127.281268    -5127.282611  0.000233 -5.668090  0.018723
   scf:   14    -5127.281295    -5127.281283    -5127.282625  0.000413 -5.666071  0.016078
   scf:   15    -5127.281315    -5127.281300    -5127.282642  0.000372 -5.664085  0.012240
   scf:   16    -5127.281325    -5127.281314    -5127.282656  0.000319 -5.662207  0.010172
   scf:   17    -5127.281329    -5127.281322    -5127.282664  0.000196 -5.661089  0.011245
   scf:   18    -5127.281334    -5127.281329    -5127.282671  0.000187 -5.660100  0.011437
   scf:   19    -5127.281339    -5127.281334    -5127.282676  0.000174 -5.659303  0.010481
   scf:   20    -5127.281343    -5127.281339    -5127.282681  0.000204 -5.658430  0.008179
   scf:   21    -5127.281345    -5127.281342    -5127.282684  0.000172 -5.657833  0.005639
   scf:   22    -5127.281347    -5127.281345    -5127.282687  0.000156 -5.657462  0.003555
   scf:   23    -5127.281348    -5127.281346    -5127.282688  0.000105 -5.657372  0.003317
   scf:   24    -5127.281349    -5127.281348    -5127.282690  0.000112 -5.657438  0.003986
   scf:   25    -5127.281349    -5127.281349    -5127.282691  0.000114 -5.657646  0.004459
   scf:   26    -5127.281350    -5127.281349    -5127.282692  0.000143 -5.658032  0.004489
   scf:   27    -5127.281350    -5127.281350    -5127.282692  0.000127 -5.658486  0.004138
   scf:   28    -5127.281350    -5127.281350    -5127.282692  0.000108 -5.658976  0.004012
   scf:   29    -5127.281350    -5127.281350    -5127.282692  0.000061 -5.659350  0.003527
   scf:   30    -5127.281350    -5127.281350    -5127.282692  0.000045 -5.659663  0.002863
   scf:   31    -5127.281350    -5127.281350    -5127.282692  0.000032 -5.659877  0.002219
   scf:   32    -5127.281350    -5127.281350    -5127.282693  0.000028 -5.660054  0.001558
   scf:   33    -5127.281350    -5127.281350    -5127.282693  0.000028 -5.660163  0.001061
   scf:   34    -5127.281350    -5127.281350    -5127.282693  0.000034 -5.660228  0.001015
   scf:   35    -5127.281351    -5127.281350    -5127.282693  0.000034 -5.660238  0.000985

SCF Convergence by DM+H criterion
max |DM_out - DM_in|         :     0.0000338242
max |H_out - H_in|      (eV) :     0.0009852273
SCF cycle converged after 35 iterations

Using DM_out to compute the final energy and forces
No. of atoms with KB's overlaping orbs in proc 0. Max # of overlaps:      46     157

siesta: E_KS(eV) =            -5127.2814

siesta: Atomic forces (eV/Ang):
----------------------------------------
   Tot   -0.000001    0.000000    0.000000
----------------------------------------
   Max    0.003606
   Res    0.002184    sqrt( Sum f_i^2 / 3N )
----------------------------------------
   Max    0.003606    constrained

Stress tensor Voigt[x,y,z,yz,xz,xy] (kbar):       77.71       77.70       45.64       -0.00        0.00        0.01
(Free)E + p*V (eV/cell)    -5131.7284
Target enthalpy (eV/cell)    -5127.2827

outcoor: Relaxed atomic coordinates (fractional):           
    0.33330245    0.66669988    0.25000000   1       1  Mo
    0.66667867    0.33332035    0.36120753   2       2  S
    0.66667867    0.33332035    0.13879247   2       3  S
    0.66669755    0.33330013    0.75000000   1       4  Mo
    0.33332133    0.66667965    0.86120753   2       5  S
    0.33332133    0.66667965    0.63879247   2       6  S

coxmol: Writing XMOL coordinates into file mos2_bulk.xyz                                                                                                                                                                                                                       

siesta: Program's energy decomposition (eV):
siesta: Ebs     =     -1180.887061
siesta: Eions   =      8936.999304
siesta: Ena     =      2420.453097
siesta: Ekin    =      1730.415509
siesta: Enl     =       537.350667
siesta: Eso     =         0.000000
siesta: Edftu   =         0.000000
siesta: DEna    =        37.690849
siesta: DUscf   =        15.191054
siesta: DUext   =         0.000000
siesta: Ex      =      -856.255449
siesta: Ec      =       -75.127772
siesta: Exc     =      -931.383221
siesta: EbV     =         0.000000
siesta: eta*DQ  =         0.000000
siesta: Emadel  =         0.000000
siesta: Emeta   =         0.000000
siesta: Emolmec =         0.000000
siesta: Ekinion =         0.000000
siesta: Eharris =     -5127.281351
siesta: Etot    =     -5127.281350
siesta: FreeEng =     -5127.282693

siesta: Final energy (eV):
siesta:  Band Struct. =   -1180.887061
siesta:       Kinetic =    1730.415509
siesta:       Hartree =    1736.480797
siesta:         Edftu =       0.000000
siesta:       Eso     =       0.000000
siesta:    Ext. field =       0.000000
siesta:         Exch. =    -856.255449
siesta:         Corr. =     -75.127772
siesta:     Bulk bias =       0.000000
siesta:   Exch.-corr. =    -931.383221
siesta:  Ion-electron =   -5436.845027
siesta:       Ion-ion =   -2225.949408
siesta:       Ekinion =       0.000000
siesta: D3 dispersion =       0.000000
siesta:         Total =   -5127.281350
siesta:         Fermi =      -5.660238

siesta: Stress tensor (static) (eV/Ang**3):
siesta:     0.048502    0.000004   -0.000000
siesta:     0.000004    0.048499   -0.000000
siesta:     0.000000   -0.000000    0.028487

siesta: Cell volume =        106.281256 Ang**3

siesta: Pressure (static):
siesta:                Solid            Molecule  Units
siesta:          -0.00045558         -0.00045465  Ry/Bohr**3
siesta:          -0.04182938         -0.04174366  eV/Ang**3
siesta:         -67.01806141        -66.88071459  kBar

Basis Enthalpy Calculation:
    Basis Pressure for species 1(Mo) :      0.2000000 GPa
    Basis Pressure for species 2(S) :      0.2000000 GPa

    Orbital volume contribution        =           2.816990 eV
    (Free)E + p_basis*V_orbitals       =       -5124.465703 eV
    (Free)Eharris+ p_basis*V_orbitals  =       -5124.465703 eV
WARNING: BASIS_ENTHALPY and BASIS_HARRIS_ENTHALPY files are deprecated. They will be removed in future releases.
Please use system_label.BASIS_ENTHALPY in your scripts instead.

cite: Please indicate the Siesta version in published work: 5.4.2
cite: This calculation has made use of features in the following articles
cite: which we encourage you to cite in published work.
cite: (Please see "mos2_bulk.bib" for a BibTeX file.)
        Primary SIESTA paper
          DOI: www.doi.org/10.1088/0953-8984/14/11/302
        PSML pseudopotential format
          DOI: www.doi.org/10.1016/j.cpc.2018.02.011


timer: Elapsed wall time (sec) =     510.841
timer: CPU execution times (sec):

Routine            Calls   Time/call    Tot.time        %
siesta                 1     510.367     510.367   100.00
Setup                  1       0.145       0.145     0.03
bands                  1       0.000       0.000     0.00
KSV_init               1       0.000       0.000     0.00
IterGeom               7      72.886     510.199    99.97
geom_init              7       1.254       8.781     1.72
state_init             7       0.229       1.601     0.31
hsparse                7       0.009       0.064     0.01
overlap                7       0.008       0.054     0.01
Setup_H0               7       0.683       4.780     0.94
naefs                 14       0.000       0.001     0.00
dnaefs                 7       0.000       0.001     0.00
two-body               7       0.000       0.000     0.00
MolMec                14       0.000       0.000     0.00
kinefsm               14       0.008       0.110     0.02
nlefsm                14       0.032       0.453     0.09
DHSCF_Init             7       0.650       4.549     0.89
DHSCF1                 7       0.022       0.155     0.03
InitMesh               7       0.022       0.154     0.03
INITMESH               7       0.000       0.000     0.00
DHSCF2                 7       0.628       4.394     0.86
REMESH                 7       0.118       0.824     0.16
REORD                515       0.000       0.068     0.01
PHION                  7       0.445       3.115     0.61
COMM_BSC             841       0.000       0.076     0.01
POISON               212       0.003       0.742     0.15
fft                  424       0.001       0.562     0.11
setup_H              198       0.334      66.221    12.98
DHSCF                205       0.354      72.565    14.22
DHSCF3               205       0.335      68.589    13.44
rhoofd               205       0.151      30.978     6.07
XC                   205       0.067      13.800     2.70
GXC-CellXC           205       0.067      13.763     2.70
gridxc@cellXC        205       0.067      13.762     2.70
vmat                 205       0.111      22.823     4.47
IterSCF              191       2.590     494.642    96.92
compute_dm           191       2.255     430.654    84.38
diagon               191       2.255     430.638    84.38
c-eigval           87478       0.001     116.664    22.86
c-buildHS          87478       0.001      49.104     9.62
cdiag             174956       0.001     220.086    43.12
cdiag1            174956       0.000      12.001     2.35
cdiag2            174956       0.000      46.375     9.09
cdiag3            174956       0.001     152.509    29.88
c-eigvec           87478       0.002     201.553    39.49
cdiag4             87478       0.000       8.021     1.57
c-buildD           87478       0.001     111.513    21.85
MIXER                184       0.000       0.059     0.01
PostSCF                7       0.967       6.770     1.33
FINAL_HF               7       0.967       6.770     1.33
DHSCF4                 7       0.568       3.976     0.78
dfscf                  7       0.502       3.513     0.69
overfsm                7       0.008       0.054     0.01
writeHSX               7       0.001       0.004     0.00
state_analysis         7       0.000       0.001     0.00
siesta_move            7       0.000       0.002     0.00
Analysis               1       0.017       0.017     0.00
optical                1       0.000       0.000     0.00
  

>> End of run:  24-MAY-2026  17:21:50
Job completed
Job completed
